Archive member included because of file (symbol)

c:/program files (x86)/atmel/studio/7.0/toolchain/arm/arm-gnu-toolchain/bin/../lib/gcc/arm-none-eabi/4.9.3/../../../../arm-none-eabi/lib/armv7e-m\libc.a(lib_a-exit.o)
                              c:/program files (x86)/atmel/studio/7.0/toolchain/arm/arm-gnu-toolchain/bin/../lib/gcc/arm-none-eabi/4.9.3/../../../../arm-none-eabi/lib/armv7e-m/crt0.o (exit)
c:/program files (x86)/atmel/studio/7.0/toolchain/arm/arm-gnu-toolchain/bin/../lib/gcc/arm-none-eabi/4.9.3/../../../../arm-none-eabi/lib/armv7e-m\libc.a(lib_a-impure.o)
                              c:/program files (x86)/atmel/studio/7.0/toolchain/arm/arm-gnu-toolchain/bin/../lib/gcc/arm-none-eabi/4.9.3/../../../../arm-none-eabi/lib/armv7e-m\libc.a(lib_a-exit.o) (_global_impure_ptr)
c:/program files (x86)/atmel/studio/7.0/toolchain/arm/arm-gnu-toolchain/bin/../lib/gcc/arm-none-eabi/4.9.3/../../../../arm-none-eabi/lib/armv7e-m\libc.a(lib_a-init.o)
                              c:/program files (x86)/atmel/studio/7.0/toolchain/arm/arm-gnu-toolchain/bin/../lib/gcc/arm-none-eabi/4.9.3/../../../../arm-none-eabi/lib/armv7e-m/crt0.o (__libc_init_array)
c:/program files (x86)/atmel/studio/7.0/toolchain/arm/arm-gnu-toolchain/bin/../lib/gcc/arm-none-eabi/4.9.3/../../../../arm-none-eabi/lib/armv7e-m\libc.a(lib_a-iprintf.o)
                              src/ASF/sam/utils/syscalls/gcc/syscalls.o (iprintf)
c:/program files (x86)/atmel/studio/7.0/toolchain/arm/arm-gnu-toolchain/bin/../lib/gcc/arm-none-eabi/4.9.3/../../../../arm-none-eabi/lib/armv7e-m\libc.a(lib_a-iscanf.o)
                              src/spi_example.o (iscanf)
c:/program files (x86)/atmel/studio/7.0/toolchain/arm/arm-gnu-toolchain/bin/../lib/gcc/arm-none-eabi/4.9.3/../../../../arm-none-eabi/lib/armv7e-m\libc.a(lib_a-memset.o)
                              c:/program files (x86)/atmel/studio/7.0/toolchain/arm/arm-gnu-toolchain/bin/../lib/gcc/arm-none-eabi/4.9.3/../../../../arm-none-eabi/lib/armv7e-m/crt0.o (memset)
c:/program files (x86)/atmel/studio/7.0/toolchain/arm/arm-gnu-toolchain/bin/../lib/gcc/arm-none-eabi/4.9.3/../../../../arm-none-eabi/lib/armv7e-m\libc.a(lib_a-puts.o)
                              src/spi_example.o (puts)
c:/program files (x86)/atmel/studio/7.0/toolchain/arm/arm-gnu-toolchain/bin/../lib/gcc/arm-none-eabi/4.9.3/../../../../arm-none-eabi/lib/armv7e-m\libc.a(lib_a-setbuf.o)
                              src/spi_example.o (setbuf)
c:/program files (x86)/atmel/studio/7.0/toolchain/arm/arm-gnu-toolchain/bin/../lib/gcc/arm-none-eabi/4.9.3/../../../../arm-none-eabi/lib/armv7e-m\libc.a(lib_a-setvbuf.o)
                              c:/program files (x86)/atmel/studio/7.0/toolchain/arm/arm-gnu-toolchain/bin/../lib/gcc/arm-none-eabi/4.9.3/../../../../arm-none-eabi/lib/armv7e-m\libc.a(lib_a-setbuf.o) (setvbuf)
c:/program files (x86)/atmel/studio/7.0/toolchain/arm/arm-gnu-toolchain/bin/../lib/gcc/arm-none-eabi/4.9.3/../../../../arm-none-eabi/lib/armv7e-m\libc.a(lib_a-strlen.o)
                              c:/program files (x86)/atmel/studio/7.0/toolchain/arm/arm-gnu-toolchain/bin/../lib/gcc/arm-none-eabi/4.9.3/../../../../arm-none-eabi/lib/armv7e-m\libc.a(lib_a-puts.o) (strlen)
c:/program files (x86)/atmel/studio/7.0/toolchain/arm/arm-gnu-toolchain/bin/../lib/gcc/arm-none-eabi/4.9.3/../../../../arm-none-eabi/lib/armv7e-m\libc.a(lib_a-vfiprintf.o)
                              c:/program files (x86)/atmel/studio/7.0/toolchain/arm/arm-gnu-toolchain/bin/../lib/gcc/arm-none-eabi/4.9.3/../../../../arm-none-eabi/lib/armv7e-m\libc.a(lib_a-iprintf.o) (_vfiprintf_r)
c:/program files (x86)/atmel/studio/7.0/toolchain/arm/arm-gnu-toolchain/bin/../lib/gcc/arm-none-eabi/4.9.3/../../../../arm-none-eabi/lib/armv7e-m\libc.a(lib_a-vfiscanf.o)
                              c:/program files (x86)/atmel/studio/7.0/toolchain/arm/arm-gnu-toolchain/bin/../lib/gcc/arm-none-eabi/4.9.3/../../../../arm-none-eabi/lib/armv7e-m\libc.a(lib_a-iscanf.o) (__svfiscanf_r)
c:/program files (x86)/atmel/studio/7.0/toolchain/arm/arm-gnu-toolchain/bin/../lib/gcc/arm-none-eabi/4.9.3/../../../../arm-none-eabi/lib/armv7e-m\libc.a(lib_a-wsetup.o)
                              c:/program files (x86)/atmel/studio/7.0/toolchain/arm/arm-gnu-toolchain/bin/../lib/gcc/arm-none-eabi/4.9.3/../../../../arm-none-eabi/lib/armv7e-m\libc.a(lib_a-vfiprintf.o) (__swsetup_r)
c:/program files (x86)/atmel/studio/7.0/toolchain/arm/arm-gnu-toolchain/bin/../lib/gcc/arm-none-eabi/4.9.3/../../../../arm-none-eabi/lib/armv7e-m\libc.a(lib_a-__call_atexit.o)
                              c:/program files (x86)/atmel/studio/7.0/toolchain/arm/arm-gnu-toolchain/bin/../lib/gcc/arm-none-eabi/4.9.3/../../../../arm-none-eabi/lib/armv7e-m\libc.a(lib_a-exit.o) (__call_exitprocs)
c:/program files (x86)/atmel/studio/7.0/toolchain/arm/arm-gnu-toolchain/bin/../lib/gcc/arm-none-eabi/4.9.3/../../../../arm-none-eabi/lib/armv7e-m\libc.a(lib_a-atexit.o)
[...]
Memory Configuration

Name             Origin             Length             Attributes
rom              0x00400000         0x00080000         xr
ram              0x20000000         0x00028000         xrw
*default*        0x00000000         0xffffffff

Linker script and memory map

LOAD c:/program files (x86)/atmel/studio/7.0/toolchain/arm/arm-gnu-toolchain/bin/../lib/gcc/arm-none-eabi/4.9.3/armv7e-m/crti.o
LOAD c:/program files (x86)/atmel/studio/7.0/toolchain/arm/arm-gnu-toolchain/bin/../lib/gcc/arm-none-eabi/4.9.3/armv7e-m/crtbegin.o
LOAD c:/program files (x86)/atmel/studio/7.0/toolchain/arm/arm-gnu-toolchain/bin/../lib/gcc/arm-none-eabi/4.9.3/../../../../arm-none-eabi/lib/armv7e-m/crt0.o
LOAD src/ASF/common/services/clock/samg/sysclk.o
LOAD src/ASF/common/services/serial/usart_serial.o
LOAD src/ASF/common/services/sleepmgr/sam/sleepmgr.o
LOAD src/ASF/common/utils/interrupt/interrupt_sam_nvic.o
LOAD src/ASF/common/utils/stdio/read.o
LOAD src/ASF/common/utils/stdio/write.o
LOAD src/ASF/sam/boards/samg55_xplained_pro/board_init.o
LOAD src/ASF/sam/drivers/efc/efc.o
LOAD src/ASF/sam/drivers/flexcom/flexcom.o
LOAD src/ASF/sam/drivers/pmc/pmc.o
LOAD src/ASF/sam/drivers/pmc/sleep.o
LOAD src/ASF/sam/drivers/spi/spi.o
LOAD src/ASF/sam/drivers/supc/supc.o
LOAD src/ASF/sam/drivers/usart/usart.o
LOAD src/ASF/sam/utils/cmsis/samg/samg55/source/templates/gcc/startup_samg55.o
LOAD src/ASF/sam/utils/cmsis/samg/samg55/source/templates/system_samg55.o
LOAD src/ASF/sam/utils/syscalls/gcc/syscalls.o
LOAD src/spi_example.o
START GROUP
LOAD ../src/ASF/thirdparty/CMSIS/Lib/GCC\libarm_cortexM4lf_math_softfp.a
LOAD c:/program files (x86)/atmel/studio/7.0/toolchain/arm/arm-gnu-toolchain/bin/../lib/gcc/arm-none-eabi/4.9.3/../../../../arm-none-eabi/lib/armv7e-m\libm.a
END GROUP
START GROUP
LOAD c:/program files (x86)/atmel/studio/7.0/toolchain/arm/arm-gnu-toolchain/bin/../lib/gcc/arm-none-eabi/4.9.3/armv7e-m\libgcc.a
LOAD c:/program files (x86)/atmel/studio/7.0/toolchain/arm/arm-gnu-toolchain/bin/../lib/gcc/arm-none-eabi/4.9.3/../../../../arm-none-eabi/lib/armv7e-m\libc.a
END GROUP
LOAD c:/program files (x86)/atmel/studio/7.0/toolchain/arm/arm-gnu-toolchain/bin/../lib/gcc/arm-none-eabi/4.9.3/armv7e-m/crtend.o
LOAD c:/program files (x86)/atmel/studio/7.0/toolchain/arm/arm-gnu-toolchain/bin/../lib/gcc/arm-none-eabi/4.9.3/armv7e-m/crtn.o
                0x00003000                __stack_size__ = DEFINED (__stack_size__)?__stack_size__:0x3000
                0x20027ffc                __ram_end__ = ((ORIGIN (ram) + 0x28000) - 0x4)

.text           0x00400000     0x5fe0
                0x00400000                . = ALIGN (0x4)
                0x00400000                _sfixed = .
 *(.vectors .vectors.*)
 .vectors       0x00400000      0x148 src/ASF/sam/utils/cmsis/samg/samg55/source/templates/gcc/startup_samg55.o
                0x00400000                exception_table
 *(.text .text.* .gnu.linkonce.t.*)
 .text          0x00400148       0x5c c:/program files (x86)/atmel/studio/7.0/toolchain/arm/arm-gnu-toolchain/bin/../lib/gcc/arm-none-eabi/4.9.3/armv7e-m/crtbegin.o
 .text.sysclk_init
                0x004001a4       0xb0 src/ASF/common/services/clock/samg/sysclk.o
                0x004001a4                sysclk_init
 .text._read    0x00400254       0x3c src/ASF/common/utils/stdio/read.o
                0x00400254                _read
 .text._write   0x00400290       0x50 src/ASF/common/utils/stdio/write.o
                0x00400290                _write
 .text.system_board_init
                0x004002e0      0x128 src/ASF/sam/boards/samg55_xplained_pro/board_init.o
                0x004002e0                board_init
                0x004002e0                system_board_init
 .text.flexcom_enable
                0x00400408      0x17c src/ASF/sam/drivers/flexcom/flexcom.o
                0x00400408                flexcom_enable
 .text.flexcom_set_opmode
                0x00400584        0x4 src/ASF/sam/drivers/flexcom/flexcom.o
                0x00400584                flexcom_set_opmode
 .text.pmc_switch_mck_to_pllack
                0x00400588       0x68 src/ASF/sam/drivers/pmc/pmc.o
                0x00400588                pmc_switch_mck_to_pllack
 .text.pmc_switch_sclk_to_32kxtal
                0x004005f0       0x24 src/ASF/sam/drivers/pmc/pmc.o
                0x004005f0                pmc_switch_sclk_to_32kxtal
 .text.pmc_osc_is_ready_32kxtal
                0x00400614       0x20 src/ASF/sam/drivers/pmc/pmc.o
                0x00400614                pmc_osc_is_ready_32kxtal
 .text.pmc_disable_pllack
                0x00400634        0xc src/ASF/sam/drivers/pmc/pmc.o
                0x00400634                pmc_disable_pllack
 .text.pmc_is_locked_pllack
                0x00400640       0x10 src/ASF/sam/drivers/pmc/pmc.o
                0x00400640                pmc_is_locked_pllack
 .text.pmc_enable_periph_clk
                0x00400650       0x54 src/ASF/sam/drivers/pmc/pmc.o
                0x00400650                pmc_enable_periph_clk
 .text.pmc_switch_pck_to_mck
                0x004006a4       0x44 src/ASF/sam/drivers/pmc/pmc.o
                0x004006a4                pmc_switch_pck_to_mck
 .text.pmc_enable_pck
                0x004006e8       0x10 src/ASF/sam/drivers/pmc/pmc.o
                0x004006e8                pmc_enable_pck
 .text.pmc_disable_pck
                0x004006f8       0x10 src/ASF/sam/drivers/pmc/pmc.o
                0x004006f8                pmc_disable_pck
 .text.spi_set_peripheral_chip_select_value
                0x00400708       0x18 src/ASF/sam/drivers/spi/spi.o
                0x00400708                spi_set_peripheral_chip_select_value
 .text.spi_read
                0x00400720       0x40 src/ASF/sam/drivers/spi/spi.o
                0x00400720                spi_read
 .text.spi_write
                0x00400760       0x38 src/ASF/sam/drivers/spi/spi.o
                0x00400760                spi_write
 .text.spi_set_clock_polarity
                0x00400798       0x20 src/ASF/sam/drivers/spi/spi.o
                0x00400798                spi_set_clock_polarity
 .text.spi_set_clock_phase
                0x004007b8       0x20 src/ASF/sam/drivers/spi/spi.o
                0x004007b8                spi_set_clock_phase
 .text.spi_set_bits_per_transfer
                0x004007d8       0x14 src/ASF/sam/drivers/spi/spi.o
                0x004007d8                spi_set_bits_per_transfer
 .text.spi_set_baudrate_div
                0x004007ec       0x18 src/ASF/sam/drivers/spi/spi.o
                0x004007ec                spi_set_baudrate_div
 .text.spi_set_transfer_delay
                0x00400804       0x20 src/ASF/sam/drivers/spi/spi.o
                0x00400804                spi_set_transfer_delay
 .text.supc_set_regulator_trim_user
                0x00400824       0x1c src/ASF/sam/drivers/supc/supc.o
                0x00400824                supc_set_regulator_trim_user
 .text.usart_set_async_baudrate
                0x00400840       0x64 src/ASF/sam/drivers/usart/usart.o
                0x00400840                usart_set_async_baudrate
 .text.usart_reset
                0x004008a4       0x28 src/ASF/sam/drivers/usart/usart.o
                0x004008a4                usart_reset
 .text.usart_init_rs232
                0x004008cc       0x54 src/ASF/sam/drivers/usart/usart.o
                0x004008cc                usart_init_rs232
 .text.usart_enable_tx
                0x00400920        0x8 src/ASF/sam/drivers/usart/usart.o
                0x00400920                usart_enable_tx
 .text.usart_enable_rx
                0x00400928        0x8 src/ASF/sam/drivers/usart/usart.o
                0x00400928                usart_enable_rx
 .text.usart_write
                0x00400930       0x14 src/ASF/sam/drivers/usart/usart.o
                0x00400930                usart_write
 .text.usart_read
                0x00400944       0x18 src/ASF/sam/drivers/usart/usart.o
                0x00400944                usart_read
 .text.Dummy_Handler
                0x0040095c        0x4 src/ASF/sam/utils/cmsis/samg/samg55/source/templates/gcc/startup_samg55.o
                0x0040095c                FLEXCOM1_Handler
                0x0040095c                DebugMon_Handler
                0x0040095c                HardFault_Handler
                0x0040095c                TC2_Handler
                0x0040095c                FLEXCOM4_Handler
                0x0040095c                SysTick_Handler
                0x0040095c                PendSV_Handler
                0x0040095c                NMI_Handler
                0x0040095c                ADC_Handler
                0x0040095c                CRCCU_Handler
                0x0040095c                RTT_Handler
                0x0040095c                FLEXCOM6_Handler
                0x0040095c                PIOB_Handler
                0x0040095c                RTC_Handler
                0x0040095c                UsageFault_Handler
                0x0040095c                FLEXCOM0_Handler
                0x0040095c                PDMIC1_Handler
                0x0040095c                WDT_Handler
                0x0040095c                TC4_Handler
                0x0040095c                TC1_Handler
                0x0040095c                TC3_Handler
                0x0040095c                ARM_Handler
                0x0040095c                Dummy_Handler
                0x0040095c                PIOA_Handler
                0x0040095c                MEM2MEM_Handler
                0x0040095c                PMC_Handler
                0x0040095c                PDMIC0_Handler
                0x0040095c                MemManage_Handler
                0x0040095c                SUPC_Handler
                0x0040095c                SVC_Handler
                0x0040095c                UHP_Handler
                0x0040095c                EFC_Handler
                0x0040095c                FLEXCOM7_Handler
                0x0040095c                I2SC0_Handler
                0x0040095c                I2SC1_Handler
                0x0040095c                FLEXCOM2_Handler
                0x0040095c                UDP_Handler
                0x0040095c                FLEXCOM3_Handler
                0x0040095c                BusFault_Handler
                0x0040095c                RSTC_Handler
                0x0040095c                TC0_Handler
                0x0040095c                TC5_Handler
 .text.Reset_Handler
                0x00400960       0xe4 src/ASF/sam/utils/cmsis/samg/samg55/source/templates/gcc/startup_samg55.o
                0x00400960                Reset_Handler
 .text.SystemCoreClockUpdate
                0x00400a44       0xe8 src/ASF/sam/utils/cmsis/samg/samg55/source/templates/system_samg55.o
                0x00400a44                SystemCoreClockUpdate
 .text.system_init_flash
                0x00400b2c       0x74 src/ASF/sam/utils/cmsis/samg/samg55/source/templates/system_samg55.o
                0x00400b2c                system_init_flash
 .text._sbrk    0x00400ba0       0x34 src/ASF/sam/utils/syscalls/gcc/syscalls.o
                0x00400ba0                _sbrk
 .text._close   0x00400bd4        0x8 src/ASF/sam/utils/syscalls/gcc/syscalls.o
                0x00400bd4                _close
 .text._fstat   0x00400bdc        0xc src/ASF/sam/utils/syscalls/gcc/syscalls.o
                0x00400bdc                _fstat
 .text._isatty  0x00400be8        0x4 src/ASF/sam/utils/syscalls/gcc/syscalls.o
                0x00400be8                _isatty
 .text._lseek   0x00400bec        0x4 src/ASF/sam/utils/syscalls/gcc/syscalls.o
                0x00400bec                _lseek
 .text.spi_slave_transfer
                0x00400bf0       0x34 src/spi_example.o
 .text.spi_master_transfer
                0x00400c24       0x58 src/spi_example.o
 .text.usart_serial_getchar
                0x00400c7c      0x104 src/spi_example.o
 .text.usart_serial_putchar
                0x00400d80       0xec src/spi_example.o
 .text.display_menu
                0x00400e6c       0x40 src/spi_example.o
 .text.spi_master_initialize
                0x00400eac       0xbc src/spi_example.o
 .text.FLEXCOM5_Handler
                0x00400f68      0x188 src/spi_example.o
                0x00400f68                FLEXCOM5_Handler
 .text.main     0x004010f0      0x404 src/spi_example.o
                0x004010f0                main
 .text.__libc_init_array
                0x004014f4       0x50 c:/program files (x86)/atmel/studio/7.0/toolchain/arm/arm-gnu-toolchain/bin/../lib/gcc/arm-none-eabi/4.9.3/../../../../arm-none-eabi/lib/armv7e-m\libc.a(lib_a-init.o)
                0x004014f4                __libc_init_array
 .text.iprintf  0x00401544       0x28 c:/program files (x86)/atmel/studio/7.0/toolchain/arm/arm-gnu-toolchain/bin/../lib/gcc/arm-none-eabi/4.9.3/../../../../arm-none-eabi/lib/armv7e-m\libc.a(lib_a-iprintf.o)
                0x00401544                iprintf
 .text.iscanf   0x0040156c       0x28 c:/program files (x86)/atmel/studio/7.0/toolchain/arm/arm-gnu-toolchain/bin/../lib/gcc/arm-none-eabi/4.9.3/../../../../arm-none-eabi/lib/armv7e-m\libc.a(lib_a-iscanf.o)
                0x0040156c                iscanf
 .text.memset   0x00401594       0x9c c:/program files (x86)/atmel/studio/7.0/toolchain/arm/arm-gnu-toolchain/bin/../lib/gcc/arm-none-eabi/4.9.3/../../../../arm-none-eabi/lib/armv7e-m\libc.a(lib_a-memset.o)
                0x00401594                memset
 .text._puts_r  0x00401630       0x5c c:/program files (x86)/atmel/studio/7.0/toolchain/arm/arm-gnu-toolchain/bin/../lib/gcc/arm-none-eabi/4.9.3/../../../../arm-none-eabi/lib/armv7e-m\libc.a(lib_a-puts.o)
                0x00401630                _puts_r
 .text.puts     0x0040168c       0x10 c:/program files (x86)/atmel/studio/7.0/toolchain/arm/arm-gnu-toolchain/bin/../lib/gcc/arm-none-eabi/4.9.3/../../../../arm-none-eabi/lib/armv7e-m\libc.a(lib_a-puts.o)
                0x0040168c                puts
 .text.setbuf   0x0040169c       0x10 c:/program files (x86)/atmel/studio/7.0/toolchain/arm/arm-gnu-toolchain/bin/../lib/gcc/arm-none-eabi/4.9.3/../../../../arm-none-eabi/lib/armv7e-m\libc.a(lib_a-setbuf.o)
                0x0040169c                setbuf
 .text.setvbuf  0x004016ac       0xf8 c:/program files (x86)/atmel/studio/7.0/toolchain/arm/arm-gnu-toolchain/bin/../lib/gcc/arm-none-eabi/4.9.3/../../../../arm-none-eabi/lib/armv7e-m\libc.a(lib_a-setvbuf.o)
                0x004016ac                setvbuf
 .text.strlen   0x004017a4       0x5c c:/program files (x86)/atmel/studio/7.0/toolchain/arm/arm-gnu-toolchain/bin/../lib/gcc/arm-none-eabi/4.9.3/../../../../arm-none-eabi/lib/armv7e-m\libc.a(lib_a-strlen.o)
                0x004017a4                strlen
 .text.__sprint_r.part.0
                0x00401800       0x78 c:/program files (x86)/atmel/studio/7.0/toolchain/arm/arm-gnu-toolchain/bin/../lib/gcc/arm-none-eabi/4.9.3/../../../../arm-none-eabi/lib/armv7e-m\libc.a(lib_a-vfiprintf.o)
 .text._vfiprintf_r
                0x00401878      0xc10 c:/program files (x86)/atmel/studio/7.0/toolchain/arm/arm-gnu-toolchain/bin/../lib/gcc/arm-none-eabi/4.9.3/../../../../arm-none-eabi/lib/armv7e-m\libc.a(lib_a-vfiprintf.o)
                0x00401878                _vfiprintf_r
 .text.__sbprintf
                0x00402488       0x78 c:/program files (x86)/atmel/studio/7.0/toolchain/arm/arm-gnu-toolchain/bin/../lib/gcc/arm-none-eabi/4.9.3/../../../../arm-none-eabi/lib/armv7e-m\libc.a(lib_a-vfiprintf.o)
 .text.__svfiscanf_r
                0x00402500      0x9b8 c:/program files (x86)/atmel/studio/7.0/toolchain/arm/arm-gnu-toolchain/bin/../lib/gcc/arm-none-eabi/4.9.3/../../../../arm-none-eabi/lib/armv7e-m\libc.a(lib_a-vfiscanf.o)
                0x00402500                __svfiscanf_r
 .text.__swsetup_r
                0x00402eb8       0xc4 c:/program files (x86)/atmel/studio/7.0/toolchain/arm/arm-gnu-toolchain/bin/../lib/gcc/arm-none-eabi/4.9.3/../../../../arm-none-eabi/lib/armv7e-m\libc.a(lib_a-wsetup.o)
                0x00402eb8                __swsetup_r
 .text.startup.register_fini
                0x00402f7c       0x14 c:/program files (x86)/atmel/studio/7.0/toolchain/arm/arm-gnu-toolchain/bin/../lib/gcc/arm-none-eabi/4.9.3/../../../../arm-none-eabi/lib/armv7e-m\libc.a(lib_a-__call_atexit.o)
 .text.atexit   0x00402f90        0xc c:/program files (x86)/atmel/studio/7.0/toolchain/arm/arm-gnu-toolchain/bin/../lib/gcc/arm-none-eabi/4.9.3/../../../../arm-none-eabi/lib/armv7e-m\libc.a(lib_a-atexit.o)
                0x00402f90                atexit
 .text.__sflush_r
                0x00402f9c      0x154 c:/program files (x86)/atmel/studio/7.0/toolchain/arm/arm-gnu-toolchain/bin/../lib/gcc/arm-none-eabi/4.9.3/../../../../arm-none-eabi/lib/armv7e-m\libc.a(lib_a-fflush.o)
                0x00402f9c                __sflush_r
 .text._fflush_r
                0x004030f0       0x2c c:/program files (x86)/atmel/studio/7.0/toolchain/arm/arm-gnu-toolchain/bin/../lib/gcc/arm-none-eabi/4.9.3/../../../../arm-none-eabi/lib/armv7e-m\libc.a(lib_a-fflush.o)
                0x004030f0                _fflush_r
 .text.fflush   0x0040311c       0x24 c:/program files (x86)/atmel/studio/7.0/toolchain/arm/arm-gnu-toolchain/bin/../lib/gcc/arm-none-eabi/4.9.3/../../../../arm-none-eabi/lib/armv7e-m\libc.a(lib_a-fflush.o)
                0x0040311c                fflush
 .text._cleanup_r
                0x00403140        0xc c:/program files (x86)/atmel/studio/7.0/toolchain/arm/arm-gnu-toolchain/bin/../lib/gcc/arm-none-eabi/4.9.3/../../../../arm-none-eabi/lib/armv7e-m\libc.a(lib_a-findfp.o)
                0x00403140                _cleanup_r
 .text.__sinit.part.1
                0x0040314c       0xf0 c:/program files (x86)/atmel/studio/7.0/toolchain/arm/arm-gnu-toolchain/bin/../lib/gcc/arm-none-eabi/4.9.3/../../../../arm-none-eabi/lib/armv7e-m\libc.a(lib_a-findfp.o)
 .text.__sinit  0x0040323c        0xc c:/program files (x86)/atmel/studio/7.0/toolchain/arm/arm-gnu-toolchain/bin/../lib/gcc/arm-none-eabi/4.9.3/../../../../arm-none-eabi/lib/armv7e-m\libc.a(lib_a-findfp.o)
                0x0040323c                __sinit
 .text.__sfp_lock_acquire
                0x00403248        0x4 c:/program files (x86)/atmel/studio/7.0/toolchain/arm/arm-gnu-toolchain/bin/../lib/gcc/arm-none-eabi/4.9.3/../../../../arm-none-eabi/lib/armv7e-m\libc.a(lib_a-findfp.o)
                0x00403248                __sfp_lock_acquire
 .text.__sfp_lock_release
                0x0040324c        0x4 c:/program files (x86)/atmel/studio/7.0/toolchain/arm/arm-gnu-toolchain/bin/../lib/gcc/arm-none-eabi/4.9.3/../../../../arm-none-eabi/lib/armv7e-m\libc.a(lib_a-findfp.o)
                0x0040324c                __sfp_lock_release
 .text.__libc_fini_array
                0x00403250       0x2c c:/program files (x86)/atmel/studio/7.0/toolchain/arm/arm-gnu-toolchain/bin/../lib/gcc/arm-none-eabi/4.9.3/../../../../arm-none-eabi/lib/armv7e-m\libc.a(lib_a-fini.o)
                0x00403250                __libc_fini_array
 .text.__fputwc
                0x0040327c       0xb0 c:/program files (x86)/atmel/studio/7.0/toolchain/arm/arm-gnu-toolchain/bin/../lib/gcc/arm-none-eabi/4.9.3/../../../../arm-none-eabi/lib/armv7e-m\libc.a(lib_a-fputwc.o)
                0x0040327c                __fputwc
 .text._fputwc_r
                0x0040332c       0x24 c:/program files (x86)/atmel/studio/7.0/toolchain/arm/arm-gnu-toolchain/bin/../lib/gcc/arm-none-eabi/4.9.3/../../../../arm-none-eabi/lib/armv7e-m\libc.a(lib_a-fputwc.o)
                0x0040332c                _fputwc_r
 .text._fread_r
                0x00403350      0x194 c:/program files (x86)/atmel/studio/7.0/toolchain/arm/arm-gnu-toolchain/bin/../lib/gcc/arm-none-eabi/4.9.3/../../../../arm-none-eabi/lib/armv7e-m\libc.a(lib_a-fread.o)
                0x00403350                _fread_r
 .text._malloc_trim_r
                0x004034e4       0x9c c:/program files (x86)/atmel/studio/7.0/toolchain/arm/arm-gnu-toolchain/bin/../lib/gcc/arm-none-eabi/4.9.3/../../../../arm-none-eabi/lib/armv7e-m\libc.a(lib_a-freer.o)
                0x004034e4                _malloc_trim_r
 .text._free_r  0x00403580      0x1b0 c:/program files (x86)/atmel/studio/7.0/toolchain/arm/arm-gnu-toolchain/bin/../lib/gcc/arm-none-eabi/4.9.3/../../../../arm-none-eabi/lib/armv7e-m\libc.a(lib_a-freer.o)
                0x00403580                _free_r
 .text.__sfvwrite_r
                0x00403730      0x318 c:/program files (x86)/atmel/studio/7.0/toolchain/arm/arm-gnu-toolchain/bin/../lib/gcc/arm-none-eabi/4.9.3/../../../../arm-none-eabi/lib/armv7e-m\libc.a(lib_a-fvwrite.o)
                0x00403730                __sfvwrite_r
 .text._fwalk   0x00403a48       0x4c c:/program files (x86)/atmel/studio/7.0/toolchain/arm/arm-gnu-toolchain/bin/../lib/gcc/arm-none-eabi/4.9.3/../../../../arm-none-eabi/lib/armv7e-m\libc.a(lib_a-fwalk.o)
                0x00403a48                _fwalk
 .text._fwalk_reent
                0x00403a94       0x54 c:/program files (x86)/atmel/studio/7.0/toolchain/arm/arm-gnu-toolchain/bin/../lib/gcc/arm-none-eabi/4.9.3/../../../../arm-none-eabi/lib/armv7e-m\libc.a(lib_a-fwalk.o)
                0x00403a94                _fwalk_reent
 .text.iswspace
                0x00403ae8       0x1c c:/program files (x86)/atmel/studio/7.0/toolchain/arm/arm-gnu-toolchain/bin/../lib/gcc/arm-none-eabi/4.9.3/../../../../arm-none-eabi/lib/armv7e-m\libc.a(lib_a-iswspace.o)
                0x00403ae8                iswspace
 .text.__locale_charset
                0x00403b04        0x8 c:/program files (x86)/atmel/studio/7.0/toolchain/arm/arm-gnu-toolchain/bin/../lib/gcc/arm-none-eabi/4.9.3/../../../../arm-none-eabi/lib/armv7e-m\libc.a(lib_a-locale.o)
                0x00403b04                __locale_charset
 .text.__locale_mb_cur_max
                0x00403b0c        0xc c:/program files (x86)/atmel/studio/7.0/toolchain/arm/arm-gnu-toolchain/bin/../lib/gcc/arm-none-eabi/4.9.3/../../../../arm-none-eabi/lib/armv7e-m\libc.a(lib_a-locale.o)
                0x00403b0c                __locale_mb_cur_max
 .text.__smakebuf_r
                0x00403b18       0xe0 c:/program files (x86)/atmel/studio/7.0/toolchain/arm/arm-gnu-toolchain/bin/../lib/gcc/arm-none-eabi/4.9.3/../../../../arm-none-eabi/lib/armv7e-m\libc.a(lib_a-makebuf.o)
                0x00403b18                __smakebuf_r
 .text.malloc   0x00403bf8       0x10 c:/program files (x86)/atmel/studio/7.0/toolchain/arm/arm-gnu-toolchain/bin/../lib/gcc/arm-none-eabi/4.9.3/../../../../arm-none-eabi/lib/armv7e-m\libc.a(lib_a-malloc.o)
                0x00403bf8                malloc
 .text._malloc_r
                0x00403c08      0x524 c:/program files (x86)/atmel/studio/7.0/toolchain/arm/arm-gnu-toolchain/bin/../lib/gcc/arm-none-eabi/4.9.3/../../../../arm-none-eabi/lib/armv7e-m\libc.a(lib_a-mallocr.o)
                0x00403c08                _malloc_r
 .text._mbrtowc_r
                0x0040412c       0x5c c:/program files (x86)/atmel/studio/7.0/toolchain/arm/arm-gnu-toolchain/bin/../lib/gcc/arm-none-eabi/4.9.3/../../../../arm-none-eabi/lib/armv7e-m\libc.a(lib_a-mbrtowc.o)
                0x0040412c                _mbrtowc_r
 .text.__ascii_mbtowc
                0x00404188       0x2c c:/program files (x86)/atmel/studio/7.0/toolchain/arm/arm-gnu-toolchain/bin/../lib/gcc/arm-none-eabi/4.9.3/../../../../arm-none-eabi/lib/armv7e-m\libc.a(lib_a-mbtowc_r.o)
                0x00404188                __ascii_mbtowc
 .text.memchr   0x004041b4       0x94 c:/program files (x86)/atmel/studio/7.0/toolchain/arm/arm-gnu-toolchain/bin/../lib/gcc/arm-none-eabi/4.9.3/../../../../arm-none-eabi/lib/armv7e-m\libc.a(lib_a-memchr.o)
                0x004041b4                memchr
 .text          0x00404248      0x134 c:/program files (x86)/atmel/studio/7.0/toolchain/arm/arm-gnu-toolchain/bin/../lib/gcc/arm-none-eabi/4.9.3/../../../../arm-none-eabi/lib/armv7e-m\libc.a(lib_a-memcpy.o)
                0x00404248                memcpy
 .text.memmove  0x0040437c       0xc8 c:/program files (x86)/atmel/studio/7.0/toolchain/arm/arm-gnu-toolchain/bin/../lib/gcc/arm-none-eabi/4.9.3/../../../../arm-none-eabi/lib/armv7e-m\libc.a(lib_a-memmove.o)
                0x0040437c                memmove
 .text.__malloc_lock
                0x00404444        0x4 c:/program files (x86)/atmel/studio/7.0/toolchain/arm/arm-gnu-toolchain/bin/../lib/gcc/arm-none-eabi/4.9.3/../../../../arm-none-eabi/lib/armv7e-m\libc.a(lib_a-mlock.o)
                0x00404444                __malloc_lock
 .text.__malloc_unlock
                0x00404448        0x4 c:/program files (x86)/atmel/studio/7.0/toolchain/arm/arm-gnu-toolchain/bin/../lib/gcc/arm-none-eabi/4.9.3/../../../../arm-none-eabi/lib/armv7e-m\libc.a(lib_a-mlock.o)
                0x00404448                __malloc_unlock
 .text._realloc_r
                0x0040444c      0x3ec c:/program files (x86)/atmel/studio/7.0/toolchain/arm/arm-gnu-toolchain/bin/../lib/gcc/arm-none-eabi/4.9.3/../../../../arm-none-eabi/lib/armv7e-m\libc.a(lib_a-reallocr.o)
                0x0040444c                _realloc_r
 .text.lflush   0x00404838       0x14 c:/program files (x86)/atmel/studio/7.0/toolchain/arm/arm-gnu-toolchain/bin/../lib/gcc/arm-none-eabi/4.9.3/../../../../arm-none-eabi/lib/armv7e-m\libc.a(lib_a-refill.o)
 .text.__srefill_r
                0x0040484c      0x110 c:/program files (x86)/atmel/studio/7.0/toolchain/arm/arm-gnu-toolchain/bin/../lib/gcc/arm-none-eabi/4.9.3/../../../../arm-none-eabi/lib/armv7e-m\libc.a(lib_a-refill.o)
                0x0040484c                __srefill_r
 .text._sbrk_r  0x0040495c       0x24 c:/program files (x86)/atmel/studio/7.0/toolchain/arm/arm-gnu-toolchain/bin/../lib/gcc/arm-none-eabi/4.9.3/../../../../arm-none-eabi/lib/armv7e-m\libc.a(lib_a-sbrkr.o)
                0x0040495c                _sbrk_r
 .text.__sccl   0x00404980       0x78 c:/program files (x86)/atmel/studio/7.0/toolchain/arm/arm-gnu-toolchain/bin/../lib/gcc/arm-none-eabi/4.9.3/../../../../arm-none-eabi/lib/armv7e-m\libc.a(lib_a-sccl.o)
                0x00404980                __sccl
 .text.__sread  0x004049f8       0x24 c:/program files (x86)/atmel/studio/7.0/toolchain/arm/arm-gnu-toolchain/bin/../lib/gcc/arm-none-eabi/4.9.3/../../../../arm-none-eabi/lib/armv7e-m\libc.a(lib_a-stdio.o)
                0x004049f8                __sread
 .text.__swrite
                0x00404a1c       0x38 c:/program files (x86)/atmel/studio/7.0/toolchain/arm/arm-gnu-toolchain/bin/../lib/gcc/arm-none-eabi/4.9.3/../../../../arm-none-eabi/lib/armv7e-m\libc.a(lib_a-stdio.o)
                0x00404a1c                __swrite
 .text.__sseek  0x00404a54       0x20 c:/program files (x86)/atmel/studio/7.0/toolchain/arm/arm-gnu-toolchain/bin/../lib/gcc/arm-none-eabi/4.9.3/../../../../arm-none-eabi/lib/armv7e-m\libc.a(lib_a-stdio.o)
                0x00404a54                __sseek
 .text.__sclose
                0x00404a74        0x8 c:/program files (x86)/atmel/studio/7.0/toolchain/arm/arm-gnu-toolchain/bin/../lib/gcc/arm-none-eabi/4.9.3/../../../../arm-none-eabi/lib/armv7e-m\libc.a(lib_a-stdio.o)
                0x00404a74                __sclose
 .text._strtol_r
                0x00404a7c      0x11c c:/program files (x86)/atmel/studio/7.0/toolchain/arm/arm-gnu-toolchain/bin/../lib/gcc/arm-none-eabi/4.9.3/../../../../arm-none-eabi/lib/armv7e-m\libc.a(lib_a-strtol.o)
                0x00404a7c                _strtol_r
 .text._strtoll_r
                0x00404b98      0x1cc c:/program files (x86)/atmel/studio/7.0/toolchain/arm/arm-gnu-toolchain/bin/../lib/gcc/arm-none-eabi/4.9.3/../../../../arm-none-eabi/lib/armv7e-m\libc.a(lib_a-strtoll_r.o)
                0x00404b98                _strtoll_r
 .text._strtoul_r
                0x00404d64      0x128 c:/program files (x86)/atmel/studio/7.0/toolchain/arm/arm-gnu-toolchain/bin/../lib/gcc/arm-none-eabi/4.9.3/../../../../arm-none-eabi/lib/armv7e-m\libc.a(lib_a-strtoul.o)
                0x00404d64                _strtoul_r
 .text._strtoull_r
                0x00404e8c      0x1d8 c:/program files (x86)/atmel/studio/7.0/toolchain/arm/arm-gnu-toolchain/bin/../lib/gcc/arm-none-eabi/4.9.3/../../../../arm-none-eabi/lib/armv7e-m\libc.a(lib_a-strtoull_r.o)
                0x00404e8c                _strtoull_r
 .text.__submore
                0x00405064       0x78 c:/program files (x86)/atmel/studio/7.0/toolchain/arm/arm-gnu-toolchain/bin/../lib/gcc/arm-none-eabi/4.9.3/../../../../arm-none-eabi/lib/armv7e-m\libc.a(lib_a-ungetc.o)
                0x00405064                __submore
 .text._ungetc_r
                0x004050dc       0xd4 c:/program files (x86)/atmel/studio/7.0/toolchain/arm/arm-gnu-toolchain/bin/../lib/gcc/arm-none-eabi/4.9.3/../../../../arm-none-eabi/lib/armv7e-m\libc.a(lib_a-ungetc.o)
                0x004050dc                _ungetc_r
 .text.__swbuf_r
                0x004051b0       0xa8 c:/program files (x86)/atmel/studio/7.0/toolchain/arm/arm-gnu-toolchain/bin/../lib/gcc/arm-none-eabi/4.9.3/../../../../arm-none-eabi/lib/armv7e-m\libc.a(lib_a-wbuf.o)
                0x004051b0                __swbuf_r
 .text._wcrtomb_r
                0x00405258       0x54 c:/program files (x86)/atmel/studio/7.0/toolchain/arm/arm-gnu-toolchain/bin/../lib/gcc/arm-none-eabi/4.9.3/../../../../arm-none-eabi/lib/armv7e-m\libc.a(lib_a-wcrtomb.o)
                0x00405258                _wcrtomb_r
 .text.__ascii_wctomb
                0x004052ac       0x1c c:/program files (x86)/atmel/studio/7.0/toolchain/arm/arm-gnu-toolchain/bin/../lib/gcc/arm-none-eabi/4.9.3/../../../../arm-none-eabi/lib/armv7e-m\libc.a(lib_a-wctomb_r.o)
                0x004052ac                __ascii_wctomb
 .text._write_r
                0x004052c8       0x28 c:/program files (x86)/atmel/studio/7.0/toolchain/arm/arm-gnu-toolchain/bin/../lib/gcc/arm-none-eabi/4.9.3/../../../../arm-none-eabi/lib/armv7e-m\libc.a(lib_a-writer.o)
                0x004052c8                _write_r
 .text.__register_exitproc
                0x004052f0       0xa4 c:/program files (x86)/atmel/studio/7.0/toolchain/arm/arm-gnu-toolchain/bin/../lib/gcc/arm-none-eabi/4.9.3/../../../../arm-none-eabi/lib/armv7e-m\libc.a(lib_a-__atexit.o)
                0x004052f0                __register_exitproc
 .text._close_r
                0x00405394       0x24 c:/program files (x86)/atmel/studio/7.0/toolchain/arm/arm-gnu-toolchain/bin/../lib/gcc/arm-none-eabi/4.9.3/../../../../arm-none-eabi/lib/armv7e-m\libc.a(lib_a-closer.o)
                0x00405394                _close_r
 .text._fclose_r
                0x004053b8       0x84 c:/program files (x86)/atmel/studio/7.0/toolchain/arm/arm-gnu-toolchain/bin/../lib/gcc/arm-none-eabi/4.9.3/../../../../arm-none-eabi/lib/armv7e-m\libc.a(lib_a-fclose.o)
                0x004053b8                _fclose_r
 .text._fstat_r
                0x0040543c       0x28 c:/program files (x86)/atmel/studio/7.0/toolchain/arm/arm-gnu-toolchain/bin/../lib/gcc/arm-none-eabi/4.9.3/../../../../arm-none-eabi/lib/armv7e-m\libc.a(lib_a-fstatr.o)
                0x0040543c                _fstat_r
 .text._isatty_r
                0x00405464       0x24 c:/program files (x86)/atmel/studio/7.0/toolchain/arm/arm-gnu-toolchain/bin/../lib/gcc/arm-none-eabi/4.9.3/../../../../arm-none-eabi/lib/armv7e-m\libc.a(lib_a-isattyr.o)
                0x00405464                _isatty_r
 .text._lseek_r
                0x00405488       0x28 c:/program files (x86)/atmel/studio/7.0/toolchain/arm/arm-gnu-toolchain/bin/../lib/gcc/arm-none-eabi/4.9.3/../../../../arm-none-eabi/lib/armv7e-m\libc.a(lib_a-lseekr.o)
                0x00405488                _lseek_r
 .text._read_r  0x004054b0       0x28 c:/program files (x86)/atmel/studio/7.0/toolchain/arm/arm-gnu-toolchain/bin/../lib/gcc/arm-none-eabi/4.9.3/../../../../arm-none-eabi/lib/armv7e-m\libc.a(lib_a-readr.o)
                0x004054b0                _read_r
 .text          0x004054d8       0x30 c:/program files (x86)/atmel/studio/7.0/toolchain/arm/arm-gnu-toolchain/bin/../lib/gcc/arm-none-eabi/4.9.3/armv7e-m\libgcc.a(_aeabi_uldivmod.o)
                0x004054d8                __aeabi_uldivmod
 .text          0x00405508       0x60 c:/program files (x86)/atmel/studio/7.0/toolchain/arm/arm-gnu-toolchain/bin/../lib/gcc/arm-none-eabi/4.9.3/armv7e-m\libgcc.a(bpabi.o)
                0x00405508                __gnu_ldivmod_helper
                0x00405538                __gnu_uldivmod_helper
 .text          0x00405568        0x4 c:/program files (x86)/atmel/studio/7.0/toolchain/arm/arm-gnu-toolchain/bin/../lib/gcc/arm-none-eabi/4.9.3/armv7e-m\libgcc.a(_dvmd_tls.o)
                0x00405568                __aeabi_idiv0
                0x00405568                __aeabi_ldiv0
 .text          0x0040556c      0x29c c:/program files (x86)/atmel/studio/7.0/toolchain/arm/arm-gnu-toolchain/bin/../lib/gcc/arm-none-eabi/4.9.3/armv7e-m\libgcc.a(_divdi3.o)
                0x0040556c                __divdi3
 .text          0x00405808      0x26c c:/program files (x86)/atmel/studio/7.0/toolchain/arm/arm-gnu-toolchain/bin/../lib/gcc/arm-none-eabi/4.9.3/armv7e-m\libgcc.a(_udivdi3.o)
                0x00405808                __udivdi3
 *(.glue_7t)
 .glue_7t       0x00000000        0x0 linker stubs
 *(.glue_7)
 .glue_7        0x00000000        0x0 linker stubs
 *(.rodata .rodata* .gnu.linkonce.r.*)
 .rodata.str1.4
                0x00405a74      0x3b1 src/spi_example.o
                                0x3b5 (size before relaxing)
 *fill*         0x00405e25        0x3 
 .rodata.gs_ul_clock_configurations
                0x00405e28       0x10 src/spi_example.o
 .rodata.str1.4
                0x00405e38        0x2 c:/program files (x86)/atmel/studio/7.0/toolchain/arm/arm-gnu-toolchain/bin/../lib/gcc/arm-none-eabi/4.9.3/../../../../arm-none-eabi/lib/armv7e-m\libc.a(lib_a-impure.o)
 *fill*         0x00405e3a        0x2 
 .rodata._global_impure_ptr
                0x00405e3c        0x4 c:/program files (x86)/atmel/studio/7.0/toolchain/arm/arm-gnu-toolchain/bin/../lib/gcc/arm-none-eabi/4.9.3/../../../../arm-none-eabi/lib/armv7e-m\libc.a(lib_a-impure.o)
                0x00405e3c                _global_impure_ptr
 .rodata.str1.4
                0x00405e40        0x2 c:/program files (x86)/atmel/studio/7.0/toolchain/arm/arm-gnu-toolchain/bin/../lib/gcc/arm-none-eabi/4.9.3/../../../../arm-none-eabi/lib/armv7e-m\libc.a(lib_a-puts.o)
 *fill*         0x00405e42        0x2 
 .rodata.zeroes.6869
                0x00405e44       0x10 c:/program files (x86)/atmel/studio/7.0/toolchain/arm/arm-gnu-toolchain/bin/../lib/gcc/arm-none-eabi/4.9.3/../../../../arm-none-eabi/lib/armv7e-m\libc.a(lib_a-vfiprintf.o)
 .rodata.str1.4
                0x00405e54       0x2f c:/program files (x86)/atmel/studio/7.0/toolchain/arm/arm-gnu-toolchain/bin/../lib/gcc/arm-none-eabi/4.9.3/../../../../arm-none-eabi/lib/armv7e-m\libc.a(lib_a-vfiprintf.o)
 *fill*         0x00405e83        0x1 
 .rodata.blanks.6868
                0x00405e84       0x10 c:/program files (x86)/atmel/studio/7.0/toolchain/arm/arm-gnu-toolchain/bin/../lib/gcc/arm-none-eabi/4.9.3/../../../../arm-none-eabi/lib/armv7e-m\libc.a(lib_a-vfiprintf.o)
 .rodata.basefix.6320
                0x00405e94       0x22 c:/program files (x86)/atmel/studio/7.0/toolchain/arm/arm-gnu-toolchain/bin/../lib/gcc/arm-none-eabi/4.9.3/../../../../arm-none-eabi/lib/armv7e-m\libc.a(lib_a-vfiscanf.o)
 *fill*         0x00405eb6        0x2 
 .rodata._ctype_
                0x00405eb8      0x101 c:/program files (x86)/atmel/studio/7.0/toolchain/arm/arm-gnu-toolchain/bin/../lib/gcc/arm-none-eabi/4.9.3/../../../../arm-none-eabi/lib/armv7e-m\libc.a(lib_a-ctype_.o)
                0x00405eb8                _ctype_
 .rodata.str1.4
                0x00000000       0x30 c:/program files (x86)/atmel/studio/7.0/toolchain/arm/arm-gnu-toolchain/bin/../lib/gcc/arm-none-eabi/4.9.3/../../../../arm-none-eabi/lib/armv7e-m\libc.a(lib_a-mbrtowc.o)
                                  0x1 (size before relaxing)
 *(.ARM.extab* .gnu.linkonce.armextab.*)
                0x00405fbc                . = ALIGN (0x4)
 *fill*         0x00405fb9        0x3 
 *(.init)
 .init          0x00405fbc        0x4 c:/program files (x86)/atmel/studio/7.0/toolchain/arm/arm-gnu-toolchain/bin/../lib/gcc/arm-none-eabi/4.9.3/armv7e-m/crti.o
                0x00405fbc                _init
 .init          0x00405fc0        0x8 c:/program files (x86)/atmel/studio/7.0/toolchain/arm/arm-gnu-toolchain/bin/../lib/gcc/arm-none-eabi/4.9.3/armv7e-m/crtn.o
                0x00405fc8                . = ALIGN (0x4)
                0x00405fc8                __preinit_array_start = .
 *(.preinit_array)
                0x00405fc8                __preinit_array_end = .
                0x00405fc8                . = ALIGN (0x4)
                0x00405fc8                __init_array_start = .
 *(SORT(.init_array.*))
 .init_array.00000
                0x00405fc8        0x4 c:/program files (x86)/atmel/studio/7.0/toolchain/arm/arm-gnu-toolchain/bin/../lib/gcc/arm-none-eabi/4.9.3/../../../../arm-none-eabi/lib/armv7e-m\libc.a(lib_a-__call_atexit.o)
 *(.init_array)
 .init_array    0x00405fcc        0x4 c:/program files (x86)/atmel/studio/7.0/toolchain/arm/arm-gnu-toolchain/bin/../lib/gcc/arm-none-eabi/4.9.3/armv7e-m/crtbegin.o
                0x00405fd0                __init_array_end = .
                0x00405fd0                . = ALIGN (0x4)
 *crtbegin.o(.ctors)
 *(EXCLUDE_FILE(*crtend.o) .ctors)
 *(SORT(.ctors.*))
 *crtend.o(.ctors)
                0x00405fd0                . = ALIGN (0x4)
 *(.fini)
 .fini          0x00405fd0        0x4 c:/program files (x86)/atmel/studio/7.0/toolchain/arm/arm-gnu-toolchain/bin/../lib/gcc/arm-none-eabi/4.9.3/armv7e-m/crti.o
                0x00405fd0                _fini
 .fini          0x00405fd4        0x8 c:/program files (x86)/atmel/studio/7.0/toolchain/arm/arm-gnu-toolchain/bin/../lib/gcc/arm-none-eabi/4.9.3/armv7e-m/crtn.o
                0x00405fdc                . = ALIGN (0x4)
                0x00405fdc                __fini_array_start = .
 *(.fini_array)
 .fini_array    0x00405fdc        0x4 c:/program files (x86)/atmel/studio/7.0/toolchain/arm/arm-gnu-toolchain/bin/../lib/gcc/arm-none-eabi/4.9.3/armv7e-m/crtbegin.o
 *(SORT(.fini_array.*))
                0x00405fe0                __fini_array_end = .
 *crtbegin.o(.dtors)
 *(EXCLUDE_FILE(*crtend.o) .dtors)
 *(SORT(.dtors.*))
 *crtend.o(.dtors)
                0x00405fe0                . = ALIGN (0x4)
                0x00405fe0                _efixed = .
                0x00405fe0                PROVIDE (__exidx_start, .)

.vfp11_veneer   0x00405fe0        0x0
 .vfp11_veneer  0x00000000        0x0 linker stubs

.v4_bx          0x00405fe0        0x0
 .v4_bx         0x00000000        0x0 linker stubs

.iplt           0x00405fe0        0x0
 .iplt          0x00000000        0x0 c:/program files (x86)/atmel/studio/7.0/toolchain/arm/arm-gnu-toolchain/bin/../lib/gcc/arm-none-eabi/4.9.3/armv7e-m/crtbegin.o

.ARM.exidx      0x00405fe0        0x8
 *(.ARM.exidx* .gnu.linkonce.armexidx.*)
 .ARM.exidx     0x00405fe0        0x8 c:/program files (x86)/atmel/studio/7.0/toolchain/arm/arm-gnu-toolchain/bin/../lib/gcc/arm-none-eabi/4.9.3/armv7e-m\libgcc.a(_divdi3.o)
 .ARM.exidx     0x00405fe8        0x0 c:/program files (x86)/atmel/studio/7.0/toolchain/arm/arm-gnu-toolchain/bin/../lib/gcc/arm-none-eabi/4.9.3/armv7e-m\libgcc.a(_udivdi3.o)
                                  0x8 (size before relaxing)
                0x00405fe8                PROVIDE (__exidx_end, .)

.eh_frame       0x00405fe8        0x0
 .eh_frame      0x00405fe8        0x0 c:/program files (x86)/atmel/studio/7.0/toolchain/arm/arm-gnu-toolchain/bin/../lib/gcc/arm-none-eabi/4.9.3/armv7e-m/crtbegin.o

.rel.dyn        0x00405fe8        0x0
 .rel.iplt      0x00000000        0x0 c:/program files (x86)/atmel/studio/7.0/toolchain/arm/arm-gnu-toolchain/bin/../lib/gcc/arm-none-eabi/4.9.3/armv7e-m/crtbegin.o

.jcr            0x00405fe8        0x0
 .jcr           0x00405fe8        0x0 c:/program files (x86)/atmel/studio/7.0/toolchain/arm/arm-gnu-toolchain/bin/../lib/gcc/arm-none-eabi/4.9.3/armv7e-m/crtbegin.o

.igot.plt       0x00405fe8        0x0
 .igot.plt      0x00000000        0x0 c:/program files (x86)/atmel/studio/7.0/toolchain/arm/arm-gnu-toolchain/bin/../lib/gcc/arm-none-eabi/4.9.3/armv7e-m/crtbegin.o
                0x00405fe8                . = ALIGN (0x4)
                0x00405fe8                _etext = .

.relocate       0x20000000      0x904 load address 0x00405fe8
                0x20000000                . = ALIGN (0x4)
                0x20000000                _srelocate = .
 *(.ramfunc .ramfunc.*)
 .ramfunc       0x20000000       0x88 src/ASF/sam/drivers/efc/efc.o
                0x20000000                efc_perform_read_sequence
                0x20000068                efc_write_fmr
                0x2000006c                efc_perform_fcr
 *(.data .data.*)
 .data.g_interrupt_enabled
                0x20000088        0x1 src/ASF/common/utils/interrupt/interrupt_sam_nvic.o
                0x20000088                g_interrupt_enabled
 *fill*         0x20000089        0x3 
 .data.SystemCoreClock
                0x2000008c        0x4 src/ASF/sam/utils/cmsis/samg/samg55/source/templates/system_samg55.o
                0x2000008c                SystemCoreClock
 .data.gs_ul_spi_clock
                0x20000090        0x4 src/spi_example.o
 .data.gs_ul_spi_cmd
                0x20000094        0x4 src/spi_example.o
 .data.impure_data
                0x20000098      0x428 c:/program files (x86)/atmel/studio/7.0/toolchain/arm/arm-gnu-toolchain/bin/../lib/gcc/arm-none-eabi/4.9.3/../../../../arm-none-eabi/lib/armv7e-m\libc.a(lib_a-impure.o)
 .data._impure_ptr
                0x200004c0        0x4 c:/program files (x86)/atmel/studio/7.0/toolchain/arm/arm-gnu-toolchain/bin/../lib/gcc/arm-none-eabi/4.9.3/../../../../arm-none-eabi/lib/armv7e-m\libc.a(lib_a-impure.o)
                0x200004c0                _impure_ptr
 .data.__ctype_ptr__
                0x200004c4        0x4 c:/program files (x86)/atmel/studio/7.0/toolchain/arm/arm-gnu-toolchain/bin/../lib/gcc/arm-none-eabi/4.9.3/../../../../arm-none-eabi/lib/armv7e-m\libc.a(lib_a-ctype_.o)
                0x200004c4                __ctype_ptr__
 .data.lc_ctype_charset
                0x200004c8       0x20 c:/program files (x86)/atmel/studio/7.0/toolchain/arm/arm-gnu-toolchain/bin/../lib/gcc/arm-none-eabi/4.9.3/../../../../arm-none-eabi/lib/armv7e-m\libc.a(lib_a-locale.o)
 .data.__mb_cur_max
                0x200004e8        0x4 c:/program files (x86)/atmel/studio/7.0/toolchain/arm/arm-gnu-toolchain/bin/../lib/gcc/arm-none-eabi/4.9.3/../../../../arm-none-eabi/lib/armv7e-m\libc.a(lib_a-locale.o)
                0x200004e8                __mb_cur_max
 .data.__malloc_av_
                0x200004ec      0x408 c:/program files (x86)/atmel/studio/7.0/toolchain/arm/arm-gnu-toolchain/bin/../lib/gcc/arm-none-eabi/4.9.3/../../../../arm-none-eabi/lib/armv7e-m\libc.a(lib_a-mallocr.o)
                0x200004ec                __malloc_av_
 .data.__malloc_trim_threshold
                0x200008f4        0x4 c:/program files (x86)/atmel/studio/7.0/toolchain/arm/arm-gnu-toolchain/bin/../lib/gcc/arm-none-eabi/4.9.3/../../../../arm-none-eabi/lib/armv7e-m\libc.a(lib_a-mallocr.o)
                0x200008f4                __malloc_trim_threshold
 .data.__malloc_sbrk_base
                0x200008f8        0x4 c:/program files (x86)/atmel/studio/7.0/toolchain/arm/arm-gnu-toolchain/bin/../lib/gcc/arm-none-eabi/4.9.3/../../../../arm-none-eabi/lib/armv7e-m\libc.a(lib_a-mallocr.o)
                0x200008f8                __malloc_sbrk_base
 .data.__mbtowc
                0x200008fc        0x4 c:/program files (x86)/atmel/studio/7.0/toolchain/arm/arm-gnu-toolchain/bin/../lib/gcc/arm-none-eabi/4.9.3/../../../../arm-none-eabi/lib/armv7e-m\libc.a(lib_a-mbtowc_r.o)
                0x200008fc                __mbtowc
 .data.__wctomb
                0x20000900        0x4 c:/program files (x86)/atmel/studio/7.0/toolchain/arm/arm-gnu-toolchain/bin/../lib/gcc/arm-none-eabi/4.9.3/../../../../arm-none-eabi/lib/armv7e-m\libc.a(lib_a-wctomb_r.o)
                0x20000900                __wctomb
                0x20000904                . = ALIGN (0x4)
                0x20000904                _erelocate = .

.bss            0x20000904      0x128 load address 0x004068ec
                0x20000904                . = ALIGN (0x4)
                0x20000904                _sbss = .
                0x20000904                _szero = .
 *(.bss .bss.*)
 .bss           0x20000904       0x1c c:/program files (x86)/atmel/studio/7.0/toolchain/arm/arm-gnu-toolchain/bin/../lib/gcc/arm-none-eabi/4.9.3/armv7e-m/crtbegin.o
 .bss.reg_value.7651
                0x20000920        0x4 src/ASF/sam/drivers/spi/spi.o
 .bss.ul_reg_val.7418
                0x20000924        0x4 src/ASF/sam/drivers/usart/usart.o
 .bss.heap.5212
                0x20000928        0x4 src/ASF/sam/utils/syscalls/gcc/syscalls.o
 .bss.data.8358
                0x2000092c        0x2 src/spi_example.o
 *fill*         0x2000092e        0x2 
 .bss.gs_ul_test_block_number
                0x20000930        0x4 src/spi_example.o
 .bss.gs_ul_spi_state
                0x20000934        0x4 src/spi_example.o
 .bss.gs_ul_transfer_length
                0x20000938        0x4 src/spi_example.o
 .bss.gs_uc_spi_buffer
                0x2000093c       0x40 src/spi_example.o
 .bss.data.8379
                0x2000097c        0x2 src/spi_example.o
 *fill*         0x2000097e        0x2 
 .bss.gs_puc_transfer_buffer
                0x20000980        0x4 src/spi_example.o
 .bss.gs_spi_status
                0x20000984       0x58 src/spi_example.o
 .bss.gs_ul_transfer_index
                0x200009dc        0x4 src/spi_example.o
 .bss.__malloc_max_total_mem
                0x200009e0        0x4 c:/program files (x86)/atmel/studio/7.0/toolchain/arm/arm-gnu-toolchain/bin/../lib/gcc/arm-none-eabi/4.9.3/../../../../arm-none-eabi/lib/armv7e-m\libc.a(lib_a-mallocr.o)
                0x200009e0                __malloc_max_total_mem
 .bss.__malloc_max_sbrked_mem
                0x200009e4        0x4 c:/program files (x86)/atmel/studio/7.0/toolchain/arm/arm-gnu-toolchain/bin/../lib/gcc/arm-none-eabi/4.9.3/../../../../arm-none-eabi/lib/armv7e-m\libc.a(lib_a-mallocr.o)
                0x200009e4                __malloc_max_sbrked_mem
 .bss.__malloc_top_pad
                0x200009e8        0x4 c:/program files (x86)/atmel/studio/7.0/toolchain/arm/arm-gnu-toolchain/bin/../lib/gcc/arm-none-eabi/4.9.3/../../../../arm-none-eabi/lib/armv7e-m\libc.a(lib_a-mallocr.o)
                0x200009e8                __malloc_top_pad
 .bss.__malloc_current_mallinfo
                0x200009ec       0x28 c:/program files (x86)/atmel/studio/7.0/toolchain/arm/arm-gnu-toolchain/bin/../lib/gcc/arm-none-eabi/4.9.3/../../../../arm-none-eabi/lib/armv7e-m\libc.a(lib_a-mallocr.o)
                0x200009ec                __malloc_current_mallinfo
 *(COMMON)
 COMMON         0x20000a14        0x6 src/ASF/common/services/sleepmgr/sam/sleepmgr.o
                0x20000a14                sleepmgr_locks
 *fill*         0x20000a1a        0x2 
 COMMON         0x20000a1c        0x4 src/ASF/common/utils/stdio/read.o
                0x20000a1c                ptr_get
 COMMON         0x20000a20        0x8 src/ASF/common/utils/stdio/write.o
                0x20000a20                ptr_put
                0x20000a24                stdio_base
 COMMON         0x20000a28        0x4 c:/program files (x86)/atmel/studio/7.0/toolchain/arm/arm-gnu-toolchain/bin/../lib/gcc/arm-none-eabi/4.9.3/../../../../arm-none-eabi/lib/armv7e-m\libc.a(lib_a-reent.o)
                0x20000a28                errno
                0x20000a2c                . = ALIGN (0x4)
                0x20000a2c                _ebss = .
                0x20000a2c                _ezero = .

.stack          0x20000a2c     0x3004 load address 0x00406a14
                0x20000a30                . = ALIGN (0x8)
 *fill*         0x20000a2c        0x4 
                0x20000a30                _sstack = .
                0x20003a30                . = (. + __stack_size__)
 *fill*         0x20000a30     0x3000 
                0x20003a30                . = ALIGN (0x8)
                0x20003a30                _estack = .
                0x20003a30                . = ALIGN (0x4)
                0x20003a30                _end = .
OUTPUT(SPI_EXAMPLE1.elf elf32-littlearm)

.ARM.attributes
                0x00000000       0x2e
 .ARM.attributes
                0x00000000       0x1e c:/program files (x86)/atmel/studio/7.0/toolchain/arm/arm-gnu-toolchain/bin/../lib/gcc/arm-none-eabi/4.9.3/armv7e-m/crti.o
 .ARM.attributes
                0x0000001e       0x2e c:/program files (x86)/atmel/studio/7.0/toolchain/arm/arm-gnu-toolchain/bin/../lib/gcc/arm-none-eabi/4.9.3/armv7e-m/crtbegin.o
 .ARM.attributes
                0x0000004c       0x37 src/ASF/common/services/clock/samg/sysclk.o
 .ARM.attributes
                0x00000083       0x37 src/ASF/common/services/sleepmgr/sam/sleepmgr.o
 .ARM.attributes
                0x000000ba       0x37 src/ASF/common/utils/interrupt/interrupt_sam_nvic.o
 .ARM.attributes
                0x000000f1       0x37 src/ASF/common/utils/stdio/read.o
 .ARM.attributes
                0x00000128       0x37 src/ASF/common/utils/stdio/write.o
 .ARM.attributes
                0x0000015f       0x37 src/ASF/sam/boards/samg55_xplained_pro/board_init.o
 .ARM.attributes
                0x00000196       0x37 src/ASF/sam/drivers/efc/efc.o
 .ARM.attributes
                0x000001cd       0x37 src/ASF/sam/drivers/flexcom/flexcom.o
 .ARM.attributes
                0x00000204       0x37 src/ASF/sam/drivers/pmc/pmc.o
 .ARM.attributes
                0x0000023b       0x37 src/ASF/sam/drivers/spi/spi.o
 .ARM.attributes
                0x00000272       0x37 src/ASF/sam/drivers/supc/supc.o
 .ARM.attributes
                0x000002a9       0x37 src/ASF/sam/drivers/usart/usart.o
 .ARM.attributes
                0x000002e0       0x37 src/ASF/sam/utils/cmsis/samg/samg55/source/templates/gcc/startup_samg55.o
 .ARM.attributes
                0x00000317       0x37 src/ASF/sam/utils/cmsis/samg/samg55/source/templates/system_samg55.o
 .ARM.attributes
                0x0000034e       0x37 src/ASF/sam/utils/syscalls/gcc/syscalls.o
 .ARM.attributes
                0x00000385       0x37 src/spi_example.o
 .ARM.attributes
                0x000003bc       0x2e c:/program files (x86)/atmel/studio/7.0/toolchain/arm/arm-gnu-toolchain/bin/../lib/gcc/arm-none-eabi/4.9.3/../../../../arm-none-eabi/lib/armv7e-m\libc.a(lib_a-impure.o)
 .ARM.attributes
                0x000003ea       0x2e c:/program files (x86)/atmel/studio/7.0/toolchain/arm/arm-gnu-toolchain/bin/../lib/gcc/arm-none-eabi/4.9.3/../../../../arm-none-eabi/lib/armv7e-m\libc.a(lib_a-init.o)
 .ARM.attributes
                0x00000418       0x2e c:/program files (x86)/atmel/studio/7.0/toolchain/arm/arm-gnu-toolchain/bin/../lib/gcc/arm-none-eabi/4.9.3/../../../../arm-none-eabi/lib/armv7e-m\libc.a(lib_a-iprintf.o)
 .ARM.attributes
                0x00000446       0x2e c:/program files (x86)/atmel/studio/7.0/toolchain/arm/arm-gnu-toolchain/bin/../lib/gcc/arm-none-eabi/4.9.3/../../../../arm-none-eabi/lib/armv7e-m\libc.a(lib_a-iscanf.o)
 .ARM.attributes
                0x00000474       0x2e c:/program files (x86)/atmel/studio/7.0/toolchain/arm/arm-gnu-toolchain/bin/../lib/gcc/arm-none-eabi/4.9.3/../../../../arm-none-eabi/lib/armv7e-m\libc.a(lib_a-memset.o)
 .ARM.attributes
                0x000004a2       0x2e c:/program files (x86)/atmel/studio/7.0/toolchain/arm/arm-gnu-toolchain/bin/../lib/gcc/arm-none-eabi/4.9.3/../../../../arm-none-eabi/lib/armv7e-m\libc.a(lib_a-puts.o)
 .ARM.attributes
                0x000004d0       0x2e c:/program files (x86)/atmel/studio/7.0/toolchain/arm/arm-gnu-toolchain/bin/../lib/gcc/arm-none-eabi/4.9.3/../../../../arm-none-eabi/lib/armv7e-m\libc.a(lib_a-setbuf.o)
 .ARM.attributes
                0x000004fe       0x2e c:/program files (x86)/atmel/studio/7.0/toolchain/arm/arm-gnu-toolchain/bin/../lib/gcc/arm-none-eabi/4.9.3/../../../../arm-none-eabi/lib/armv7e-m\libc.a(lib_a-setvbuf.o)
 .ARM.attributes
                0x0000052c       0x2e c:/program files (x86)/atmel/studio/7.0/toolchain/arm/arm-gnu-toolchain/bin/../lib/gcc/arm-none-eabi/4.9.3/../../../../arm-none-eabi/lib/armv7e-m\libc.a(lib_a-strlen.o)
 .ARM.attributes
                0x0000055a       0x2e c:/program files (x86)/atmel/studio/7.0/toolchain/arm/arm-gnu-toolchain/bin/../lib/gcc/arm-none-eabi/4.9.3/../../../../arm-none-eabi/lib/armv7e-m\libc.a(lib_a-vfiprintf.o)
 .ARM.attributes
                0x00000588       0x2e c:/program files (x86)/atmel/studio/7.0/toolchain/arm/arm-gnu-toolchain/bin/../lib/gcc/arm-none-eabi/4.9.3/../../../../arm-none-eabi/lib/armv7e-m\libc.a(lib_a-vfiscanf.o)
 .ARM.attributes
                0x000005b6       0x2e c:/program files (x86)/atmel/studio/7.0/toolchain/arm/arm-gnu-toolchain/bin/../lib/gcc/arm-none-eabi/4.9.3/../../../../arm-none-eabi/lib/armv7e-m\libc.a(lib_a-wsetup.o)
 .ARM.attributes
                0x000005e4       0x2e c:/program files (x86)/atmel/studio/7.0/toolchain/arm/arm-gnu-toolchain/bin/../lib/gcc/arm-none-eabi/4.9.3/../../../../arm-none-eabi/lib/armv7e-m\libc.a(lib_a-__call_atexit.o)
 .ARM.attributes
                0x00000612       0x2e c:/program files (x86)/atmel/studio/7.0/toolchain/arm/arm-gnu-toolchain/bin/../lib/gcc/arm-none-eabi/4.9.3/../../../../arm-none-eabi/lib/armv7e-m\libc.a(lib_a-atexit.o)
 .ARM.attributes
                0x00000640       0x2e c:/program files (x86)/atmel/studio/7.0/toolchain/arm/arm-gnu-toolchain/bin/../lib/gcc/arm-none-eabi/4.9.3/../../../../arm-none-eabi/lib/armv7e-m\libc.a(lib_a-ctype_.o)
 .ARM.attributes
                0x0000066e       0x2e c:/program files (x86)/atmel/studio/7.0/toolchain/arm/arm-gnu-toolchain/bin/../lib/gcc/arm-none-eabi/4.9.3/../../../../arm-none-eabi/lib/armv7e-m\libc.a(lib_a-fflush.o)
 .ARM.attributes
                0x0000069c       0x2e c:/program files (x86)/atmel/studio/7.0/toolchain/arm/arm-gnu-toolchain/bin/../lib/gcc/arm-none-eabi/4.9.3/../../../../arm-none-eabi/lib/armv7e-m\libc.a(lib_a-findfp.o)
 .ARM.attributes
                0x000006ca       0x2e c:/program files (x86)/atmel/studio/7.0/toolchain/arm/arm-gnu-toolchain/bin/../lib/gcc/arm-none-eabi/4.9.3/../../../../arm-none-eabi/lib/armv7e-m\libc.a(lib_a-fini.o)
 .ARM.attributes
                0x000006f8       0x2e c:/program files (x86)/atmel/studio/7.0/toolchain/arm/arm-gnu-toolchain/bin/../lib/gcc/arm-none-eabi/4.9.3/../../../../arm-none-eabi/lib/armv7e-m\libc.a(lib_a-fputwc.o)
 .ARM.attributes
                0x00000726       0x2e c:/program files (x86)/atmel/studio/7.0/toolchain/arm/arm-gnu-toolchain/bin/../lib/gcc/arm-none-eabi/4.9.3/../../../../arm-none-eabi/lib/armv7e-m\libc.a(lib_a-fread.o)
 .ARM.attributes
                0x00000754       0x2e c:/program files (x86)/atmel/studio/7.0/toolchain/arm/arm-gnu-toolchain/bin/../lib/gcc/arm-none-eabi/4.9.3/../../../../arm-none-eabi/lib/armv7e-m\libc.a(lib_a-freer.o)
 .ARM.attributes
                0x00000782       0x2e c:/program files (x86)/atmel/studio/7.0/toolchain/arm/arm-gnu-toolchain/bin/../lib/gcc/arm-none-eabi/4.9.3/../../../../arm-none-eabi/lib/armv7e-m\libc.a(lib_a-fvwrite.o)
 .ARM.attributes
                0x000007b0       0x2e c:/program files (x86)/atmel/studio/7.0/toolchain/arm/arm-gnu-toolchain/bin/../lib/gcc/arm-none-eabi/4.9.3/../../../../arm-none-eabi/lib/armv7e-m\libc.a(lib_a-fwalk.o)
 .ARM.attributes
                0x000007de       0x2e c:/program files (x86)/atmel/studio/7.0/toolchain/arm/arm-gnu-toolchain/bin/../lib/gcc/arm-none-eabi/4.9.3/../../../../arm-none-eabi/lib/armv7e-m\libc.a(lib_a-iswspace.o)
 .ARM.attributes
                0x0000080c       0x2e c:/program files (x86)/atmel/studio/7.0/toolchain/arm/arm-gnu-toolchain/bin/../lib/gcc/arm-none-eabi/4.9.3/../../../../arm-none-eabi/lib/armv7e-m\libc.a(lib_a-locale.o)
 .ARM.attributes
                0x0000083a       0x2e c:/program files (x86)/atmel/studio/7.0/toolchain/arm/arm-gnu-toolchain/bin/../lib/gcc/arm-none-eabi/4.9.3/../../../../arm-none-eabi/lib/armv7e-m\libc.a(lib_a-makebuf.o)
 .ARM.attributes
                0x00000868       0x2e c:/program files (x86)/atmel/studio/7.0/toolchain/arm/arm-gnu-toolchain/bin/../lib/gcc/arm-none-eabi/4.9.3/../../../../arm-none-eabi/lib/armv7e-m\libc.a(lib_a-malloc.o)
 .ARM.attributes
                0x00000896       0x2e c:/program files (x86)/atmel/studio/7.0/toolchain/arm/arm-gnu-toolchain/bin/../lib/gcc/arm-none-eabi/4.9.3/../../../../arm-none-eabi/lib/armv7e-m\libc.a(lib_a-mallocr.o)
 .ARM.attributes
                0x000008c4       0x2e c:/program files (x86)/atmel/studio/7.0/toolchain/arm/arm-gnu-toolchain/bin/../lib/gcc/arm-none-eabi/4.9.3/../../../../arm-none-eabi/lib/armv7e-m\libc.a(lib_a-mbrtowc.o)
 .ARM.attributes
                0x000008f2       0x2e c:/program files (x86)/atmel/studio/7.0/toolchain/arm/arm-gnu-toolchain/bin/../lib/gcc/arm-none-eabi/4.9.3/../../../../arm-none-eabi/lib/armv7e-m\libc.a(lib_a-mbtowc_r.o)
 .ARM.attributes
                0x00000920       0x2e c:/program files (x86)/atmel/studio/7.0/toolchain/arm/arm-gnu-toolchain/bin/../lib/gcc/arm-none-eabi/4.9.3/../../../../arm-none-eabi/lib/armv7e-m\libc.a(lib_a-memchr.o)
 .ARM.attributes
                0x0000094e       0x1c c:/program files (x86)/atmel/studio/7.0/toolchain/arm/arm-gnu-toolchain/bin/../lib/gcc/arm-none-eabi/4.9.3/../../../../arm-none-eabi/lib/armv7e-m\libc.a(lib_a-memcpy.o)
 .ARM.attributes
                0x0000096a       0x2e c:/program files (x86)/atmel/studio/7.0/toolchain/arm/arm-gnu-toolchain/bin/../lib/gcc/arm-none-eabi/4.9.3/../../../../arm-none-eabi/lib/armv7e-m\libc.a(lib_a-memmove.o)
 .ARM.attributes
                0x00000998       0x2e c:/program files (x86)/atmel/studio/7.0/toolchain/arm/arm-gnu-toolchain/bin/../lib/gcc/arm-none-eabi/4.9.3/../../../../arm-none-eabi/lib/armv7e-m\libc.a(lib_a-mlock.o)
 .ARM.attributes
                0x000009c6       0x2e c:/program files (x86)/atmel/studio/7.0/toolchain/arm/arm-gnu-toolchain/bin/../lib/gcc/arm-none-eabi/4.9.3/../../../../arm-none-eabi/lib/armv7e-m\libc.a(lib_a-reallocr.o)
 .ARM.attributes
                0x000009f4       0x2e c:/program files (x86)/atmel/studio/7.0/toolchain/arm/arm-gnu-toolchain/bin/../lib/gcc/arm-none-eabi/4.9.3/../../../../arm-none-eabi/lib/armv7e-m\libc.a(lib_a-refill.o)
 .ARM.attributes
                0x00000a22       0x2e c:/program files (x86)/atmel/studio/7.0/toolchain/arm/arm-gnu-toolchain/bin/../lib/gcc/arm-none-eabi/4.9.3/../../../../arm-none-eabi/lib/armv7e-m\libc.a(lib_a-sbrkr.o)
 .ARM.attributes
                0x00000a50       0x2e c:/program files (x86)/atmel/studio/7.0/toolchain/arm/arm-gnu-toolchain/bin/../lib/gcc/arm-none-eabi/4.9.3/../../../../arm-none-eabi/lib/armv7e-m\libc.a(lib_a-sccl.o)
 .ARM.attributes
                0x00000a7e       0x2e c:/program files (x86)/atmel/studio/7.0/toolchain/arm/arm-gnu-toolchain/bin/../lib/gcc/arm-none-eabi/4.9.3/../../../../arm-none-eabi/lib/armv7e-m\libc.a(lib_a-stdio.o)
 .ARM.attributes
                0x00000aac       0x2e c:/program files (x86)/atmel/studio/7.0/toolchain/arm/arm-gnu-toolchain/bin/../lib/gcc/arm-none-eabi/4.9.3/../../../../arm-none-eabi/lib/armv7e-m\libc.a(lib_a-strtol.o)
 .ARM.attributes
                0x00000ada       0x2e c:/program files (x86)/atmel/studio/7.0/toolchain/arm/arm-gnu-toolchain/bin/../lib/gcc/arm-none-eabi/4.9.3/../../../../arm-none-eabi/lib/armv7e-m\libc.a(lib_a-strtoll_r.o)
 .ARM.attributes
                0x00000b08       0x2e c:/program files (x86)/atmel/studio/7.0/toolchain/arm/arm-gnu-toolchain/bin/../lib/gcc/arm-none-eabi/4.9.3/../../../../arm-none-eabi/lib/armv7e-m\libc.a(lib_a-strtoul.o)
 .ARM.attributes
                0x00000b36       0x2e c:/program files (x86)/atmel/studio/7.0/toolchain/arm/arm-gnu-toolchain/bin/../lib/gcc/arm-none-eabi/4.9.3/../../../../arm-none-eabi/lib/armv7e-m\libc.a(lib_a-strtoull_r.o)
 .ARM.attributes
                0x00000b64       0x2e c:/program files (x86)/atmel/studio/7.0/toolchain/arm/arm-gnu-toolchain/bin/../lib/gcc/arm-none-eabi/4.9.3/../../../../arm-none-eabi/lib/armv7e-m\libc.a(lib_a-ungetc.o)
 .ARM.attributes
                0x00000b92       0x2e c:/program files (x86)/atmel/studio/7.0/toolchain/arm/arm-gnu-toolchain/bin/../lib/gcc/arm-none-eabi/4.9.3/../../../../arm-none-eabi/lib/armv7e-m\libc.a(lib_a-wbuf.o)
 .ARM.attributes
                0x00000bc0       0x2e c:/program files (x86)/atmel/studio/7.0/toolchain/arm/arm-gnu-toolchain/bin/../lib/gcc/arm-none-eabi/4.9.3/../../../../arm-none-eabi/lib/armv7e-m\libc.a(lib_a-wcrtomb.o)
 .ARM.attributes
                0x00000bee       0x2e c:/program files (x86)/atmel/studio/7.0/toolchain/arm/arm-gnu-toolchain/bin/../lib/gcc/arm-none-eabi/4.9.3/../../../../arm-none-eabi/lib/armv7e-m\libc.a(lib_a-wctomb_r.o)
 .ARM.attributes
                0x00000c1c       0x2e c:/program files (x86)/atmel/studio/7.0/toolchain/arm/arm-gnu-toolchain/bin/../lib/gcc/arm-none-eabi/4.9.3/../../../../arm-none-eabi/lib/armv7e-m\libc.a(lib_a-writer.o)
 .ARM.attributes
                0x00000c4a       0x2e c:/program files (x86)/atmel/studio/7.0/toolchain/arm/arm-gnu-toolchain/bin/../lib/gcc/arm-none-eabi/4.9.3/../../../../arm-none-eabi/lib/armv7e-m\libc.a(lib_a-__atexit.o)
 .ARM.attributes
                0x00000c78       0x2e c:/program files (x86)/atmel/studio/7.0/toolchain/arm/arm-gnu-toolchain/bin/../lib/gcc/arm-none-eabi/4.9.3/../../../../arm-none-eabi/lib/armv7e-m\libc.a(lib_a-closer.o)
 .ARM.attributes
                0x00000ca6       0x2e c:/program files (x86)/atmel/studio/7.0/toolchain/arm/arm-gnu-toolchain/bin/../lib/gcc/arm-none-eabi/4.9.3/../../../../arm-none-eabi/lib/armv7e-m\libc.a(lib_a-fclose.o)
 .ARM.attributes
                0x00000cd4       0x2e c:/program files (x86)/atmel/studio/7.0/toolchain/arm/arm-gnu-toolchain/bin/../lib/gcc/arm-none-eabi/4.9.3/../../../../arm-none-eabi/lib/armv7e-m\libc.a(lib_a-fstatr.o)
 .ARM.attributes
                0x00000d02       0x2e c:/program files (x86)/atmel/studio/7.0/toolchain/arm/arm-gnu-toolchain/bin/../lib/gcc/arm-none-eabi/4.9.3/../../../../arm-none-eabi/lib/armv7e-m\libc.a(lib_a-isattyr.o)
 .ARM.attributes
                0x00000d30       0x2e c:/program files (x86)/atmel/studio/7.0/toolchain/arm/arm-gnu-toolchain/bin/../lib/gcc/arm-none-eabi/4.9.3/../../../../arm-none-eabi/lib/armv7e-m\libc.a(lib_a-lseekr.o)
 .ARM.attributes
                0x00000d5e       0x2e c:/program files (x86)/atmel/studio/7.0/toolchain/arm/arm-gnu-toolchain/bin/../lib/gcc/arm-none-eabi/4.9.3/../../../../arm-none-eabi/lib/armv7e-m\libc.a(lib_a-readr.o)
 .ARM.attributes
                0x00000d8c       0x2e c:/program files (x86)/atmel/studio/7.0/toolchain/arm/arm-gnu-toolchain/bin/../lib/gcc/arm-none-eabi/4.9.3/../../../../arm-none-eabi/lib/armv7e-m\libc.a(lib_a-reent.o)
 .ARM.attributes
                0x00000dba       0x1e c:/program files (x86)/atmel/studio/7.0/toolchain/arm/arm-gnu-toolchain/bin/../lib/gcc/arm-none-eabi/4.9.3/armv7e-m\libgcc.a(_aeabi_uldivmod.o)
 .ARM.attributes
                0x00000dd8       0x2e c:/program files (x86)/atmel/studio/7.0/toolchain/arm/arm-gnu-toolchain/bin/../lib/gcc/arm-none-eabi/4.9.3/armv7e-m\libgcc.a(bpabi.o)
 .ARM.attributes
                0x00000e06       0x1e c:/program files (x86)/atmel/studio/7.0/toolchain/arm/arm-gnu-toolchain/bin/../lib/gcc/arm-none-eabi/4.9.3/armv7e-m\libgcc.a(_dvmd_tls.o)
 .ARM.attributes
                0x00000e24       0x2e c:/program files (x86)/atmel/studio/7.0/toolchain/arm/arm-gnu-toolchain/bin/../lib/gcc/arm-none-eabi/4.9.3/armv7e-m\libgcc.a(_divdi3.o)
 .ARM.attributes
                0x00000e52       0x2e c:/program files (x86)/atmel/studio/7.0/toolchain/arm/arm-gnu-toolchain/bin/../lib/gcc/arm-none-eabi/4.9.3/armv7e-m\libgcc.a(_udivdi3.o)
 .ARM.attributes
                0x00000e80       0x1e c:/program files (x86)/atmel/studio/7.0/toolchain/arm/arm-gnu-toolchain/bin/../lib/gcc/arm-none-eabi/4.9.3/armv7e-m/crtn.o

.comment        0x00000000       0x5b
 .comment       0x00000000       0x5b src/ASF/common/services/clock/samg/sysclk.o
                                 0x5c (size before relaxing)
 .comment       0x00000000       0x5c src/ASF/common/services/sleepmgr/sam/sleepmgr.o
 .comment       0x00000000       0x5c src/ASF/common/utils/interrupt/interrupt_sam_nvic.o
 .comment       0x00000000       0x5c src/ASF/common/utils/stdio/read.o
 .comment       0x00000000       0x5c src/ASF/common/utils/stdio/write.o
 .comment       0x00000000       0x5c src/ASF/sam/boards/samg55_xplained_pro/board_init.o
 .comment       0x00000000       0x5c src/ASF/sam/drivers/efc/efc.o
 .comment       0x00000000       0x5c src/ASF/sam/drivers/flexcom/flexcom.o
 .comment       0x00000000       0x5c src/ASF/sam/drivers/pmc/pmc.o
 .comment       0x00000000       0x5c src/ASF/sam/drivers/spi/spi.o
 .comment       0x00000000       0x5c src/ASF/sam/drivers/supc/supc.o
 .comment       0x00000000       0x5c src/ASF/sam/drivers/usart/usart.o
 .comment       0x00000000       0x5c src/ASF/sam/utils/cmsis/samg/samg55/source/templates/gcc/startup_samg55.o
 .comment       0x00000000       0x5c src/ASF/sam/utils/cmsis/samg/samg55/source/templates/system_samg55.o
 .comment       0x00000000       0x5c src/ASF/sam/utils/syscalls/gcc/syscalls.o
 .comment       0x00000000       0x5c src/spi_example.o

.debug_info     0x00000000     0xa7c5
 .debug_info    0x00000000      0x933 src/ASF/common/services/clock/samg/sysclk.o
 .debug_info    0x00000933      0x172 src/ASF/common/services/sleepmgr/sam/sleepmgr.o
 .debug_info    0x00000aa5      0x1e8 src/ASF/common/utils/interrupt/interrupt_sam_nvic.o
 .debug_info    0x00000c8d      0x1be src/ASF/common/utils/stdio/read.o
 .debug_info    0x00000e4b      0x1c0 src/ASF/common/utils/stdio/write.o
 .debug_info    0x0000100b      0xfbe src/ASF/sam/boards/samg55_xplained_pro/board_init.o
 .debug_info    0x00001fc9      0x7df src/ASF/sam/drivers/efc/efc.o
 .debug_info    0x000027a8      0xa6e src/ASF/sam/drivers/flexcom/flexcom.o
 .debug_info    0x00003216     0x12d5 src/ASF/sam/drivers/pmc/pmc.o
 .debug_info    0x000044eb      0xae1 src/ASF/sam/drivers/spi/spi.o
 .debug_info    0x00004fcc      0x516 src/ASF/sam/drivers/supc/supc.o
 .debug_info    0x000054e2     0x1a01 src/ASF/sam/drivers/usart/usart.o
 .debug_info    0x00006ee3      0xa18 src/ASF/sam/utils/cmsis/samg/samg55/source/templates/gcc/startup_samg55.o
 .debug_info    0x000078fb      0x54f src/ASF/sam/utils/cmsis/samg/samg55/source/templates/system_samg55.o
 .debug_info    0x00007e4a      0x43f src/ASF/sam/utils/syscalls/gcc/syscalls.o
 .debug_info    0x00008289     0x253c src/spi_example.o

.debug_abbrev   0x00000000     0x1f8a
 .debug_abbrev  0x00000000      0x25c src/ASF/common/services/clock/samg/sysclk.o
 .debug_abbrev  0x0000025c       0xa9 src/ASF/common/services/sleepmgr/sam/sleepmgr.o
 .debug_abbrev  0x00000305       0xef src/ASF/common/utils/interrupt/interrupt_sam_nvic.o
 .debug_abbrev  0x000003f4      0x101 src/ASF/common/utils/stdio/read.o
 .debug_abbrev  0x000004f5       0xf5 src/ASF/common/utils/stdio/write.o
 .debug_abbrev  0x000005ea      0x202 src/ASF/sam/boards/samg55_xplained_pro/board_init.o
 .debug_abbrev  0x000007ec      0x2b1 src/ASF/sam/drivers/efc/efc.o
 .debug_abbrev  0x00000a9d      0x24d src/ASF/sam/drivers/flexcom/flexcom.o
 .debug_abbrev  0x00000cea      0x2af src/ASF/sam/drivers/pmc/pmc.o
 .debug_abbrev  0x00000f99      0x294 src/ASF/sam/drivers/spi/spi.o
 .debug_abbrev  0x0000122d      0x15c src/ASF/sam/drivers/supc/supc.o
 .debug_abbrev  0x00001389      0x334 src/ASF/sam/drivers/usart/usart.o
 .debug_abbrev  0x000016bd      0x201 src/ASF/sam/utils/cmsis/samg/samg55/source/templates/gcc/startup_samg55.o
 .debug_abbrev  0x000018be       0xf5 src/ASF/sam/utils/cmsis/samg/samg55/source/templates/system_samg55.o
 .debug_abbrev  0x000019b3      0x14e src/ASF/sam/utils/syscalls/gcc/syscalls.o
 .debug_abbrev  0x00001b01      0x489 src/spi_example.o

.debug_loc      0x00000000     0x3e2a
 .debug_loc     0x00000000      0x121 src/ASF/common/services/clock/samg/sysclk.o
 .debug_loc     0x00000121       0x1e src/ASF/common/utils/interrupt/interrupt_sam_nvic.o
 .debug_loc     0x0000013f      0x107 src/ASF/common/utils/stdio/read.o
 .debug_loc     0x00000246      0x15d src/ASF/common/utils/stdio/write.o
 .debug_loc     0x000003a3       0x20 src/ASF/sam/boards/samg55_xplained_pro/board_init.o
 .debug_loc     0x000003c3      0x5e5 src/ASF/sam/drivers/efc/efc.o
 .debug_loc     0x000009a8      0x320 src/ASF/sam/drivers/flexcom/flexcom.o
 .debug_loc     0x00000cc8      0xe42 src/ASF/sam/drivers/pmc/pmc.o
 .debug_loc     0x00001b0a      0x7fc src/ASF/sam/drivers/spi/spi.o
 .debug_loc     0x00002306      0x1a0 src/ASF/sam/drivers/supc/supc.o
 .debug_loc     0x000024a6     0x117f src/ASF/sam/drivers/usart/usart.o
 .debug_loc     0x00003625       0x5e src/ASF/sam/utils/cmsis/samg/samg55/source/templates/gcc/startup_samg55.o
 .debug_loc     0x00003683      0x12b src/ASF/sam/utils/syscalls/gcc/syscalls.o
 .debug_loc     0x000037ae      0x67c src/spi_example.o

.debug_aranges  0x00000000      0x878
 .debug_aranges
                0x00000000       0x30 src/ASF/common/services/clock/samg/sysclk.o
 .debug_aranges
                0x00000030       0x18 src/ASF/common/services/sleepmgr/sam/sleepmgr.o
 .debug_aranges
                0x00000048       0x28 src/ASF/common/utils/interrupt/interrupt_sam_nvic.o
 .debug_aranges
                0x00000070       0x20 src/ASF/common/utils/stdio/read.o
 .debug_aranges
                0x00000090       0x20 src/ASF/common/utils/stdio/write.o
 .debug_aranges
                0x000000b0       0x20 src/ASF/sam/boards/samg55_xplained_pro/board_init.o
 .debug_aranges
                0x000000d0       0x90 src/ASF/sam/drivers/efc/efc.o
 .debug_aranges
                0x00000160       0x48 src/ASF/sam/drivers/flexcom/flexcom.o
 .debug_aranges
                0x000001a8      0x240 src/ASF/sam/drivers/pmc/pmc.o
 .debug_aranges
                0x000003e8       0x90 src/ASF/sam/drivers/spi/spi.o
 .debug_aranges
                0x00000478       0x98 src/ASF/sam/drivers/supc/supc.o
 .debug_aranges
                0x00000510      0x258 src/ASF/sam/drivers/usart/usart.o
 .debug_aranges
                0x00000768       0x28 src/ASF/sam/utils/cmsis/samg/samg55/source/templates/gcc/startup_samg55.o
 .debug_aranges
                0x00000790       0x30 src/ASF/sam/utils/cmsis/samg/samg55/source/templates/system_samg55.o
 .debug_aranges
                0x000007c0       0x60 src/ASF/sam/utils/syscalls/gcc/syscalls.o
 .debug_aranges
                0x00000820       0x58 src/spi_example.o

.debug_ranges   0x00000000      0x790
 .debug_ranges  0x00000000       0x20 src/ASF/common/services/clock/samg/sysclk.o
 .debug_ranges  0x00000020       0x18 src/ASF/common/utils/interrupt/interrupt_sam_nvic.o
 .debug_ranges  0x00000038       0x10 src/ASF/common/utils/stdio/read.o
 .debug_ranges  0x00000048       0x10 src/ASF/common/utils/stdio/write.o
 .debug_ranges  0x00000058       0x10 src/ASF/sam/boards/samg55_xplained_pro/board_init.o
 .debug_ranges  0x00000068       0x80 src/ASF/sam/drivers/efc/efc.o
 .debug_ranges  0x000000e8       0x38 src/ASF/sam/drivers/flexcom/flexcom.o
 .debug_ranges  0x00000120      0x230 src/ASF/sam/drivers/pmc/pmc.o
 .debug_ranges  0x00000350       0x80 src/ASF/sam/drivers/spi/spi.o
 .debug_ranges  0x000003d0       0x88 src/ASF/sam/drivers/supc/supc.o
 .debug_ranges  0x00000458      0x248 src/ASF/sam/drivers/usart/usart.o
 .debug_ranges  0x000006a0       0x18 src/ASF/sam/utils/cmsis/samg/samg55/source/templates/gcc/startup_samg55.o
 .debug_ranges  0x000006b8       0x20 src/ASF/sam/utils/cmsis/samg/samg55/source/templates/system_samg55.o
 .debug_ranges  0x000006d8       0x50 src/ASF/sam/utils/syscalls/gcc/syscalls.o
 .debug_ranges  0x00000728       0x68 src/spi_example.o

.debug_macro    0x00000000    0x14368
 .debug_macro   0x00000000      0x617 src/ASF/common/services/clock/samg/sysclk.o
 .debug_macro   0x00000617      0x8a4 src/ASF/common/services/clock/samg/sysclk.o
 .debug_macro   0x00000ebb      0x644 src/ASF/common/services/clock/samg/sysclk.o
 .debug_macro   0x000014ff       0x28 src/ASF/common/services/clock/samg/sysclk.o
 .debug_macro   0x00001527      0x166 src/ASF/common/services/clock/samg/sysclk.o
 .debug_macro   0x0000168d       0x76 src/ASF/common/services/clock/samg/sysclk.o
 .debug_macro   0x00001703       0x16 src/ASF/common/services/clock/samg/sysclk.o
 .debug_macro   0x00001719      0x6e4 src/ASF/common/services/clock/samg/sysclk.o
 .debug_macro   0x00001dfd       0x22 src/ASF/common/services/clock/samg/sysclk.o
 .debug_macro   0x00001e1f       0x44 src/ASF/common/services/clock/samg/sysclk.o
 .debug_macro   0x00001e63       0x58 src/ASF/common/services/clock/samg/sysclk.o
 .debug_macro   0x00001ebb       0x22 src/ASF/common/services/clock/samg/sysclk.o
 .debug_macro   0x00001edd      0x1df src/ASF/common/services/clock/samg/sysclk.o
 .debug_macro   0x000020bc       0x27 src/ASF/common/services/clock/samg/sysclk.o
 .debug_macro   0x000020e3       0x3b src/ASF/common/services/clock/samg/sysclk.o
 .debug_macro   0x0000211e       0x2d src/ASF/common/services/clock/samg/sysclk.o
 .debug_macro   0x0000214b       0x26 src/ASF/common/services/clock/samg/sysclk.o
 .debug_macro   0x00002171      0xd39 src/ASF/common/services/clock/samg/sysclk.o
 .debug_macro   0x00002eaa      0x7a4 src/ASF/common/services/clock/samg/sysclk.o
 .debug_macro   0x0000364e      0x19e src/ASF/common/services/clock/samg/sysclk.o
 .debug_macro   0x000037ec      0x13e src/ASF/common/services/clock/samg/sysclk.o
 .debug_macro   0x0000392a       0xbe src/ASF/common/services/clock/samg/sysclk.o
 .debug_macro   0x000039e8      0x11e src/ASF/common/services/clock/samg/sysclk.o
 .debug_macro   0x00003b06       0x4c src/ASF/common/services/clock/samg/sysclk.o
 .debug_macro   0x00003b52       0x1c src/ASF/common/services/clock/samg/sysclk.o
 .debug_macro   0x00003b6e      0x3bf src/ASF/common/services/clock/samg/sysclk.o
 .debug_macro   0x00003f2d      0x31f src/ASF/common/services/clock/samg/sysclk.o
 .debug_macro   0x0000424c      0x15e src/ASF/common/services/clock/samg/sysclk.o
 .debug_macro   0x000043aa       0xee src/ASF/common/services/clock/samg/sysclk.o
 .debug_macro   0x00004498      0x1ff src/ASF/common/services/clock/samg/sysclk.o
 .debug_macro   0x00004697     0x25e8 src/ASF/common/services/clock/samg/sysclk.o
 .debug_macro   0x00006c7f      0xc55 src/ASF/common/services/clock/samg/sysclk.o
 .debug_macro   0x000078d4       0xa6 src/ASF/common/services/clock/samg/sysclk.o
 .debug_macro   0x0000797a      0x37c src/ASF/common/services/clock/samg/sysclk.o
 .debug_macro   0x00007cf6       0xee src/ASF/common/services/clock/samg/sysclk.o
 .debug_macro   0x00007de4      0x436 src/ASF/common/services/clock/samg/sysclk.o
 .debug_macro   0x0000821a      0x710 src/ASF/common/services/clock/samg/sysclk.o
 .debug_macro   0x0000892a      0x5c6 src/ASF/common/services/clock/samg/sysclk.o
 .debug_macro   0x00008ef0      0x65c src/ASF/common/services/clock/samg/sysclk.o
 .debug_macro   0x0000954c      0x291 src/ASF/common/services/clock/samg/sysclk.o
 .debug_macro   0x000097dd      0x3df src/ASF/common/services/clock/samg/sysclk.o
 .debug_macro   0x00009bbc      0x7d7 src/ASF/common/services/clock/samg/sysclk.o
 .debug_macro   0x0000a393       0x76 src/ASF/common/services/clock/samg/sysclk.o
 .debug_macro   0x0000a409       0x82 src/ASF/common/services/clock/samg/sysclk.o
 .debug_macro   0x0000a48b       0x82 src/ASF/common/services/clock/samg/sysclk.o
 .debug_macro   0x0000a50d       0x1c src/ASF/common/services/clock/samg/sysclk.o
 .debug_macro   0x0000a529       0xb8 src/ASF/common/services/clock/samg/sysclk.o
 .debug_macro   0x0000a5e1       0x8e src/ASF/common/services/clock/samg/sysclk.o
 .debug_macro   0x0000a66f       0xac src/ASF/common/services/clock/samg/sysclk.o
 .debug_macro   0x0000a71b       0x1c src/ASF/common/services/clock/samg/sysclk.o
 .debug_macro   0x0000a737       0xb8 src/ASF/common/services/clock/samg/sysclk.o
 .debug_macro   0x0000a7ef       0x8e src/ASF/common/services/clock/samg/sysclk.o
 .debug_macro   0x0000a87d       0xac src/ASF/common/services/clock/samg/sysclk.o
 .debug_macro   0x0000a929      0x10d src/ASF/common/services/clock/samg/sysclk.o
 .debug_macro   0x0000aa36       0xe2 src/ASF/common/services/clock/samg/sysclk.o
 .debug_macro   0x0000ab18       0x1c src/ASF/common/services/clock/samg/sysclk.o
 .debug_macro   0x0000ab34       0xb8 src/ASF/common/services/clock/samg/sysclk.o
 .debug_macro   0x0000abec       0x8e src/ASF/common/services/clock/samg/sysclk.o
 .debug_macro   0x0000ac7a       0xac src/ASF/common/services/clock/samg/sysclk.o
 .debug_macro   0x0000ad26       0x1c src/ASF/common/services/clock/samg/sysclk.o
 .debug_macro   0x0000ad42       0xb8 src/ASF/common/services/clock/samg/sysclk.o
 .debug_macro   0x0000adfa       0x8e src/ASF/common/services/clock/samg/sysclk.o
 .debug_macro   0x0000ae88       0xac src/ASF/common/services/clock/samg/sysclk.o
 .debug_macro   0x0000af34       0x1c src/ASF/common/services/clock/samg/sysclk.o
 .debug_macro   0x0000af50       0xb8 src/ASF/common/services/clock/samg/sysclk.o
 .debug_macro   0x0000b008       0x8e src/ASF/common/services/clock/samg/sysclk.o
 .debug_macro   0x0000b096       0xac src/ASF/common/services/clock/samg/sysclk.o
 .debug_macro   0x0000b142       0x1c src/ASF/common/services/clock/samg/sysclk.o
 .debug_macro   0x0000b15e       0xb8 src/ASF/common/services/clock/samg/sysclk.o
 .debug_macro   0x0000b216       0x8e src/ASF/common/services/clock/samg/sysclk.o
 .debug_macro   0x0000b2a4       0xac src/ASF/common/services/clock/samg/sysclk.o
 .debug_macro   0x0000b350       0x6a src/ASF/common/services/clock/samg/sysclk.o
 .debug_macro   0x0000b3ba       0x70 src/ASF/common/services/clock/samg/sysclk.o
 .debug_macro   0x0000b42a       0x70 src/ASF/common/services/clock/samg/sysclk.o
 .debug_macro   0x0000b49a       0x1c src/ASF/common/services/clock/samg/sysclk.o
 .debug_macro   0x0000b4b6       0xb8 src/ASF/common/services/clock/samg/sysclk.o
 .debug_macro   0x0000b56e       0x8e src/ASF/common/services/clock/samg/sysclk.o
 .debug_macro   0x0000b5fc       0xac src/ASF/common/services/clock/samg/sysclk.o
 .debug_macro   0x0000b6a8       0xa6 src/ASF/common/services/clock/samg/sysclk.o
 .debug_macro   0x0000b74e       0x46 src/ASF/common/services/clock/samg/sysclk.o
 .debug_macro   0x0000b794       0x1c src/ASF/common/services/clock/samg/sysclk.o
 .debug_macro   0x0000b7b0       0xb8 src/ASF/common/services/clock/samg/sysclk.o
 .debug_macro   0x0000b868       0x8e src/ASF/common/services/clock/samg/sysclk.o
 .debug_macro   0x0000b8f6       0xac src/ASF/common/services/clock/samg/sysclk.o
 .debug_macro   0x0000b9a2       0x52 src/ASF/common/services/clock/samg/sysclk.o
 .debug_macro   0x0000b9f4       0x64 src/ASF/common/services/clock/samg/sysclk.o
 .debug_macro   0x0000ba58       0x8e src/ASF/common/services/clock/samg/sysclk.o
 .debug_macro   0x0000bae6       0x58 src/ASF/common/services/clock/samg/sysclk.o
 .debug_macro   0x0000bb3e       0xb8 src/ASF/common/services/clock/samg/sysclk.o
 .debug_macro   0x0000bbf6       0x16 src/ASF/common/services/clock/samg/sysclk.o
 .debug_macro   0x0000bc0c       0x28 src/ASF/common/services/clock/samg/sysclk.o
 .debug_macro   0x0000bc34      0x135 src/ASF/common/services/clock/samg/sysclk.o
 .debug_macro   0x0000bd69      0x135 src/ASF/common/services/clock/samg/sysclk.o
 .debug_macro   0x0000be9e       0x1c src/ASF/common/services/clock/samg/sysclk.o
 .debug_macro   0x0000beba       0x34 src/ASF/common/services/clock/samg/sysclk.o
 .debug_macro   0x0000beee       0x28 src/ASF/common/services/clock/samg/sysclk.o
 .debug_macro   0x0000bf16       0x1c src/ASF/common/services/clock/samg/sysclk.o
 .debug_macro   0x0000bf32       0x5e src/ASF/common/services/clock/samg/sysclk.o
 .debug_macro   0x0000bf90       0x10 src/ASF/common/services/clock/samg/sysclk.o
 .debug_macro   0x0000bfa0      0x353 src/ASF/common/services/clock/samg/sysclk.o
 .debug_macro   0x0000c2f3      0xb4f src/ASF/common/services/clock/samg/sysclk.o
 .debug_macro   0x0000ce42       0xc8 src/ASF/common/services/clock/samg/sysclk.o
 .debug_macro   0x0000cf0a       0x58 src/ASF/common/services/clock/samg/sysclk.o
 .debug_macro   0x0000cf62       0x35 src/ASF/common/services/clock/samg/sysclk.o
 .debug_macro   0x0000cf97       0x9c src/ASF/common/services/clock/samg/sysclk.o
 .debug_macro   0x0000d033       0x16 src/ASF/common/services/clock/samg/sysclk.o
 .debug_macro   0x0000d049       0x35 src/ASF/common/services/clock/samg/sysclk.o
 .debug_macro   0x0000d07e      0x29d src/ASF/common/services/clock/samg/sysclk.o
 .debug_macro   0x0000d31b       0x10 src/ASF/common/services/clock/samg/sysclk.o
 .debug_macro   0x0000d32b       0x52 src/ASF/common/services/clock/samg/sysclk.o
 .debug_macro   0x0000d37d       0x16 src/ASF/common/services/clock/samg/sysclk.o
 .debug_macro   0x0000d393       0x43 src/ASF/common/services/clock/samg/sysclk.o
 .debug_macro   0x0000d3d6      0x180 src/ASF/common/services/clock/samg/sysclk.o
 .debug_macro   0x0000d556       0x10 src/ASF/common/services/clock/samg/sysclk.o
 .debug_macro   0x0000d566       0x22 src/ASF/common/services/clock/samg/sysclk.o
 .debug_macro   0x0000d588       0xbe src/ASF/common/services/clock/samg/sysclk.o
 .debug_macro   0x0000d646       0x16 src/ASF/common/services/clock/samg/sysclk.o
 .debug_macro   0x0000d65c      0x197 src/ASF/common/services/clock/samg/sysclk.o
 .debug_macro   0x0000d7f3       0x22 src/ASF/common/services/clock/samg/sysclk.o
 .debug_macro   0x0000d815       0x16 src/ASF/common/services/clock/samg/sysclk.o
 .debug_macro   0x0000d82b       0x16 src/ASF/common/services/clock/samg/sysclk.o
 .debug_macro   0x0000d841       0x29 src/ASF/common/services/clock/samg/sysclk.o
 .debug_macro   0x0000d86a       0x75 src/ASF/common/services/clock/samg/sysclk.o
 .debug_macro   0x0000d8df       0x3f src/ASF/common/services/clock/samg/sysclk.o
 .debug_macro   0x0000d91e      0x3ca src/ASF/common/services/clock/samg/sysclk.o
 .debug_macro   0x0000dce8      0x2a4 src/ASF/common/services/clock/samg/sysclk.o
 .debug_macro   0x0000df8c       0x34 src/ASF/common/services/clock/samg/sysclk.o
 .debug_macro   0x0000dfc0      0x979 src/ASF/common/services/clock/samg/sysclk.o
 .debug_macro   0x0000e939       0x76 src/ASF/common/services/clock/samg/sysclk.o
 .debug_macro   0x0000e9af       0x64 src/ASF/common/services/clock/samg/sysclk.o
 .debug_macro   0x0000ea13       0x40 src/ASF/common/services/clock/samg/sysclk.o
 .debug_macro   0x0000ea53       0x90 src/ASF/common/services/clock/samg/sysclk.o
 .debug_macro   0x0000eae3       0x9a src/ASF/common/services/clock/samg/sysclk.o
 .debug_macro   0x0000eb7d      0x5a2 src/ASF/common/services/sleepmgr/sam/sleepmgr.o
 .debug_macro   0x0000f11f       0x10 src/ASF/common/services/sleepmgr/sam/sleepmgr.o
 .debug_macro   0x0000f12f       0x34 src/ASF/common/services/sleepmgr/sam/sleepmgr.o
 .debug_macro   0x0000f163      0x57b src/ASF/common/utils/interrupt/interrupt_sam_nvic.o
 .debug_macro   0x0000f6de      0x57b src/ASF/common/utils/stdio/read.o
 .debug_macro   0x0000fc59      0x57b src/ASF/common/utils/stdio/write.o
 .debug_macro   0x000101d4      0x624 src/ASF/sam/boards/samg55_xplained_pro/board_init.o
 .debug_macro   0x000107f8       0x82 src/ASF/sam/boards/samg55_xplained_pro/board_init.o
 .debug_macro   0x0001087a      0x5a2 src/ASF/sam/drivers/efc/efc.o
 .debug_macro   0x00010e1c       0x94 src/ASF/sam/drivers/efc/efc.o
 .debug_macro   0x00010eb0      0x63c src/ASF/sam/drivers/flexcom/flexcom.o
 .debug_macro   0x000114ec      0x590 src/ASF/sam/drivers/pmc/pmc.o
 .debug_macro   0x00011a7c       0x70 src/ASF/sam/drivers/pmc/pmc.o
 .debug_macro   0x00011aec      0x60c src/ASF/sam/drivers/spi/spi.o
 .debug_macro   0x000120f8       0x10 src/ASF/sam/drivers/spi/spi.o
 .debug_macro   0x00012108      0x585 src/ASF/sam/drivers/supc/supc.o
 .debug_macro   0x0001268d      0x5c0 src/ASF/sam/drivers/usart/usart.o
 .debug_macro   0x00012c4d       0x28 src/ASF/sam/drivers/usart/usart.o
 .debug_macro   0x00012c75      0x597 src/ASF/sam/utils/cmsis/samg/samg55/source/templates/gcc/startup_samg55.o
 .debug_macro   0x0001320c       0x10 src/ASF/sam/utils/cmsis/samg/samg55/source/templates/gcc/startup_samg55.o
 .debug_macro   0x0001321c      0x400 src/ASF/sam/utils/cmsis/samg/samg55/source/templates/system_samg55.o
 .debug_macro   0x0001361c       0x2d src/ASF/sam/utils/cmsis/samg/samg55/source/templates/system_samg55.o
 .debug_macro   0x00013649      0x169 src/ASF/sam/utils/syscalls/gcc/syscalls.o
 .debug_macro   0x000137b2       0x4a src/ASF/sam/utils/syscalls/gcc/syscalls.o
 .debug_macro   0x000137fc       0x97 src/ASF/sam/utils/syscalls/gcc/syscalls.o
 .debug_macro   0x00013893       0xef src/ASF/sam/utils/syscalls/gcc/syscalls.o
 .debug_macro   0x00013982       0x52 src/ASF/sam/utils/syscalls/gcc/syscalls.o
 .debug_macro   0x000139d4       0x16 src/ASF/sam/utils/syscalls/gcc/syscalls.o
 .debug_macro   0x000139ea       0x10 src/ASF/sam/utils/syscalls/gcc/syscalls.o
 .debug_macro   0x000139fa       0x10 src/ASF/sam/utils/syscalls/gcc/syscalls.o
 .debug_macro   0x00013a0a       0x10 src/ASF/sam/utils/syscalls/gcc/syscalls.o
 .debug_macro   0x00013a1a       0x35 src/ASF/sam/utils/syscalls/gcc/syscalls.o
 .debug_macro   0x00013a4f      0x122 src/ASF/sam/utils/syscalls/gcc/syscalls.o
 .debug_macro   0x00013b71      0x799 src/spi_example.o
 .debug_macro   0x0001430a       0x16 src/spi_example.o
 .debug_macro   0x00014320       0x1c src/spi_example.o
 .debug_macro   0x0001433c       0x16 src/spi_example.o
 .debug_macro   0x00014352       0x16 src/spi_example.o

.debug_line     0x00000000     0xaaf5
 .debug_line    0x00000000      0xac1 src/ASF/common/services/clock/samg/sysclk.o
 .debug_line    0x00000ac1      0x982 src/ASF/common/services/sleepmgr/sam/sleepmgr.o
 .debug_line    0x00001443      0x934 src/ASF/common/utils/interrupt/interrupt_sam_nvic.o
 .debug_line    0x00001d77      0x921 src/ASF/common/utils/stdio/read.o
 .debug_line    0x00002698      0x917 src/ASF/common/utils/stdio/write.o
 .debug_line    0x00002faf      0xb15 src/ASF/sam/boards/samg55_xplained_pro/board_init.o
 .debug_line    0x00003ac4      0xa65 src/ASF/sam/drivers/efc/efc.o
 .debug_line    0x00004529      0xc7c src/ASF/sam/drivers/flexcom/flexcom.o
 .debug_line    0x000051a5      0xf5e src/ASF/sam/drivers/pmc/pmc.o
 .debug_line    0x00006103      0xc2c src/ASF/sam/drivers/spi/spi.o
 .debug_line    0x00006d2f      0xa16 src/ASF/sam/drivers/supc/supc.o
 .debug_line    0x00007745      0xf42 src/ASF/sam/drivers/usart/usart.o
 .debug_line    0x00008687      0x9af src/ASF/sam/utils/cmsis/samg/samg55/source/templates/gcc/startup_samg55.o
 .debug_line    0x00009036      0x784 src/ASF/sam/utils/cmsis/samg/samg55/source/templates/system_samg55.o
 .debug_line    0x000097ba      0x399 src/ASF/sam/utils/syscalls/gcc/syscalls.o
 .debug_line    0x00009b53      0xfa2 src/spi_example.o

.debug_str      0x00000000    0x515d1
 .debug_str     0x00000000    0x4cea4 src/ASF/common/services/clock/samg/sysclk.o
                              0x4d262 (size before relaxing)
 .debug_str     0x0004cea4      0x1b9 src/ASF/common/services/sleepmgr/sam/sleepmgr.o
                              0x48ee4 (size before relaxing)
 .debug_str     0x0004d05d       0x94 src/ASF/common/utils/interrupt/interrupt_sam_nvic.o
                              0x48da8 (size before relaxing)
 .debug_str     0x0004d0f1       0x3f src/ASF/common/utils/stdio/read.o
                              0x48d57 (size before relaxing)
 .debug_str     0x0004d130       0x2e src/ASF/common/utils/stdio/write.o
                              0x48d59 (size before relaxing)
 .debug_str     0x0004d15e      0x796 src/ASF/sam/boards/samg55_xplained_pro/board_init.o
                              0x4d504 (size before relaxing)
 .debug_str     0x0004d8f4      0x31d src/ASF/sam/drivers/efc/efc.o
                              0x4928d (size before relaxing)
 .debug_str     0x0004dc11      0x175 src/ASF/sam/drivers/flexcom/flexcom.o
                              0x4d04f (size before relaxing)
 .debug_str     0x0004dd86      0x7c4 src/ASF/sam/drivers/pmc/pmc.o
                              0x4991b (size before relaxing)
 .debug_str     0x0004e54a      0x427 src/ASF/sam/drivers/spi/spi.o
                              0x4d147 (size before relaxing)
 .debug_str     0x0004e971      0x21c src/ASF/sam/drivers/supc/supc.o
                              0x48fab (size before relaxing)
 .debug_str     0x0004eb8d      0xb0c src/ASF/sam/drivers/usart/usart.o
                              0x498b2 (size before relaxing)
 .debug_str     0x0004f699      0x67e src/ASF/sam/utils/cmsis/samg/samg55/source/templates/gcc/startup_samg55.o
                              0x49494 (size before relaxing)
 .debug_str     0x0004fd17      0x18d src/ASF/sam/utils/cmsis/samg/samg55/source/templates/system_samg55.o
                              0x3a3c7 (size before relaxing)
 .debug_str     0x0004fea4      0x84b src/ASF/sam/utils/syscalls/gcc/syscalls.o
                               0x6150 (size before relaxing)
 .debug_str     0x000506ef      0xee2 src/spi_example.o
                              0x4e6b5 (size before relaxing)

.debug_frame    0x00000000     0x2360
 .debug_frame   0x00000000       0x60 src/ASF/common/services/clock/samg/sysclk.o
 .debug_frame   0x00000060       0x30 src/ASF/common/utils/interrupt/interrupt_sam_nvic.o
 .debug_frame   0x00000090       0x38 src/ASF/common/utils/stdio/read.o
 .debug_frame   0x000000c8       0x48 src/ASF/common/utils/stdio/write.o
 .debug_frame   0x00000110       0x2c src/ASF/sam/boards/samg55_xplained_pro/board_init.o
 .debug_frame   0x0000013c      0x164 src/ASF/sam/drivers/efc/efc.o
 .debug_frame   0x000002a0       0x80 src/ASF/sam/drivers/flexcom/flexcom.o
 .debug_frame   0x00000320      0x4e4 src/ASF/sam/drivers/pmc/pmc.o
 .debug_frame   0x00000804      0x134 src/ASF/sam/drivers/spi/spi.o
 .debug_frame   0x00000938      0x110 src/ASF/sam/drivers/supc/supc.o
 .debug_frame   0x00000a48      0x520 src/ASF/sam/drivers/usart/usart.o
 .debug_frame   0x00000f68       0x38 src/ASF/sam/utils/cmsis/samg/samg55/source/templates/gcc/startup_samg55.o
 .debug_frame   0x00000fa0       0x40 src/ASF/sam/utils/cmsis/samg/samg55/source/templates/system_samg55.o
 .debug_frame   0x00000fe0       0xa8 src/ASF/sam/utils/syscalls/gcc/syscalls.o
 .debug_frame   0x00001088      0x128 src/spi_example.o
 .debug_frame   0x000011b0       0x2c c:/program files (x86)/atmel/studio/7.0/toolchain/arm/arm-gnu-toolchain/bin/../lib/gcc/arm-none-eabi/4.9.3/../../../../arm-none-eabi/lib/armv7e-m\libc.a(lib_a-init.o)
 .debug_frame   0x000011dc       0x74 c:/program files (x86)/atmel/studio/7.0/toolchain/arm/arm-gnu-toolchain/bin/../lib/gcc/arm-none-eabi/4.9.3/../../../../arm-none-eabi/lib/armv7e-m\libc.a(lib_a-iprintf.o)
 .debug_frame   0x00001250       0x74 c:/program files (x86)/atmel/studio/7.0/toolchain/arm/arm-gnu-toolchain/bin/../lib/gcc/arm-none-eabi/4.9.3/../../../../arm-none-eabi/lib/armv7e-m\libc.a(lib_a-iscanf.o)
 .debug_frame   0x000012c4       0x34 c:/program files (x86)/atmel/studio/7.0/toolchain/arm/arm-gnu-toolchain/bin/../lib/gcc/arm-none-eabi/4.9.3/../../../../arm-none-eabi/lib/armv7e-m\libc.a(lib_a-memset.o)
 .debug_frame   0x000012f8       0x44 c:/program files (x86)/atmel/studio/7.0/toolchain/arm/arm-gnu-toolchain/bin/../lib/gcc/arm-none-eabi/4.9.3/../../../../arm-none-eabi/lib/armv7e-m\libc.a(lib_a-puts.o)
 .debug_frame   0x0000133c       0x20 c:/program files (x86)/atmel/studio/7.0/toolchain/arm/arm-gnu-toolchain/bin/../lib/gcc/arm-none-eabi/4.9.3/../../../../arm-none-eabi/lib/armv7e-m\libc.a(lib_a-setbuf.o)
 .debug_frame   0x0000135c       0x30 c:/program files (x86)/atmel/studio/7.0/toolchain/arm/arm-gnu-toolchain/bin/../lib/gcc/arm-none-eabi/4.9.3/../../../../arm-none-eabi/lib/armv7e-m\libc.a(lib_a-setvbuf.o)
 .debug_frame   0x0000138c       0x20 c:/program files (x86)/atmel/studio/7.0/toolchain/arm/arm-gnu-toolchain/bin/../lib/gcc/arm-none-eabi/4.9.3/../../../../arm-none-eabi/lib/armv7e-m\libc.a(lib_a-strlen.o)
 .debug_frame   0x000013ac       0xd8 c:/program files (x86)/atmel/studio/7.0/toolchain/arm/arm-gnu-toolchain/bin/../lib/gcc/arm-none-eabi/4.9.3/../../../../arm-none-eabi/lib/armv7e-m\libc.a(lib_a-vfiprintf.o)
 .debug_frame   0x00001484       0xbc c:/program files (x86)/atmel/studio/7.0/toolchain/arm/arm-gnu-toolchain/bin/../lib/gcc/arm-none-eabi/4.9.3/../../../../arm-none-eabi/lib/armv7e-m\libc.a(lib_a-vfiscanf.o)
 .debug_frame   0x00001540       0x2c c:/program files (x86)/atmel/studio/7.0/toolchain/arm/arm-gnu-toolchain/bin/../lib/gcc/arm-none-eabi/4.9.3/../../../../arm-none-eabi/lib/armv7e-m\libc.a(lib_a-wsetup.o)
 .debug_frame   0x0000156c       0x50 c:/program files (x86)/atmel/studio/7.0/toolchain/arm/arm-gnu-toolchain/bin/../lib/gcc/arm-none-eabi/4.9.3/../../../../arm-none-eabi/lib/armv7e-m\libc.a(lib_a-__call_atexit.o)
 .debug_frame   0x000015bc       0x20 c:/program files (x86)/atmel/studio/7.0/toolchain/arm/arm-gnu-toolchain/bin/../lib/gcc/arm-none-eabi/4.9.3/../../../../arm-none-eabi/lib/armv7e-m\libc.a(lib_a-atexit.o)
 .debug_frame   0x000015dc       0x6c c:/program files (x86)/atmel/studio/7.0/toolchain/arm/arm-gnu-toolchain/bin/../lib/gcc/arm-none-eabi/4.9.3/../../../../arm-none-eabi/lib/armv7e-m\libc.a(lib_a-fflush.o)