Archive member included because of file (symbol)

c:/program files (x86)/atmel/studio/7.0/toolchain/arm/arm-gnu-toolchain/bin/../lib/gcc/arm-none-eabi/4.9.3/armv7e-m\libgcc.a(_aeabi_uldivmod.o)
                              src/ASF/sam/drivers/uhp/ohci/ohci_hcd.o (__aeabi_uldivmod)
c:/program files (x86)/atmel/studio/7.0/toolchain/arm/arm-gnu-toolchain/bin/../lib/gcc/arm-none-eabi/4.9.3/armv7e-m\libgcc.a(bpabi.o)
                              c:/program files (x86)/atmel/studio/7.0/toolchain/arm/arm-gnu-toolchain/bin/../lib/gcc/arm-none-eabi/4.9.3/armv7e-m\libgcc.a(_aeabi_uldivmod.o) (__gnu_uldivmod_helper)
c:/program files (x86)/atmel/studio/7.0/toolchain/arm/arm-gnu-toolchain/bin/../lib/gcc/arm-none-eabi/4.9.3/armv7e-m\libgcc.a(_dvmd_tls.o)
                              c:/program files (x86)/atmel/studio/7.0/toolchain/arm/arm-gnu-toolchain/bin/../lib/gcc/arm-none-eabi/4.9.3/armv7e-m\libgcc.a(_aeabi_uldivmod.o) (__aeabi_ldiv0)
c:/program files (x86)/atmel/studio/7.0/toolchain/arm/arm-gnu-toolchain/bin/../lib/gcc/arm-none-eabi/4.9.3/armv7e-m\libgcc.a(_divdi3.o)
                              c:/program files (x86)/atmel/studio/7.0/toolchain/arm/arm-gnu-toolchain/bin/../lib/gcc/arm-none-eabi/4.9.3/armv7e-m\libgcc.a(bpabi.o) (__divdi3)
c:/program files (x86)/atmel/studio/7.0/toolchain/arm/arm-gnu-toolchain/bin/../lib/gcc/arm-none-eabi/4.9.3/armv7e-m\libgcc.a(_udivdi3.o)
                              c:/program files (x86)/atmel/studio/7.0/toolchain/arm/arm-gnu-toolchain/bin/../lib/gcc/arm-none-eabi/4.9.3/armv7e-m\libgcc.a(bpabi.o) (__udivdi3)
c:/program files (x86)/atmel/studio/7.0/toolchain/arm/arm-gnu-toolchain/bin/../lib/gcc/arm-none-eabi/4.9.3/../../../../arm-none-eabi/lib/armv7e-m\libc.a(lib_a-exit.o)
                              c:/program files (x86)/atmel/studio/7.0/toolchain/arm/arm-gnu-toolchain/bin/../lib/gcc/arm-none-eabi/4.9.3/../../../../arm-none-eabi/lib/armv7e-m/crt0.o (exit)
c:/program files (x86)/atmel/studio/7.0/toolchain/arm/arm-gnu-toolchain/bin/../lib/gcc/arm-none-eabi/4.9.3/../../../../arm-none-eabi/lib/armv7e-m\libc.a(lib_a-impure.o)
                              c:/program files (x86)/atmel/studio/7.0/toolchain/arm/arm-gnu-toolchain/bin/../lib/gcc/arm-none-eabi/4.9.3/../../../../arm-none-eabi/lib/armv7e-m\libc.a(lib_a-exit.o) (_global_impure_ptr)
c:/program files (x86)/atmel/studio/7.0/toolchain/arm/arm-gnu-toolchain/bin/../lib/gcc/arm-none-eabi/4.9.3/../../../../arm-none-eabi/lib/armv7e-m\libc.a(lib_a-init.o)
                              c:/program files (x86)/atmel/studio/7.0/toolchain/arm/arm-gnu-toolchain/bin/../lib/gcc/arm-none-eabi/4.9.3/../../../../arm-none-eabi/lib/armv7e-m/crt0.o (__libc_init_array)
c:/program files (x86)/atmel/studio/7.0/toolchain/arm/arm-gnu-toolchain/bin/../lib/gcc/arm-none-eabi/4.9.3/../../../../arm-none-eabi/lib/armv7e-m\libc.a(lib_a-iprintf.o)
                              src/ASF/sam/utils/syscalls/gcc/syscalls.o (iprintf)
c:/program files (x86)/atmel/studio/7.0/toolchain/arm/arm-gnu-toolchain/bin/../lib/gcc/arm-none-eabi/4.9.3/../../../../arm-none-eabi/lib/armv7e-m\libc.a(lib_a-malloc.o)
                              src/ASF/common/services/usb/class/cdc/host/uhi_cdc.o (malloc)
c:/program files (x86)/atmel/studio/7.0/toolchain/arm/arm-gnu-toolchain/bin/../lib/gcc/arm-none-eabi/4.9.3/../../../../arm-none-eabi/lib/armv7e-m\libc.a(lib_a-mallocr.o)
                              c:/program files (x86)/atmel/studio/7.0/toolchain/arm/arm-gnu-toolchain/bin/../lib/gcc/arm-none-eabi/4.9.3/../../../../arm-none-eabi/lib/armv7e-m\libc.a(lib_a-malloc.o) (_malloc_r)
c:/program files (x86)/atmel/studio/7.0/toolchain/arm/arm-gnu-toolchain/bin/../lib/gcc/arm-none-eabi/4.9.3/../../../../arm-none-eabi/lib/armv7e-m\libc.a(lib_a-memcpy.o)
                              src/ASF/thirdparty/freertos/freertos-7.3.0/source/queue.o (memcpy)
c:/program files (x86)/atmel/studio/7.0/toolchain/arm/arm-gnu-toolchain/bin/../lib/gcc/arm-none-eabi/4.9.3/../../../../arm-none-eabi/lib/armv7e-m\libc.a(lib_a-memset.o)
                              c:/program files (x86)/atmel/studio/7.0/toolchain/arm/arm-gnu-toolchain/bin/../lib/gcc/arm-none-eabi/4.9.3/../../../../arm-none-eabi/lib/armv7e-m/crt0.o (memset)
c:/program files (x86)/atmel/studio/7.0/toolchain/arm/arm-gnu-toolchain/bin/../lib/gcc/arm-none-eabi/4.9.3/../../../../arm-none-eabi/lib/armv7e-m\libc.a(lib_a-mlock.o)
                              c:/program files (x86)/atmel/studio/7.0/toolchain/arm/arm-gnu-toolchain/bin/../lib/gcc/arm-none-eabi/4.9.3/../../../../arm-none-eabi/lib/armv7e-m\libc.a(lib_a-mallocr.o) (__malloc_lock)
c:/program files (x86)/atmel/studio/7.0/toolchain/arm/arm-gnu-toolchain/bin/../lib/gcc/arm-none-eabi/4.9.3/../../../../arm-none-eabi/lib/armv7e-m\libc.a(lib_a-puts.o)
                              src/main.o (puts)
[...]
Memory Configuration

Name             Origin             Length             Attributes
rom              0x00400000         0x00080000         xr
ram              0x20000000         0x00028000         xrw
*default*        0x00000000         0xffffffff

Linker script and memory map

LOAD c:/program files (x86)/atmel/studio/7.0/toolchain/arm/arm-gnu-toolchain/bin/../lib/gcc/arm-none-eabi/4.9.3/armv7e-m/crti.o
LOAD c:/program files (x86)/atmel/studio/7.0/toolchain/arm/arm-gnu-toolchain/bin/../lib/gcc/arm-none-eabi/4.9.3/armv7e-m/crtbegin.o
LOAD c:/program files (x86)/atmel/studio/7.0/toolchain/arm/arm-gnu-toolchain/bin/../lib/gcc/arm-none-eabi/4.9.3/../../../../arm-none-eabi/lib/armv7e-m/crt0.o
LOAD src/ASF/common/services/serial/usart_serial.o
LOAD src/ASF/common/utils/stdio/read.o
LOAD src/ASF/common/utils/stdio/write.o
LOAD src/ASF/sam/drivers/pdc/pdc.o
LOAD src/ASF/thirdparty/freertos/freertos-7.3.0/source/FreeRTOS_CLI.o
LOAD src/ASF/thirdparty/freertos/freertos-7.3.0/source/list.o
LOAD src/ASF/thirdparty/freertos/freertos-7.3.0/source/portable/gcc/sam_cm4f/port.o
LOAD src/ASF/thirdparty/freertos/freertos-7.3.0/source/portable/memmang/heap_4.o
LOAD src/ASF/thirdparty/freertos/freertos-7.3.0/source/queue.o
LOAD src/ASF/thirdparty/freertos/freertos-7.3.0/source/tasks.o
LOAD src/ASF/thirdparty/freertos/freertos-7.3.0/source/timers.o
LOAD src/camera.o
LOAD src/ASF/common/services/usb/class/cdc/host/example/samg55j19_samg_xplained_pro/ui.o
LOAD src/ASF/common/services/clock/samg/sysclk.o
LOAD src/ASF/common/services/delay/sam/cycle_counter.o
LOAD src/ASF/common/services/sleepmgr/sam/sleepmgr.o
LOAD src/ASF/common/services/usb/class/cdc/host/uhi_cdc.o
LOAD src/ASF/common/services/usb/uhc/uhc.o
LOAD src/ASF/common/utils/interrupt/interrupt_sam_nvic.o
LOAD src/ASF/sam/boards/samg55_xplained_pro/board_init.o
LOAD src/ASF/sam/drivers/efc/efc.o
LOAD src/ASF/sam/drivers/flexcom/flexcom.o
LOAD src/ASF/sam/drivers/matrix/matrix.o
LOAD src/ASF/sam/drivers/pio/pio.o
LOAD src/ASF/sam/drivers/pio/pio_handler.o
LOAD src/ASF/sam/drivers/pmc/pmc.o
LOAD src/ASF/sam/drivers/pmc/sleep.o
LOAD src/ASF/sam/drivers/supc/supc.o
LOAD src/ASF/sam/drivers/uhp/ohci/ohci_hcd.o
LOAD src/ASF/sam/drivers/uhp/uhp_host.o
LOAD src/ASF/sam/drivers/usart/usart.o
LOAD src/ASF/sam/utils/cmsis/samg/samg55/source/templates/gcc/startup_samg55.o
LOAD src/ASF/sam/utils/cmsis/samg/samg55/source/templates/system_samg55.o
LOAD src/ASF/sam/utils/syscalls/gcc/syscalls.o
LOAD src/crc8.o
LOAD src/main.o
LOAD src/temperature.o
LOAD src/uart_sam.o
START GROUP
LOAD ../src/ASF/thirdparty/CMSIS/Lib/GCC\libarm_cortexM4lf_math_softfp.a
LOAD c:/program files (x86)/atmel/studio/7.0/toolchain/arm/arm-gnu-toolchain/bin/../lib/gcc/arm-none-eabi/4.9.3/../../../../arm-none-eabi/lib/armv7e-m\libm.a
END GROUP
START GROUP
LOAD c:/program files (x86)/atmel/studio/7.0/toolchain/arm/arm-gnu-toolchain/bin/../lib/gcc/arm-none-eabi/4.9.3/armv7e-m\libgcc.a
LOAD c:/program files (x86)/atmel/studio/7.0/toolchain/arm/arm-gnu-toolchain/bin/../lib/gcc/arm-none-eabi/4.9.3/../../../../arm-none-eabi/lib/armv7e-m\libc.a
END GROUP
LOAD c:/program files (x86)/atmel/studio/7.0/toolchain/arm/arm-gnu-toolchain/bin/../lib/gcc/arm-none-eabi/4.9.3/armv7e-m/crtend.o
LOAD c:/program files (x86)/atmel/studio/7.0/toolchain/arm/arm-gnu-toolchain/bin/../lib/gcc/arm-none-eabi/4.9.3/armv7e-m/crtn.o
                0x00003000                __stack_size__ = DEFINED (__stack_size__)?__stack_size__:0x3000
                0x20027ffc                __ram_end__ = ((ORIGIN (ram) + 0x28000) - 0x4)

.text           0x00400000     0xc1c4
                0x00400000                . = ALIGN (0x4)
                0x00400000                _sfixed = .
 *(.vectors .vectors.*)
 .vectors       0x00400000      0x148 src/ASF/sam/utils/cmsis/samg/samg55/source/templates/gcc/startup_samg55.o
                0x00400000                exception_table
 *(.text .text.* .gnu.linkonce.t.*)
 .text          0x00400148       0x5c c:/program files (x86)/atmel/studio/7.0/toolchain/arm/arm-gnu-toolchain/bin/../lib/gcc/arm-none-eabi/4.9.3/armv7e-m/crtbegin.o
 .text._read    0x004001a4       0x58 src/ASF/common/utils/stdio/read.o
                0x004001a4                _read
 .text._write   0x004001fc       0x70 src/ASF/common/utils/stdio/write.o
                0x004001fc                _write
 .text.pdc_tx_init
                0x0040026c       0x44 src/ASF/sam/drivers/pdc/pdc.o
                0x0040026c                pdc_tx_init
 .text.pdc_enable_transfer
                0x004002b0       0x20 src/ASF/sam/drivers/pdc/pdc.o
                0x004002b0                pdc_enable_transfer
 .text.pdc_disable_transfer
                0x004002d0       0x20 src/ASF/sam/drivers/pdc/pdc.o
                0x004002d0                pdc_disable_transfer
 .text.vListInitialise
                0x004002f0       0x40 src/ASF/thirdparty/freertos/freertos-7.3.0/source/list.o
                0x004002f0                vListInitialise
 .text.vListInitialiseItem
                0x00400330       0x18 src/ASF/thirdparty/freertos/freertos-7.3.0/source/list.o
                0x00400330                vListInitialiseItem
 .text.vListInsertEnd
                0x00400348       0x50 src/ASF/thirdparty/freertos/freertos-7.3.0/source/list.o
                0x00400348                vListInsertEnd
 .text.vListInsert
                0x00400398       0x70 src/ASF/thirdparty/freertos/freertos-7.3.0/source/list.o
                0x00400398                vListInsert
 .text.uxListRemove
                0x00400408       0x54 src/ASF/thirdparty/freertos/freertos-7.3.0/source/list.o
                0x00400408                uxListRemove
 .text.osc_get_rate
                0x0040045c       0x74 src/ASF/thirdparty/freertos/freertos-7.3.0/source/portable/gcc/sam_cm4f/port.o
 .text.sysclk_get_main_hz
                0x004004d0       0x1c src/ASF/thirdparty/freertos/freertos-7.3.0/source/portable/gcc/sam_cm4f/port.o
 .text.sysclk_get_cpu_hz
                0x004004ec       0x14 src/ASF/thirdparty/freertos/freertos-7.3.0/source/portable/gcc/sam_cm4f/port.o
 .text.pxPortInitialiseStack
                0x00400500       0x60 src/ASF/thirdparty/freertos/freertos-7.3.0/source/portable/gcc/sam_cm4f/port.o
                0x00400500                pxPortInitialiseStack
 .text.SVC_Handler
                0x00400560       0x1c src/ASF/thirdparty/freertos/freertos-7.3.0/source/portable/gcc/sam_cm4f/port.o
                0x00400560                SVC_Handler
 .text.prvPortStartFirstTask
                0x0040057c       0x14 src/ASF/thirdparty/freertos/freertos-7.3.0/source/portable/gcc/sam_cm4f/port.o
 .text.xPortStartScheduler
                0x00400590       0x58 src/ASF/thirdparty/freertos/freertos-7.3.0/source/portable/gcc/sam_cm4f/port.o
                0x00400590                xPortStartScheduler
 .text.vPortYieldFromISR
                0x004005e8       0x18 src/ASF/thirdparty/freertos/freertos-7.3.0/source/portable/gcc/sam_cm4f/port.o
                0x004005e8                vPortYieldFromISR
 .text.vPortEnterCritical
                0x00400600       0x1c src/ASF/thirdparty/freertos/freertos-7.3.0/source/portable/gcc/sam_cm4f/port.o
                0x00400600                vPortEnterCritical
 .text.vPortExitCritical
                0x0040061c       0x28 src/ASF/thirdparty/freertos/freertos-7.3.0/source/portable/gcc/sam_cm4f/port.o
                0x0040061c                vPortExitCritical
 .text.ulPortSetInterruptMask
                0x00400644       0x14 src/ASF/thirdparty/freertos/freertos-7.3.0/source/portable/gcc/sam_cm4f/port.o
                0x00400644                ulPortSetInterruptMask
 .text.vPortClearInterruptMask
                0x00400658        0x8 src/ASF/thirdparty/freertos/freertos-7.3.0/source/portable/gcc/sam_cm4f/port.o
                0x00400658                vPortClearInterruptMask
 .text.PendSV_Handler
                0x00400660       0x50 src/ASF/thirdparty/freertos/freertos-7.3.0/source/portable/gcc/sam_cm4f/port.o
                0x00400660                PendSV_Handler
 .text.xPortSysTickHandler
                0x004006b0       0x2c src/ASF/thirdparty/freertos/freertos-7.3.0/source/portable/gcc/sam_cm4f/port.o
                0x004006b0                xPortSysTickHandler
 .text.vPortSetupTimerInterrupt
                0x004006dc       0x30 src/ASF/thirdparty/freertos/freertos-7.3.0/source/portable/gcc/sam_cm4f/port.o
                0x004006dc                vPortSetupTimerInterrupt
 .text.vPortEnableVFP
                0x0040070c       0x14 src/ASF/thirdparty/freertos/freertos-7.3.0/source/portable/gcc/sam_cm4f/port.o
 .text.pvPortMalloc
                0x00400720      0x10c src/ASF/thirdparty/freertos/freertos-7.3.0/source/portable/memmang/heap_4.o
                0x00400720                pvPortMalloc
 .text.vPortFree
                0x0040082c       0x54 src/ASF/thirdparty/freertos/freertos-7.3.0/source/portable/memmang/heap_4.o
                0x0040082c                vPortFree
 .text.prvHeapInit
                0x00400880       0x90 src/ASF/thirdparty/freertos/freertos-7.3.0/source/portable/memmang/heap_4.o
 .text.prvInsertBlockIntoFreeList
                0x00400910       0xb0 src/ASF/thirdparty/freertos/freertos-7.3.0/source/portable/memmang/heap_4.o
 .text.xQueueGenericReset
                0x004009c0       0xc8 src/ASF/thirdparty/freertos/freertos-7.3.0/source/queue.o
                0x004009c0                xQueueGenericReset
 .text.xQueueGenericCreate
                0x00400a88       0x98 src/ASF/thirdparty/freertos/freertos-7.3.0/source/queue.o
                0x00400a88                xQueueGenericCreate
 .text.xQueueGenericSend
                0x00400b20      0x170 src/ASF/thirdparty/freertos/freertos-7.3.0/source/queue.o
                0x00400b20                xQueueGenericSend
 .text.xQueueGenericSendFromISR
                0x00400c90       0xbc src/ASF/thirdparty/freertos/freertos-7.3.0/source/queue.o
                0x00400c90                xQueueGenericSendFromISR
 .text.xQueueGenericReceive
                0x00400d4c      0x1d8 src/ASF/thirdparty/freertos/freertos-7.3.0/source/queue.o
                0x00400d4c                xQueueGenericReceive
 .text.prvCopyDataToQueue
                0x00400f24       0xc0 src/ASF/thirdparty/freertos/freertos-7.3.0/source/queue.o
 .text.prvCopyDataFromQueue
                0x00400fe4       0x50 src/ASF/thirdparty/freertos/freertos-7.3.0/source/queue.o
 .text.prvUnlockQueue
                0x00401034       0xa8 src/ASF/thirdparty/freertos/freertos-7.3.0/source/queue.o
 .text.prvIsQueueEmpty
                0x004010dc       0x34 src/ASF/thirdparty/freertos/freertos-7.3.0/source/queue.o
 .text.prvIsQueueFull
                0x00401110       0x38 src/ASF/thirdparty/freertos/freertos-7.3.0/source/queue.o
 .text.vQueueWaitForMessageRestricted
                0x00401148       0x64 src/ASF/thirdparty/freertos/freertos-7.3.0/source/queue.o
                0x00401148                vQueueWaitForMessageRestricted
 .text.xTaskGenericCreate
                0x004011ac      0x1a8 src/ASF/thirdparty/freertos/freertos-7.3.0/source/tasks.o
                0x004011ac                xTaskGenericCreate
 .text.vTaskStartScheduler
                0x00401354       0x80 src/ASF/thirdparty/freertos/freertos-7.3.0/source/tasks.o
                0x00401354                vTaskStartScheduler
 .text.vTaskSuspendAll
                0x004013d4       0x1c src/ASF/thirdparty/freertos/freertos-7.3.0/source/tasks.o
                0x004013d4                vTaskSuspendAll
 .text.xTaskResumeAll
                0x004013f0      0x120 src/ASF/thirdparty/freertos/freertos-7.3.0/source/tasks.o
                0x004013f0                xTaskResumeAll
 .text.xTaskGetTickCount
                0x00401510       0x2c src/ASF/thirdparty/freertos/freertos-7.3.0/source/tasks.o
                0x00401510                xTaskGetTickCount
 .text.vTaskIncrementTick
                0x0040153c      0x148 src/ASF/thirdparty/freertos/freertos-7.3.0/source/tasks.o
                0x0040153c                vTaskIncrementTick
 .text.vTaskSwitchContext
                0x00401684       0xa4 src/ASF/thirdparty/freertos/freertos-7.3.0/source/tasks.o
                0x00401684                vTaskSwitchContext
 .text.vTaskPlaceOnEventList
                0x00401728       0x80 src/ASF/thirdparty/freertos/freertos-7.3.0/source/tasks.o
                0x00401728                vTaskPlaceOnEventList
 .text.vTaskPlaceOnEventListRestricted
                0x004017a8       0x60 src/ASF/thirdparty/freertos/freertos-7.3.0/source/tasks.o
                0x004017a8                vTaskPlaceOnEventListRestricted
 .text.xTaskRemoveFromEventList
                0x00401808       0xbc src/ASF/thirdparty/freertos/freertos-7.3.0/source/tasks.o
                0x00401808                xTaskRemoveFromEventList
 .text.vTaskSetTimeOutState
                0x004018c4       0x38 src/ASF/thirdparty/freertos/freertos-7.3.0/source/tasks.o
                0x004018c4                vTaskSetTimeOutState
 .text.xTaskCheckForTimeOut
                0x004018fc       0xb4 src/ASF/thirdparty/freertos/freertos-7.3.0/source/tasks.o
                0x004018fc                xTaskCheckForTimeOut
 .text.vTaskMissedYield
                0x004019b0       0x18 src/ASF/thirdparty/freertos/freertos-7.3.0/source/tasks.o
                0x004019b0                vTaskMissedYield
 .text.prvIdleTask
                0x004019c8       0x28 src/ASF/thirdparty/freertos/freertos-7.3.0/source/tasks.o
 .text.prvInitialiseTCBVariables
                0x004019f0       0x74 src/ASF/thirdparty/freertos/freertos-7.3.0/source/tasks.o
 .text.prvInitialiseTaskLists
                0x00401a64       0x80 src/ASF/thirdparty/freertos/freertos-7.3.0/source/tasks.o
 .text.prvCheckTasksWaitingTermination
                0x00401ae4       0x8c src/ASF/thirdparty/freertos/freertos-7.3.0/source/tasks.o
 .text.prvAddCurrentTaskToDelayedList
                0x00401b70       0x70 src/ASF/thirdparty/freertos/freertos-7.3.0/source/tasks.o
 .text.prvAllocateTCBAndStack
                0x00401be0       0x70 src/ASF/thirdparty/freertos/freertos-7.3.0/source/tasks.o
 .text.prvDeleteTCB
                0x00401c50       0x24 src/ASF/thirdparty/freertos/freertos-7.3.0/source/tasks.o
 .text.xTaskGetCurrentTaskHandle
                0x00401c74       0x20 src/ASF/thirdparty/freertos/freertos-7.3.0/source/tasks.o
                0x00401c74                xTaskGetCurrentTaskHandle
 .text.xTaskGetSchedulerState
                0x00401c94       0x3c src/ASF/thirdparty/freertos/freertos-7.3.0/source/tasks.o
                0x00401c94                xTaskGetSchedulerState
 .text.vTaskPriorityInherit
                0x00401cd0       0xb0 src/ASF/thirdparty/freertos/freertos-7.3.0/source/tasks.o
                0x00401cd0                vTaskPriorityInherit
 .text.vTaskPriorityDisinherit
                0x00401d80       0x84 src/ASF/thirdparty/freertos/freertos-7.3.0/source/tasks.o
                0x00401d80                vTaskPriorityDisinherit
 .text.xTimerCreateTimerTask
                0x00401e04       0x68 src/ASF/thirdparty/freertos/freertos-7.3.0/source/timers.o
                0x00401e04                xTimerCreateTimerTask
 .text.xTimerCreate
                0x00401e6c       0x7c src/ASF/thirdparty/freertos/freertos-7.3.0/source/timers.o
                0x00401e6c                xTimerCreate
 .text.xTimerGenericCommand
                0x00401ee8       0x98 src/ASF/thirdparty/freertos/freertos-7.3.0/source/timers.o
                0x00401ee8                xTimerGenericCommand
 .text.prvProcessExpiredTimer
                0x00401f80       0x84 src/ASF/thirdparty/freertos/freertos-7.3.0/source/timers.o
 .text.prvTimerTask
                0x00402004       0x30 src/ASF/thirdparty/freertos/freertos-7.3.0/source/timers.o
 .text.prvProcessTimerOrBlockTask
                0x00402034       0x84 src/ASF/thirdparty/freertos/freertos-7.3.0/source/timers.o
 .text.prvGetNextExpireTime
                0x004020b8       0x48 src/ASF/thirdparty/freertos/freertos-7.3.0/source/timers.o
 .text.prvSampleTimeNow
                0x00402100       0x4c src/ASF/thirdparty/freertos/freertos-7.3.0/source/timers.o
 .text.prvInsertTimerInActiveList
                0x0040214c       0x88 src/ASF/thirdparty/freertos/freertos-7.3.0/source/timers.o
 .text.prvProcessReceivedCommands
                0x004021d4      0x114 src/ASF/thirdparty/freertos/freertos-7.3.0/source/timers.o
 .text.prvSwitchTimerLists
                0x004022e8       0xc4 src/ASF/thirdparty/freertos/freertos-7.3.0/source/timers.o
 .text.prvCheckForValidListAndQueue
                0x004023ac       0x64 src/ASF/thirdparty/freertos/freertos-7.3.0/source/timers.o
 .text.CameraPictureRxNotify
                0x00402410      0x2bc src/camera.o
                0x00402410                CameraPictureRxNotify
 .text.ioport_set_pin_level
                0x004026cc       0x6c src/ASF/common/services/usb/class/cdc/host/example/samg55j19_samg_xplained_pro/ui.o
 .text.ioport_toggle_pin_level
                0x00402738       0x6c src/ASF/common/services/usb/class/cdc/host/example/samg55j19_samg_xplained_pro/ui.o
 .text.ui_init  0x004027a4       0x14 src/ASF/common/services/usb/class/cdc/host/example/samg55j19_samg_xplained_pro/ui.o
                0x004027a4                ui_init
 .text.ui_usb_connection_event
                0x004027b8       0x34 src/ASF/common/services/usb/class/cdc/host/example/samg55j19_samg_xplained_pro/ui.o
                0x004027b8                ui_usb_connection_event
 .text.ui_usb_enum_event
                0x004027ec       0x8c src/ASF/common/services/usb/class/cdc/host/example/samg55j19_samg_xplained_pro/ui.o
                0x004027ec                ui_usb_enum_event
 .text.ui_usb_wakeup_event
                0x00402878        0xc src/ASF/common/services/usb/class/cdc/host/example/samg55j19_samg_xplained_pro/ui.o
                0x00402878                ui_usb_wakeup_event
 .text.ui_usb_sof_event
                0x00402884       0x54 src/ASF/common/services/usb/class/cdc/host/example/samg55j19_samg_xplained_pro/ui.o
                0x00402884                ui_usb_sof_event
 .text.ui_com_rx_start
                0x004028d8       0x1c src/ASF/common/services/usb/class/cdc/host/example/samg55j19_samg_xplained_pro/ui.o
                0x004028d8                ui_com_rx_start
 .text.ui_com_rx_stop
                0x004028f4       0x18 src/ASF/common/services/usb/class/cdc/host/example/samg55j19_samg_xplained_pro/ui.o
                0x004028f4                ui_com_rx_stop
 .text.ui_com_tx_start
                0x0040290c       0x1c src/ASF/common/services/usb/class/cdc/host/example/samg55j19_samg_xplained_pro/ui.o
                0x0040290c                ui_com_tx_start
 .text.ui_com_tx_stop
                0x00402928       0x18 src/ASF/common/services/usb/class/cdc/host/example/samg55j19_samg_xplained_pro/ui.o
                0x00402928                ui_com_tx_stop
 .text.ui_com_error
                0x00402940        0xc src/ASF/common/services/usb/class/cdc/host/example/samg55j19_samg_xplained_pro/ui.o
                0x00402940                ui_com_error
 .text.ui_com_overflow
                0x0040294c        0xc src/ASF/common/services/usb/class/cdc/host/example/samg55j19_samg_xplained_pro/ui.o
                0x0040294c                ui_com_overflow
 .text.osc_enable
                0x00402958       0x84 src/ASF/common/services/clock/samg/sysclk.o
 .text.osc_is_ready
                0x004029dc       0x70 src/ASF/common/services/clock/samg/sysclk.o
 .text.osc_get_rate
                0x00402a4c       0x74 src/ASF/common/services/clock/samg/sysclk.o
 .text.osc_wait_ready
                0x00402ac0       0x2c src/ASF/common/services/clock/samg/sysclk.o
 .text.pll_config_init
                0x00402aec       0x54 src/ASF/common/services/clock/samg/sysclk.o
 .text.pll_enable
                0x00402b40       0x3c src/ASF/common/services/clock/samg/sysclk.o
 .text.pll_is_locked
                0x00402b7c       0x38 src/ASF/common/services/clock/samg/sysclk.o
 .text.pll_enable_source
                0x00402bb4       0x34 src/ASF/common/services/clock/samg/sysclk.o
 .text.pll_wait_for_lock
                0x00402be8       0x24 src/ASF/common/services/clock/samg/sysclk.o
 .text.sysclk_get_main_hz
                0x00402c0c       0x1c src/ASF/common/services/clock/samg/sysclk.o
 .text.sysclk_get_cpu_hz
                0x00402c28       0x14 src/ASF/common/services/clock/samg/sysclk.o
 .text.sysclk_enable_usb
                0x00402c3c       0x58 src/ASF/common/services/clock/samg/sysclk.o
                0x00402c3c                sysclk_enable_usb
 .text.sysclk_init
                0x00402c94       0xcc src/ASF/common/services/clock/samg/sysclk.o
                0x00402c94                sysclk_init
 .text.cpu_irq_save
                0x00402d60       0x38 src/ASF/common/services/usb/class/cdc/host/uhi_cdc.o
 .text.cpu_irq_is_enabled_flags
                0x00402d98       0x20 src/ASF/common/services/usb/class/cdc/host/uhi_cdc.o
 .text.cpu_irq_restore
                0x00402db8       0x30 src/ASF/common/services/usb/class/cdc/host/uhi_cdc.o
 .text.uhi_cdc_install
                0x00402de8      0x41c src/ASF/common/services/usb/class/cdc/host/uhi_cdc.o
                0x00402de8                uhi_cdc_install
 .text.uhi_cdc_enable
                0x00403204       0x30 src/ASF/common/services/usb/class/cdc/host/uhi_cdc.o
                0x00403204                uhi_cdc_enable
 .text.uhi_cdc_uninstall
                0x00403234       0x2c src/ASF/common/services/usb/class/cdc/host/uhi_cdc.o
                0x00403234                uhi_cdc_uninstall
 .text.uhi_cdc_sof
                0x00403260       0x6c src/ASF/common/services/usb/class/cdc/host/uhi_cdc.o
                0x00403260                uhi_cdc_sof
 .text.uhi_cdc_free_device
                0x004032cc       0xf8 src/ASF/common/services/usb/class/cdc/host/uhi_cdc.o
 .text.uhi_cdc_get_port
                0x004033c4       0x44 src/ASF/common/services/usb/class/cdc/host/uhi_cdc.o
 .text.uhi_cdc_set_conf
                0x00403408       0x88 src/ASF/common/services/usb/class/cdc/host/uhi_cdc.o
 .text.uhi_cdc_set_ctrl_line
                0x00403490       0x80 src/ASF/common/services/usb/class/cdc/host/uhi_cdc.o
 .text.uhi_cdc_rx_update
                0x00403510      0x13c src/ASF/common/services/usb/class/cdc/host/uhi_cdc.o
 .text.uhi_cdc_rx_received
                0x0040364c       0xe0 src/ASF/common/services/usb/class/cdc/host/uhi_cdc.o
 .text.uhi_cdc_tx_update
                0x0040372c       0xf0 src/ASF/common/services/usb/class/cdc/host/uhi_cdc.o
 .text.uhi_cdc_tx_send
                0x0040381c       0xe8 src/ASF/common/services/usb/class/cdc/host/uhi_cdc.o
 .text.uhi_cdc_open
                0x00403904       0x54 src/ASF/common/services/usb/class/cdc/host/uhi_cdc.o
                0x00403904                uhi_cdc_open
 .text.uhi_cdc_is_rx_ready
                0x00403958       0x2c src/ASF/common/services/usb/class/cdc/host/uhi_cdc.o
                0x00403958                uhi_cdc_is_rx_ready
 .text.uhi_cdc_get_nb_received
                0x00403984       0x48 src/ASF/common/services/usb/class/cdc/host/uhi_cdc.o
                0x00403984                uhi_cdc_get_nb_received
 .text.uhi_cdc_getc
                0x004039cc       0xb8 src/ASF/common/services/usb/class/cdc/host/uhi_cdc.o
                0x004039cc                uhi_cdc_getc
 .text.uhi_cdc_is_tx_ready
                0x00403a84       0x50 src/ASF/common/services/usb/class/cdc/host/uhi_cdc.o
                0x00403a84                uhi_cdc_is_tx_ready
 .text.uhi_cdc_putc
                0x00403ad4       0xc4 src/ASF/common/services/usb/class/cdc/host/uhi_cdc.o
                0x00403ad4                uhi_cdc_putc
 .text.uhc_enable_timeout_callback
                0x00403b98       0x2c src/ASF/common/services/usb/uhc/uhc.o
 .text.uhc_enumeration_suspend
                0x00403bc4       0x10 src/ASF/common/services/usb/uhc/uhc.o
 .text.uhc_enumeration_reset
                0x00403bd4       0x18 src/ASF/common/services/usb/uhc/uhc.o
 .text.uhc_connection_tree
                0x00403bec       0xb4 src/ASF/common/services/usb/uhc/uhc.o
 .text.uhc_enumeration_step1
                0x00403ca0       0x14 src/ASF/common/services/usb/uhc/uhc.o
 .text.uhc_enumeration_step2
                0x00403cb4       0x18 src/ASF/common/services/usb/uhc/uhc.o
 .text.uhc_enumeration_step3
                0x00403ccc       0x14 src/ASF/common/services/usb/uhc/uhc.o
 .text.uhc_enumeration_step4
                0x00403ce0       0x2c src/ASF/common/services/usb/uhc/uhc.o
 .text.uhc_enumeration_step5
                0x00403d0c       0x88 src/ASF/common/services/usb/uhc/uhc.o
 .text.uhc_enumeration_step6
                0x00403d94       0x58 src/ASF/common/services/usb/uhc/uhc.o
 .text.uhc_enumeration_step7
                0x00403dec       0x14 src/ASF/common/services/usb/uhc/uhc.o
 .text.uhc_enumeration_step8
                0x00403e00       0x18 src/ASF/common/services/usb/uhc/uhc.o
 .text.uhc_enumeration_step9
                0x00403e18       0x90 src/ASF/common/services/usb/uhc/uhc.o
 .text.uhc_enumeration_step10
                0x00403ea8       0x48 src/ASF/common/services/usb/uhc/uhc.o
 .text.uhc_enumeration_step11
                0x00403ef0       0x8c src/ASF/common/services/usb/uhc/uhc.o
 .text.uhc_enumeration_step12
                0x00403f7c       0xd4 src/ASF/common/services/usb/uhc/uhc.o
 .text.uhc_enumeration_step13
                0x00404050      0x128 src/ASF/common/services/usb/uhc/uhc.o
 .text.uhc_enumeration_step14
                0x00404178      0x120 src/ASF/common/services/usb/uhc/uhc.o
 .text.uhc_enumeration_step15
                0x00404298       0x9c src/ASF/common/services/usb/uhc/uhc.o
 .text.uhc_enumeration_error
                0x00404334       0x90 src/ASF/common/services/usb/uhc/uhc.o
 .text.uhc_remotewakeup
                0x004043c4       0x68 src/ASF/common/services/usb/uhc/uhc.o
 .text.uhc_notify_connection
                0x0040442c       0x34 src/ASF/common/services/usb/uhc/uhc.o
                0x0040442c                uhc_notify_connection
 .text.uhc_notify_sof
                0x00404460       0x80 src/ASF/common/services/usb/uhc/uhc.o
                0x00404460                uhc_notify_sof
 .text.uhc_notify_resume
                0x004044e0       0x18 src/ASF/common/services/usb/uhc/uhc.o
                0x004044e0                uhc_notify_resume
 .text.uhc_start
                0x004044f8       0x24 src/ASF/common/services/usb/uhc/uhc.o
                0x004044f8                uhc_start
 .text.sysclk_enable_peripheral_clock
                0x0040451c       0x18 src/ASF/sam/boards/samg55_xplained_pro/board_init.o
 .text.ioport_init
                0x00404534       0x18 src/ASF/sam/boards/samg55_xplained_pro/board_init.o
 .text.ioport_disable_port
                0x0040454c       0x34 src/ASF/sam/boards/samg55_xplained_pro/board_init.o
 .text.ioport_set_port_mode
                0x00404580      0x100 src/ASF/sam/boards/samg55_xplained_pro/board_init.o
 .text.ioport_set_pin_mode
                0x00404680      0x11c src/ASF/sam/boards/samg55_xplained_pro/board_init.o
 .text.ioport_set_pin_dir
                0x0040479c       0x88 src/ASF/sam/boards/samg55_xplained_pro/board_init.o
 .text.ioport_set_pin_level
                0x00404824       0x6c src/ASF/sam/boards/samg55_xplained_pro/board_init.o
 .text.system_board_init
                0x00404890       0xa8 src/ASF/sam/boards/samg55_xplained_pro/board_init.o
                0x00404890                board_init
                0x00404890                system_board_init
 .text.cpu_irq_save
                0x00404938       0x38 src/ASF/sam/drivers/flexcom/flexcom.o
 .text.cpu_irq_is_enabled_flags
                0x00404970       0x20 src/ASF/sam/drivers/flexcom/flexcom.o
 .text.cpu_irq_restore
                0x00404990       0x30 src/ASF/sam/drivers/flexcom/flexcom.o
 .text.sysclk_enable_peripheral_clock
                0x004049c0       0x18 src/ASF/sam/drivers/flexcom/flexcom.o
 .text.sleepmgr_lock_mode
                0x004049d8       0x44 src/ASF/sam/drivers/flexcom/flexcom.o
 .text.flexcom_enable
                0x00404a1c      0x168 src/ASF/sam/drivers/flexcom/flexcom.o
                0x00404a1c                flexcom_enable
 .text.flexcom_set_opmode
                0x00404b84       0x1c src/ASF/sam/drivers/flexcom/flexcom.o
                0x00404b84                flexcom_set_opmode
 .text.matrix_set_usb_host
                0x00404ba0       0x38 src/ASF/sam/drivers/matrix/matrix.o
                0x00404ba0                matrix_set_usb_host
 .text.pio_get_interrupt_status
                0x00404bd8       0x18 src/ASF/sam/drivers/pio/pio.o
                0x00404bd8                pio_get_interrupt_status
 .text.pio_get_interrupt_mask
                0x00404bf0       0x18 src/ASF/sam/drivers/pio/pio.o
                0x00404bf0                pio_get_interrupt_mask
 .text.pio_handler_process
                0x00404c08       0xac src/ASF/sam/drivers/pio/pio_handler.o
                0x00404c08                pio_handler_process
 .text.PIOA_Handler
                0x00404cb4       0x18 src/ASF/sam/drivers/pio/pio_handler.o
                0x00404cb4                PIOA_Handler
 .text.PIOB_Handler
                0x00404ccc       0x18 src/ASF/sam/drivers/pio/pio_handler.o
                0x00404ccc                PIOB_Handler
 .text.pmc_switch_mck_to_pllack
                0x00404ce4       0x84 src/ASF/sam/drivers/pmc/pmc.o
                0x00404ce4                pmc_switch_mck_to_pllack
 .text.pmc_switch_sclk_to_32kxtal
                0x00404d68       0x38 src/ASF/sam/drivers/pmc/pmc.o
                0x00404d68                pmc_switch_sclk_to_32kxtal
 .text.pmc_osc_is_ready_32kxtal
                0x00404da0       0x34 src/ASF/sam/drivers/pmc/pmc.o
                0x00404da0                pmc_osc_is_ready_32kxtal
 .text.pmc_switch_mainck_to_fastrc
                0x00404dd4       0x70 src/ASF/sam/drivers/pmc/pmc.o
                0x00404dd4                pmc_switch_mainck_to_fastrc
 .text.pmc_switch_mainck_to_xtal
                0x00404e44       0x78 src/ASF/sam/drivers/pmc/pmc.o
                0x00404e44                pmc_switch_mainck_to_xtal
 .text.pmc_osc_is_ready_mainck
                0x00404ebc       0x1c src/ASF/sam/drivers/pmc/pmc.o
                0x00404ebc                pmc_osc_is_ready_mainck
 .text.pmc_disable_pllack
                0x00404ed8       0x18 src/ASF/sam/drivers/pmc/pmc.o
                0x00404ed8                pmc_disable_pllack
 .text.pmc_is_locked_pllack
                0x00404ef0       0x1c src/ASF/sam/drivers/pmc/pmc.o
                0x00404ef0                pmc_is_locked_pllack
 .text.pmc_disable_pllbck
                0x00404f0c       0x18 src/ASF/sam/drivers/pmc/pmc.o
                0x00404f0c                pmc_disable_pllbck
 .text.pmc_is_locked_pllbck
                0x00404f24       0x1c src/ASF/sam/drivers/pmc/pmc.o
                0x00404f24                pmc_is_locked_pllbck
 .text.pmc_enable_periph_clk
                0x00404f40       0x84 src/ASF/sam/drivers/pmc/pmc.o
                0x00404f40                pmc_enable_periph_clk
 .text.pmc_switch_pck_to_mck
                0x00404fc4       0x58 src/ASF/sam/drivers/pmc/pmc.o
                0x00404fc4                pmc_switch_pck_to_mck
 .text.pmc_enable_pck
                0x0040501c       0x24 src/ASF/sam/drivers/pmc/pmc.o
                0x0040501c                pmc_enable_pck
 .text.pmc_disable_pck
                0x00405040       0x24 src/ASF/sam/drivers/pmc/pmc.o
                0x00405040                pmc_disable_pck
 .text.pmc_switch_uhpck_to_pllbck
                0x00405064       0x28 src/ASF/sam/drivers/pmc/pmc.o
                0x00405064                pmc_switch_uhpck_to_pllbck
 .text.pmc_enable_uhpck
                0x0040508c       0x18 src/ASF/sam/drivers/pmc/pmc.o
                0x0040508c                pmc_enable_uhpck
 .text.supc_set_regulator_trim_user
                0x004050a4       0x38 src/ASF/sam/drivers/supc/supc.o
                0x004050a4                supc_set_regulator_trim_user
 .text.osc_get_rate
                0x004050dc       0x74 src/ASF/sam/drivers/uhp/ohci/ohci_hcd.o
 .text.sysclk_get_main_hz
                0x00405150       0x1c src/ASF/sam/drivers/uhp/ohci/ohci_hcd.o
 .text.sysclk_get_cpu_hz
                0x0040516c       0x14 src/ASF/sam/drivers/uhp/ohci/ohci_hcd.o
 .text.ohci_init
                0x00405180      0x2b8 src/ASF/sam/drivers/uhp/ohci/ohci_hcd.o
                0x00405180                ohci_init
 .text.ohci_get_device_speed
                0x00405438       0x24 src/ASF/sam/drivers/uhp/ohci/ohci_hcd.o
                0x00405438                ohci_get_device_speed
 .text.ohci_get_frame_number
                0x0040545c       0x1c src/ASF/sam/drivers/uhp/ohci/ohci_hcd.o
                0x0040545c                ohci_get_frame_number
 .text.ohci_bus_reset
                0x00405478       0x98 src/ASF/sam/drivers/uhp/ohci/ohci_hcd.o
                0x00405478                ohci_bus_reset
 .text.ohci_bus_suspend
                0x00405510       0x4c src/ASF/sam/drivers/uhp/ohci/ohci_hcd.o
                0x00405510                ohci_bus_suspend
 .text.ohci_bus_resume
                0x0040555c       0xd4 src/ASF/sam/drivers/uhp/ohci/ohci_hcd.o
                0x0040555c                ohci_bus_resume
 .text.ohci_add_ed_control
                0x00405630       0x34 src/ASF/sam/drivers/uhp/ohci/ohci_hcd.o
                0x00405630                ohci_add_ed_control
 .text.ohci_add_ed_bulk
                0x00405664       0xe4 src/ASF/sam/drivers/uhp/ohci/ohci_hcd.o
                0x00405664                ohci_add_ed_bulk
 .text.ohci_add_ed_period
                0x00405748      0x1c8 src/ASF/sam/drivers/uhp/ohci/ohci_hcd.o
                0x00405748                ohci_add_ed_period
 .text.ohci_remove_ed
                0x00405910      0x1e0 src/ASF/sam/drivers/uhp/ohci/ohci_hcd.o
                0x00405910                ohci_remove_ed
 .text.ohci_clear_ed_transfer_status
                0x00405af0      0x11c src/ASF/sam/drivers/uhp/ohci/ohci_hcd.o
                0x00405af0                ohci_clear_ed_transfer_status
 .text.ohci_add_td_control
                0x00405c0c      0x128 src/ASF/sam/drivers/uhp/ohci/ohci_hcd.o
                0x00405c0c                ohci_add_td_control
 .text.ohci_add_td_non_control
                0x00405d34      0x51c src/ASF/sam/drivers/uhp/ohci/ohci_hcd.o
                0x00405d34                ohci_add_td_non_control
 .text.ohci_register_callback
                0x00406250       0x24 src/ASF/sam/drivers/uhp/ohci/ohci_hcd.o
                0x00406250                ohci_register_callback
 .text.UHP_Handler
                0x00406274      0x1a8 src/ASF/sam/drivers/uhp/ohci/ohci_hcd.o
                0x00406274                UHP_Handler
 .text.NVIC_EnableIRQ
                0x0040641c       0x30 src/ASF/sam/drivers/uhp/uhp_host.o
 .text.NVIC_SetPriority
                0x0040644c       0x54 src/ASF/sam/drivers/uhp/uhp_host.o
 .text.cpu_irq_save
                0x004064a0       0x38 src/ASF/sam/drivers/uhp/uhp_host.o
 .text.cpu_irq_is_enabled_flags
                0x004064d8       0x20 src/ASF/sam/drivers/uhp/uhp_host.o
 .text.cpu_irq_restore
                0x004064f8       0x30 src/ASF/sam/drivers/uhp/uhp_host.o
 .text.sleepmgr_lock_mode
                0x00406528       0x44 src/ASF/sam/drivers/uhp/uhp_host.o
 .text.sleepmgr_unlock_mode
                0x0040656c       0x44 src/ASF/sam/drivers/uhp/uhp_host.o
 .text.uhd_sleep_mode
                0x004065b0       0x78 src/ASF/sam/drivers/uhp/uhp_host.o
 .text.uhd_transfer_end
                0x00406628      0x174 src/ASF/sam/drivers/uhp/uhp_host.o
 .text.uhd_sof_interrupt
                0x0040679c       0x88 src/ASF/sam/drivers/uhp/uhp_host.o
 .text.uhd_remote_wakeup
                0x00406824       0x1c src/ASF/sam/drivers/uhp/uhp_host.o
 .text.uhd_status_change
                0x00406840       0x58 src/ASF/sam/drivers/uhp/uhp_host.o
 .text.uhd_enable
                0x00406898       0xac src/ASF/sam/drivers/uhp/uhp_host.o
                0x00406898                uhd_enable
 .text.uhd_get_speed
                0x00406944       0x28 src/ASF/sam/drivers/uhp/uhp_host.o
                0x00406944                uhd_get_speed
 .text.uhd_get_frame_number
                0x0040696c       0x14 src/ASF/sam/drivers/uhp/uhp_host.o
                0x0040696c                uhd_get_frame_number
 .text.uhd_get_microframe_number
                0x00406980       0x10 src/ASF/sam/drivers/uhp/uhp_host.o
                0x00406980                uhd_get_microframe_number
 .text.uhd_send_reset
                0x00406990       0x20 src/ASF/sam/drivers/uhp/uhp_host.o
                0x00406990                uhd_send_reset
 .text.uhd_suspend
                0x004069b0       0x18 src/ASF/sam/drivers/uhp/uhp_host.o
                0x004069b0                uhd_suspend
 .text.uhd_ep0_alloc
                0x004069c8       0x88 src/ASF/sam/drivers/uhp/uhp_host.o
                0x004069c8                uhd_ep0_alloc
 .text.uhd_ep_alloc
                0x00406a50       0xf4 src/ASF/sam/drivers/uhp/uhp_host.o
                0x00406a50                uhd_ep_alloc
 .text.uhd_ep_free
                0x00406b44       0x24 src/ASF/sam/drivers/uhp/uhp_host.o
                0x00406b44                uhd_ep_free
 .text.uhd_setup_request
                0x00406b68      0x148 src/ASF/sam/drivers/uhp/uhp_host.o
                0x00406b68                uhd_setup_request
 .text.uhd_ep_run
                0x00406cb0      0x13c src/ASF/sam/drivers/uhp/uhp_host.o
                0x00406cb0                uhd_ep_run
 .text.usart_set_async_baudrate
                0x00406dec       0x8c src/ASF/sam/drivers/usart/usart.o
                0x00406dec                usart_set_async_baudrate
 .text.usart_reset
                0x00406e78       0x54 src/ASF/sam/drivers/usart/usart.o
                0x00406e78                usart_reset
 .text.usart_init_rs232
                0x00406ecc       0x84 src/ASF/sam/drivers/usart/usart.o
                0x00406ecc                usart_init_rs232
 .text.usart_enable_tx
                0x00406f50       0x18 src/ASF/sam/drivers/usart/usart.o
                0x00406f50                usart_enable_tx
 .text.usart_disable_tx
                0x00406f68       0x18 src/ASF/sam/drivers/usart/usart.o
                0x00406f68                usart_disable_tx
 .text.usart_reset_tx
                0x00406f80       0x18 src/ASF/sam/drivers/usart/usart.o
                0x00406f80                usart_reset_tx
 .text.usart_enable_rx
                0x00406f98       0x18 src/ASF/sam/drivers/usart/usart.o
                0x00406f98                usart_enable_rx
 .text.usart_reset_rx
                0x00406fb0       0x18 src/ASF/sam/drivers/usart/usart.o
                0x00406fb0                usart_reset_rx
 .text.usart_set_rx_timeout
                0x00406fc8       0x1c src/ASF/sam/drivers/usart/usart.o
                0x00406fc8                usart_set_rx_timeout
 .text.usart_enable_interrupt
                0x00406fe4       0x1c src/ASF/sam/drivers/usart/usart.o
                0x00406fe4                usart_enable_interrupt
 .text.usart_disable_interrupt
                0x00407000       0x1c src/ASF/sam/drivers/usart/usart.o
                0x00407000                usart_disable_interrupt
 .text.usart_get_interrupt_mask
                0x0040701c       0x18 src/ASF/sam/drivers/usart/usart.o
                0x0040701c                usart_get_interrupt_mask
 .text.usart_get_status
                0x00407034       0x18 src/ASF/sam/drivers/usart/usart.o
                0x00407034                usart_get_status
 .text.usart_reset_status
                0x0040704c       0x1c src/ASF/sam/drivers/usart/usart.o
                0x0040704c                usart_reset_status
 .text.usart_start_rx_timeout
                0x00407068       0x1c src/ASF/sam/drivers/usart/usart.o
                0x00407068                usart_start_rx_timeout
 .text.usart_drive_RTS_pin_high
                0x00407084       0x1c src/ASF/sam/drivers/usart/usart.o
                0x00407084                usart_drive_RTS_pin_high
 .text.usart_write
                0x004070a0       0x34 src/ASF/sam/drivers/usart/usart.o
                0x004070a0                usart_write
 .text.usart_read
                0x004070d4       0x34 src/ASF/sam/drivers/usart/usart.o
                0x004070d4                usart_read
 .text.usart_get_pdc_base
                0x00407108       0xdc src/ASF/sam/drivers/usart/usart.o
                0x00407108                usart_get_pdc_base
 .text.usart_disable_writeprotect
                0x004071e4       0x20 src/ASF/sam/drivers/usart/usart.o
                0x004071e4                usart_disable_writeprotect
 .text.cpu_irq_save
                0x00407204       0x38 src/ASF/sam/utils/cmsis/samg/samg55/source/templates/gcc/startup_samg55.o
 .text.cpu_irq_is_enabled_flags
                0x0040723c       0x20 src/ASF/sam/utils/cmsis/samg/samg55/source/templates/gcc/startup_samg55.o
 .text.cpu_irq_restore
                0x0040725c       0x30 src/ASF/sam/utils/cmsis/samg/samg55/source/templates/gcc/startup_samg55.o
 .text.Reset_Handler
                0x0040728c       0xd0 src/ASF/sam/utils/cmsis/samg/samg55/source/templates/gcc/startup_samg55.o
                0x0040728c                Reset_Handler
 .text.Dummy_Handler
                0x0040735c        0x8 src/ASF/sam/utils/cmsis/samg/samg55/source/templates/gcc/startup_samg55.o
                0x0040735c                FLEXCOM1_Handler
                0x0040735c                DebugMon_Handler
                0x0040735c                HardFault_Handler
                0x0040735c                TC2_Handler
                0x0040735c                FLEXCOM4_Handler
                0x0040735c                NMI_Handler
                0x0040735c                ADC_Handler
                0x0040735c                CRCCU_Handler
                0x0040735c                RTT_Handler
                0x0040735c                FLEXCOM6_Handler
                0x0040735c                RTC_Handler
                0x0040735c                UsageFault_Handler
                0x0040735c                FLEXCOM0_Handler
                0x0040735c                PDMIC1_Handler
                0x0040735c                WDT_Handler
                0x0040735c                TC4_Handler
                0x0040735c                TC1_Handler
                0x0040735c                TC3_Handler
                0x0040735c                ARM_Handler
                0x0040735c                Dummy_Handler
                0x0040735c                MEM2MEM_Handler
                0x0040735c                PMC_Handler
                0x0040735c                PDMIC0_Handler
                0x0040735c                MemManage_Handler
                0x0040735c                SUPC_Handler
                0x0040735c                EFC_Handler
                0x0040735c                I2SC0_Handler
                0x0040735c                I2SC1_Handler
                0x0040735c                FLEXCOM2_Handler
                0x0040735c                UDP_Handler
                0x0040735c                BusFault_Handler
                0x0040735c                RSTC_Handler
                0x0040735c                TC0_Handler
                0x0040735c                FLEXCOM5_Handler
                0x0040735c                TC5_Handler
 .text.SystemCoreClockUpdate
                0x00407364      0x128 src/ASF/sam/utils/cmsis/samg/samg55/source/templates/system_samg55.o
                0x00407364                SystemCoreClockUpdate
 .text.system_init_flash
                0x0040748c       0x94 src/ASF/sam/utils/cmsis/samg/samg55/source/templates/system_samg55.o
                0x0040748c                system_init_flash
 .text._sbrk    0x00407520       0x58 src/ASF/sam/utils/syscalls/gcc/syscalls.o
                0x00407520                _sbrk
 .text._close   0x00407578       0x18 src/ASF/sam/utils/syscalls/gcc/syscalls.o
                0x00407578                _close
 .text._fstat   0x00407590       0x20 src/ASF/sam/utils/syscalls/gcc/syscalls.o
                0x00407590                _fstat
 .text._isatty  0x004075b0       0x18 src/ASF/sam/utils/syscalls/gcc/syscalls.o
                0x004075b0                _isatty
 .text._lseek   0x004075c8       0x1c src/ASF/sam/utils/syscalls/gcc/syscalls.o
                0x004075c8                _lseek
 .text.FastCRC  0x004075e4       0x74 src/crc8.o
                0x004075e4                FastCRC
 .text.NVIC_SetPriorityGrouping
                0x00407658       0x48 src/main.o
 .text.osc_get_rate
                0x004076a0       0x74 src/main.o
 .text.sysclk_get_main_hz
                0x00407714       0x1c src/main.o
 .text.sysclk_get_peripheral_hz
                0x00407730       0x14 src/main.o
 .text.sysclk_enable_peripheral_clock
                0x00407744       0x18 src/main.o
 .text.sleepmgr_init
                0x0040775c       0x34 src/main.o
 .text.usart_serial_init
                0x00407790      0x224 src/main.o
 .text.usart_serial_putchar
                0x004079b4      0x12c src/main.o
 .text.usart_serial_getchar
                0x00407ae0      0x158 src/main.o
 .text.stdio_serial_init
                0x00407c38       0x68 src/main.o
 .text.SysTick_Handler
                0x00407ca0       0x10 src/main.o
                0x00407ca0                SysTick_Handler
 .text.vApplicationMallocFailedHook
                0x00407cb0       0x10 src/main.o
                0x00407cb0                vApplicationMallocFailedHook
 .text.vLedIndCallback
                0x00407cc0       0x14 src/main.o
                0x00407cc0                vLedIndCallback
 .text.vWiFiCommTimeoutTimerCallback
                0x00407cd4       0x14 src/main.o
                0x00407cd4                vWiFiCommTimeoutTimerCallback
 .text.taskWifi
                0x00407ce8       0x6c src/main.o
                0x00407ce8                taskWifi
 .text.vCameraCommTimeoutTimerCallback
                0x00407d54       0x14 src/main.o
                0x00407d54                vCameraCommTimeoutTimerCallback
 .text.taskCamera
                0x00407d68       0x6c src/main.o
                0x00407d68                taskCamera
 .text.vTsensorCommTimeoutTimerCallback
                0x00407dd4       0x18 src/main.o
                0x00407dd4                vTsensorCommTimeoutTimerCallback
 .text.vxTsensorDataQueryTimerCallback
                0x00407dec       0x28 src/main.o
                0x00407dec                vxTsensorDataQueryTimerCallback
 .text.vTsensorNoRspTimeoutTimerCallback
                0x00407e14       0x34 src/main.o
                0x00407e14                vTsensorNoRspTimeoutTimerCallback
 .text.taskTSensor
                0x00407e48      0x200 src/main.o
                0x00407e48                taskTSensor
 .text.configure_console
                0x00408048       0x38 src/main.o
 .text.main     0x00408080      0x238 src/main.o
                0x00408080                main
 .text.NVIC_EnableIRQ
                0x004082b8       0x30 src/temperature.o
 .text.NVIC_SetPriority
                0x004082e8       0x54 src/temperature.o
 .text.osc_get_rate
                0x0040833c       0x74 src/temperature.o
 .text.sysclk_get_main_hz
                0x004083b0       0x1c src/temperature.o
 .text.sysclk_get_peripheral_hz
                0x004083cc       0x14 src/temperature.o
 .text.tSensor_serial_init
                0x004083e0       0xc8 src/temperature.o
                0x004083e0                tSensor_serial_init
 .text.FLEXCOM3_Handler
                0x004084a8       0xe0 src/temperature.o
                0x004084a8                FLEXCOM3_Handler
 .text.resetTsensorCommStateMachine
                0x00408588       0x18 src/temperature.o
                0x00408588                resetTsensorCommStateMachine
 .text.tSensor_handler
                0x004085a0       0xc0 src/temperature.o
                0x004085a0                tSensor_handler
 .text.uartDataParser
                0x00408660      0x19c src/temperature.o
 .text.sendToTsensorUart
                0x004087fc       0x58 src/temperature.o
                0x004087fc                sendToTsensorUart
 .text.Temp_Measure_Command_Send
                0x00408854       0x4c src/temperature.o
                0x00408854                Temp_Measure_Command_Send
 .text.Temp_Measure_Get_Air_Condition_Info
                0x004088a0       0x58 src/temperature.o
                0x004088a0                Temp_Measure_Get_Air_Condition_Info
 .text.NVIC_EnableIRQ
                0x004088f8       0x30 src/uart_sam.o
 .text.NVIC_SetPriority
                0x00408928       0x54 src/uart_sam.o
 .text.osc_get_rate
                0x0040897c       0x74 src/uart_sam.o
 .text.sysclk_get_main_hz
                0x004089f0       0x1c src/uart_sam.o
 .text.sysclk_get_peripheral_hz
                0x00408a0c       0x14 src/uart_sam.o
 .text.sysclk_get_peripheral_bus_hz
                0x00408a20       0x1c src/uart_sam.o
 .text.FLEXCOM7_Handler
                0x00408a3c      0x114 src/uart_sam.o
                0x00408a3c                FLEXCOM7_Handler
 .text.uart_config
                0x00408b50      0x110 src/uart_sam.o
                0x00408b50                uart_config
 .text.uart_open
                0x00408c60       0x80 src/uart_sam.o
                0x00408c60                uart_open
 .text          0x00408ce0       0x30 c:/program files (x86)/atmel/studio/7.0/toolchain/arm/arm-gnu-toolchain/bin/../lib/gcc/arm-none-eabi/4.9.3/armv7e-m\libgcc.a(_aeabi_uldivmod.o)
                0x00408ce0                __aeabi_uldivmod
 .text          0x00408d10       0x60 c:/program files (x86)/atmel/studio/7.0/toolchain/arm/arm-gnu-toolchain/bin/../lib/gcc/arm-none-eabi/4.9.3/armv7e-m\libgcc.a(bpabi.o)
                0x00408d10                __gnu_ldivmod_helper
                0x00408d40                __gnu_uldivmod_helper
 .text          0x00408d70        0x4 c:/program files (x86)/atmel/studio/7.0/toolchain/arm/arm-gnu-toolchain/bin/../lib/gcc/arm-none-eabi/4.9.3/armv7e-m\libgcc.a(_dvmd_tls.o)
                0x00408d70                __aeabi_idiv0
                0x00408d70                __aeabi_ldiv0
 .text          0x00408d74      0x29c c:/program files (x86)/atmel/studio/7.0/toolchain/arm/arm-gnu-toolchain/bin/../lib/gcc/arm-none-eabi/4.9.3/armv7e-m\libgcc.a(_divdi3.o)
                0x00408d74                __divdi3
 .text          0x00409010      0x26c c:/program files (x86)/atmel/studio/7.0/toolchain/arm/arm-gnu-toolchain/bin/../lib/gcc/arm-none-eabi/4.9.3/armv7e-m\libgcc.a(_udivdi3.o)
                0x00409010                __udivdi3
 .text.__libc_init_array
                0x0040927c       0x50 c:/program files (x86)/atmel/studio/7.0/toolchain/arm/arm-gnu-toolchain/bin/../lib/gcc/arm-none-eabi/4.9.3/../../../../arm-none-eabi/lib/armv7e-m\libc.a(lib_a-init.o)
                0x0040927c                __libc_init_array
 .text.iprintf  0x004092cc       0x28 c:/program files (x86)/atmel/studio/7.0/toolchain/arm/arm-gnu-toolchain/bin/../lib/gcc/arm-none-eabi/4.9.3/../../../../arm-none-eabi/lib/armv7e-m\libc.a(lib_a-iprintf.o)
                0x004092cc                iprintf
 .text.malloc   0x004092f4       0x10 c:/program files (x86)/atmel/studio/7.0/toolchain/arm/arm-gnu-toolchain/bin/../lib/gcc/arm-none-eabi/4.9.3/../../../../arm-none-eabi/lib/armv7e-m\libc.a(lib_a-malloc.o)
                0x004092f4                malloc
 .text.free     0x00409304       0x10 c:/program files (x86)/atmel/studio/7.0/toolchain/arm/arm-gnu-toolchain/bin/../lib/gcc/arm-none-eabi/4.9.3/../../../../arm-none-eabi/lib/armv7e-m\libc.a(lib_a-malloc.o)
                0x00409304                free
 .text._malloc_r
                0x00409314      0x524 c:/program files (x86)/atmel/studio/7.0/toolchain/arm/arm-gnu-toolchain/bin/../lib/gcc/arm-none-eabi/4.9.3/../../../../arm-none-eabi/lib/armv7e-m\libc.a(lib_a-mallocr.o)
                0x00409314                _malloc_r
 .text          0x00409838      0x134 c:/program files (x86)/atmel/studio/7.0/toolchain/arm/arm-gnu-toolchain/bin/../lib/gcc/arm-none-eabi/4.9.3/../../../../arm-none-eabi/lib/armv7e-m\libc.a(lib_a-memcpy.o)
                0x00409838                memcpy
 .text.memset   0x0040996c       0x9c c:/program files (x86)/atmel/studio/7.0/toolchain/arm/arm-gnu-toolchain/bin/../lib/gcc/arm-none-eabi/4.9.3/../../../../arm-none-eabi/lib/armv7e-m\libc.a(lib_a-memset.o)
                0x0040996c                memset
 .text.__malloc_lock
                0x00409a08        0x4 c:/program files (x86)/atmel/studio/7.0/toolchain/arm/arm-gnu-toolchain/bin/../lib/gcc/arm-none-eabi/4.9.3/../../../../arm-none-eabi/lib/armv7e-m\libc.a(lib_a-mlock.o)
                0x00409a08                __malloc_lock
 .text.__malloc_unlock
                0x00409a0c        0x4 c:/program files (x86)/atmel/studio/7.0/toolchain/arm/arm-gnu-toolchain/bin/../lib/gcc/arm-none-eabi/4.9.3/../../../../arm-none-eabi/lib/armv7e-m\libc.a(lib_a-mlock.o)
                0x00409a0c                __malloc_unlock
 .text._puts_r  0x00409a10       0x5c c:/program files (x86)/atmel/studio/7.0/toolchain/arm/arm-gnu-toolchain/bin/../lib/gcc/arm-none-eabi/4.9.3/../../../../arm-none-eabi/lib/armv7e-m\libc.a(lib_a-puts.o)
                0x00409a10                _puts_r
 .text.puts     0x00409a6c       0x10 c:/program files (x86)/atmel/studio/7.0/toolchain/arm/arm-gnu-toolchain/bin/../lib/gcc/arm-none-eabi/4.9.3/../../../../arm-none-eabi/lib/armv7e-m\libc.a(lib_a-puts.o)
                0x00409a6c                puts
 .text._sbrk_r  0x00409a7c       0x24 c:/program files (x86)/atmel/studio/7.0/toolchain/arm/arm-gnu-toolchain/bin/../lib/gcc/arm-none-eabi/4.9.3/../../../../arm-none-eabi/lib/armv7e-m\libc.a(lib_a-sbrkr.o)
                0x00409a7c                _sbrk_r
 .text.setbuf   0x00409aa0       0x10 c:/program files (x86)/atmel/studio/7.0/toolchain/arm/arm-gnu-toolchain/bin/../lib/gcc/arm-none-eabi/4.9.3/../../../../arm-none-eabi/lib/armv7e-m\libc.a(lib_a-setbuf.o)
                0x00409aa0                setbuf
 .text.setvbuf  0x00409ab0       0xf8 c:/program files (x86)/atmel/studio/7.0/toolchain/arm/arm-gnu-toolchain/bin/../lib/gcc/arm-none-eabi/4.9.3/../../../../arm-none-eabi/lib/armv7e-m\libc.a(lib_a-setvbuf.o)
                0x00409ab0                setvbuf
 .text.strlen   0x00409ba8       0x5c c:/program files (x86)/atmel/studio/7.0/toolchain/arm/arm-gnu-toolchain/bin/../lib/gcc/arm-none-eabi/4.9.3/../../../../arm-none-eabi/lib/armv7e-m\libc.a(lib_a-strlen.o)
                0x00409ba8                strlen
 .text.strncpy  0x00409c04       0x68 c:/program files (x86)/atmel/studio/7.0/toolchain/arm/arm-gnu-toolchain/bin/../lib/gcc/arm-none-eabi/4.9.3/../../../../arm-none-eabi/lib/armv7e-m\libc.a(lib_a-strncpy.o)
                0x00409c04                strncpy
 .text.__sprint_r.part.0
                0x00409c6c       0x78 c:/program files (x86)/atmel/studio/7.0/toolchain/arm/arm-gnu-toolchain/bin/../lib/gcc/arm-none-eabi/4.9.3/../../../../arm-none-eabi/lib/armv7e-m\libc.a(lib_a-vfiprintf.o)
 .text._vfiprintf_r
                0x00409ce4      0xc10 c:/program files (x86)/atmel/studio/7.0/toolchain/arm/arm-gnu-toolchain/bin/../lib/gcc/arm-none-eabi/4.9.3/../../../../arm-none-eabi/lib/armv7e-m\libc.a(lib_a-vfiprintf.o)
                0x00409ce4                _vfiprintf_r
 .text.__sbprintf
                0x0040a8f4       0x78 c:/program files (x86)/atmel/studio/7.0/toolchain/arm/arm-gnu-toolchain/bin/../lib/gcc/arm-none-eabi/4.9.3/../../../../arm-none-eabi/lib/armv7e-m\libc.a(lib_a-vfiprintf.o)
 .text.__swsetup_r
                0x0040a96c       0xc4 c:/program files (x86)/atmel/studio/7.0/toolchain/arm/arm-gnu-toolchain/bin/../lib/gcc/arm-none-eabi/4.9.3/../../../../arm-none-eabi/lib/armv7e-m\libc.a(lib_a-wsetup.o)
                0x0040a96c                __swsetup_r
 .text.startup.register_fini
                0x0040aa30       0x14 c:/program files (x86)/atmel/studio/7.0/toolchain/arm/arm-gnu-toolchain/bin/../lib/gcc/arm-none-eabi/4.9.3/../../../../arm-none-eabi/lib/armv7e-m\libc.a(lib_a-__call_atexit.o)
 .text.atexit   0x0040aa44        0xc c:/program files (x86)/atmel/studio/7.0/toolchain/arm/arm-gnu-toolchain/bin/../lib/gcc/arm-none-eabi/4.9.3/../../../../arm-none-eabi/lib/armv7e-m\libc.a(lib_a-atexit.o)
                0x0040aa44                atexit
 .text.__sflush_r
                0x0040aa50      0x154 c:/program files (x86)/atmel/studio/7.0/toolchain/arm/arm-gnu-toolchain/bin/../lib/gcc/arm-none-eabi/4.9.3/../../../../arm-none-eabi/lib/armv7e-m\libc.a(lib_a-fflush.o)
                0x0040aa50                __sflush_r
 .text._fflush_r
                0x0040aba4       0x2c c:/program files (x86)/atmel/studio/7.0/toolchain/arm/arm-gnu-toolchain/bin/../lib/gcc/arm-none-eabi/4.9.3/../../../../arm-none-eabi/lib/armv7e-m\libc.a(lib_a-fflush.o)
                0x0040aba4                _fflush_r
 .text._cleanup_r
                0x0040abd0        0xc c:/program files (x86)/atmel/studio/7.0/toolchain/arm/arm-gnu-toolchain/bin/../lib/gcc/arm-none-eabi/4.9.3/../../../../arm-none-eabi/lib/armv7e-m\libc.a(lib_a-findfp.o)
                0x0040abd0                _cleanup_r
 .text.__sinit.part.1
                0x0040abdc       0xf0 c:/program files (x86)/atmel/studio/7.0/toolchain/arm/arm-gnu-toolchain/bin/../lib/gcc/arm-none-eabi/4.9.3/../../../../arm-none-eabi/lib/armv7e-m\libc.a(lib_a-findfp.o)
 .text.__sinit  0x0040accc        0xc c:/program files (x86)/atmel/studio/7.0/toolchain/arm/arm-gnu-toolchain/bin/../lib/gcc/arm-none-eabi/4.9.3/../../../../arm-none-eabi/lib/armv7e-m\libc.a(lib_a-findfp.o)
                0x0040accc                __sinit
 .text.__sfp_lock_acquire
                0x0040acd8        0x4 c:/program files (x86)/atmel/studio/7.0/toolchain/arm/arm-gnu-toolchain/bin/../lib/gcc/arm-none-eabi/4.9.3/../../../../arm-none-eabi/lib/armv7e-m\libc.a(lib_a-findfp.o)
                0x0040acd8                __sfp_lock_acquire
 .text.__sfp_lock_release
                0x0040acdc        0x4 c:/program files (x86)/atmel/studio/7.0/toolchain/arm/arm-gnu-toolchain/bin/../lib/gcc/arm-none-eabi/4.9.3/../../../../arm-none-eabi/lib/armv7e-m\libc.a(lib_a-findfp.o)
                0x0040acdc                __sfp_lock_release
 .text.__libc_fini_array
                0x0040ace0       0x2c c:/program files (x86)/atmel/studio/7.0/toolchain/arm/arm-gnu-toolchain/bin/../lib/gcc/arm-none-eabi/4.9.3/../../../../arm-none-eabi/lib/armv7e-m\libc.a(lib_a-fini.o)
                0x0040ace0                __libc_fini_array
 .text.__fputwc
                0x0040ad0c       0xb0 c:/program files (x86)/atmel/studio/7.0/toolchain/arm/arm-gnu-toolchain/bin/../lib/gcc/arm-none-eabi/4.9.3/../../../../arm-none-eabi/lib/armv7e-m\libc.a(lib_a-fputwc.o)
                0x0040ad0c                __fputwc
 .text._fputwc_r
                0x0040adbc       0x24 c:/program files (x86)/atmel/studio/7.0/toolchain/arm/arm-gnu-toolchain/bin/../lib/gcc/arm-none-eabi/4.9.3/../../../../arm-none-eabi/lib/armv7e-m\libc.a(lib_a-fputwc.o)
                0x0040adbc                _fputwc_r
 .text._malloc_trim_r
                0x0040ade0       0x9c c:/program files (x86)/atmel/studio/7.0/toolchain/arm/arm-gnu-toolchain/bin/../lib/gcc/arm-none-eabi/4.9.3/../../../../arm-none-eabi/lib/armv7e-m\libc.a(lib_a-freer.o)
                0x0040ade0                _malloc_trim_r
 .text._free_r  0x0040ae7c      0x1b0 c:/program files (x86)/atmel/studio/7.0/toolchain/arm/arm-gnu-toolchain/bin/../lib/gcc/arm-none-eabi/4.9.3/../../../../arm-none-eabi/lib/armv7e-m\libc.a(lib_a-freer.o)
                0x0040ae7c                _free_r
 .text.__sfvwrite_r
                0x0040b02c      0x318 c:/program files (x86)/atmel/studio/7.0/toolchain/arm/arm-gnu-toolchain/bin/../lib/gcc/arm-none-eabi/4.9.3/../../../../arm-none-eabi/lib/armv7e-m\libc.a(lib_a-fvwrite.o)
                0x0040b02c                __sfvwrite_r
 .text._fwalk_reent
                0x0040b344       0x54 c:/program files (x86)/atmel/studio/7.0/toolchain/arm/arm-gnu-toolchain/bin/../lib/gcc/arm-none-eabi/4.9.3/../../../../arm-none-eabi/lib/armv7e-m\libc.a(lib_a-fwalk.o)
                0x0040b344                _fwalk_reent
 .text.__locale_charset
                0x0040b398        0x8 c:/program files (x86)/atmel/studio/7.0/toolchain/arm/arm-gnu-toolchain/bin/../lib/gcc/arm-none-eabi/4.9.3/../../../../arm-none-eabi/lib/armv7e-m\libc.a(lib_a-locale.o)
                0x0040b398                __locale_charset
 .text.__locale_mb_cur_max
                0x0040b3a0        0xc c:/program files (x86)/atmel/studio/7.0/toolchain/arm/arm-gnu-toolchain/bin/../lib/gcc/arm-none-eabi/4.9.3/../../../../arm-none-eabi/lib/armv7e-m\libc.a(lib_a-locale.o)
                0x0040b3a0                __locale_mb_cur_max
 .text.__smakebuf_r
                0x0040b3ac       0xe0 c:/program files (x86)/atmel/studio/7.0/toolchain/arm/arm-gnu-toolchain/bin/../lib/gcc/arm-none-eabi/4.9.3/../../../../arm-none-eabi/lib/armv7e-m\libc.a(lib_a-makebuf.o)
                0x0040b3ac                __smakebuf_r
 .text.memchr   0x0040b48c       0x94 c:/program files (x86)/atmel/studio/7.0/toolchain/arm/arm-gnu-toolchain/bin/../lib/gcc/arm-none-eabi/4.9.3/../../../../arm-none-eabi/lib/armv7e-m\libc.a(lib_a-memchr.o)
                0x0040b48c                memchr
 .text.memmove  0x0040b520       0xc8 c:/program files (x86)/atmel/studio/7.0/toolchain/arm/arm-gnu-toolchain/bin/../lib/gcc/arm-none-eabi/4.9.3/../../../../arm-none-eabi/lib/armv7e-m\libc.a(lib_a-memmove.o)
                0x0040b520                memmove
 .text._realloc_r
                0x0040b5e8      0x3ec c:/program files (x86)/atmel/studio/7.0/toolchain/arm/arm-gnu-toolchain/bin/../lib/gcc/arm-none-eabi/4.9.3/../../../../arm-none-eabi/lib/armv7e-m\libc.a(lib_a-reallocr.o)
                0x0040b5e8                _realloc_r
 .text.__sread  0x0040b9d4       0x24 c:/program files (x86)/atmel/studio/7.0/toolchain/arm/arm-gnu-toolchain/bin/../lib/gcc/arm-none-eabi/4.9.3/../../../../arm-none-eabi/lib/armv7e-m\libc.a(lib_a-stdio.o)
                0x0040b9d4                __sread
 .text.__swrite
                0x0040b9f8       0x38 c:/program files (x86)/atmel/studio/7.0/toolchain/arm/arm-gnu-toolchain/bin/../lib/gcc/arm-none-eabi/4.9.3/../../../../arm-none-eabi/lib/armv7e-m\libc.a(lib_a-stdio.o)
                0x0040b9f8                __swrite
 .text.__sseek  0x0040ba30       0x20 c:/program files (x86)/atmel/studio/7.0/toolchain/arm/arm-gnu-toolchain/bin/../lib/gcc/arm-none-eabi/4.9.3/../../../../arm-none-eabi/lib/armv7e-m\libc.a(lib_a-stdio.o)
                0x0040ba30                __sseek
 .text.__sclose
                0x0040ba50        0x8 c:/program files (x86)/atmel/studio/7.0/toolchain/arm/arm-gnu-toolchain/bin/../lib/gcc/arm-none-eabi/4.9.3/../../../../arm-none-eabi/lib/armv7e-m\libc.a(lib_a-stdio.o)
                0x0040ba50                __sclose
 .text.__swbuf_r
                0x0040ba58       0xa8 c:/program files (x86)/atmel/studio/7.0/toolchain/arm/arm-gnu-toolchain/bin/../lib/gcc/arm-none-eabi/4.9.3/../../../../arm-none-eabi/lib/armv7e-m\libc.a(lib_a-wbuf.o)
                0x0040ba58                __swbuf_r
 .text._wcrtomb_r
                0x0040bb00       0x54 c:/program files (x86)/atmel/studio/7.0/toolchain/arm/arm-gnu-toolchain/bin/../lib/gcc/arm-none-eabi/4.9.3/../../../../arm-none-eabi/lib/armv7e-m\libc.a(lib_a-wcrtomb.o)
                0x0040bb00                _wcrtomb_r
 .text.__ascii_wctomb
                0x0040bb54       0x1c c:/program files (x86)/atmel/studio/7.0/toolchain/arm/arm-gnu-toolchain/bin/../lib/gcc/arm-none-eabi/4.9.3/../../../../arm-none-eabi/lib/armv7e-m\libc.a(lib_a-wctomb_r.o)
                0x0040bb54                __ascii_wctomb
 .text._write_r
                0x0040bb70       0x28 c:/program files (x86)/atmel/studio/7.0/toolchain/arm/arm-gnu-toolchain/bin/../lib/gcc/arm-none-eabi/4.9.3/../../../../arm-none-eabi/lib/armv7e-m\libc.a(lib_a-writer.o)
                0x0040bb70                _write_r
 .text.__register_exitproc
                0x0040bb98       0xa4 c:/program files (x86)/atmel/studio/7.0/toolchain/arm/arm-gnu-toolchain/bin/../lib/gcc/arm-none-eabi/4.9.3/../../../../arm-none-eabi/lib/armv7e-m\libc.a(lib_a-__atexit.o)
                0x0040bb98                __register_exitproc
 .text._close_r
                0x0040bc3c       0x24 c:/program files (x86)/atmel/studio/7.0/toolchain/arm/arm-gnu-toolchain/bin/../lib/gcc/arm-none-eabi/4.9.3/../../../../arm-none-eabi/lib/armv7e-m\libc.a(lib_a-closer.o)
                0x0040bc3c                _close_r
 .text._fclose_r
                0x0040bc60       0x84 c:/program files (x86)/atmel/studio/7.0/toolchain/arm/arm-gnu-toolchain/bin/../lib/gcc/arm-none-eabi/4.9.3/../../../../arm-none-eabi/lib/armv7e-m\libc.a(lib_a-fclose.o)
                0x0040bc60                _fclose_r
 .text._fstat_r
                0x0040bce4       0x28 c:/program files (x86)/atmel/studio/7.0/toolchain/arm/arm-gnu-toolchain/bin/../lib/gcc/arm-none-eabi/4.9.3/../../../../arm-none-eabi/lib/armv7e-m\libc.a(lib_a-fstatr.o)
                0x0040bce4                _fstat_r
 .text._isatty_r
                0x0040bd0c       0x24 c:/program files (x86)/atmel/studio/7.0/toolchain/arm/arm-gnu-toolchain/bin/../lib/gcc/arm-none-eabi/4.9.3/../../../../arm-none-eabi/lib/armv7e-m\libc.a(lib_a-isattyr.o)
                0x0040bd0c                _isatty_r
 .text._lseek_r
                0x0040bd30       0x28 c:/program files (x86)/atmel/studio/7.0/toolchain/arm/arm-gnu-toolchain/bin/../lib/gcc/arm-none-eabi/4.9.3/../../../../arm-none-eabi/lib/armv7e-m\libc.a(lib_a-lseekr.o)
                0x0040bd30                _lseek_r
 .text._read_r  0x0040bd58       0x28 c:/program files (x86)/atmel/studio/7.0/toolchain/arm/arm-gnu-toolchain/bin/../lib/gcc/arm-none-eabi/4.9.3/../../../../arm-none-eabi/lib/armv7e-m\libc.a(lib_a-readr.o)
                0x0040bd58                _read_r
 *(.glue_7t)
 .glue_7t       0x00000000        0x0 linker stubs
 *(.glue_7)
 .glue_7        0x00000000        0x0 linker stubs
 *(.rodata .rodata* .gnu.linkonce.r.*)
 .rodata        0x0040bd80       0x1e src/ASF/thirdparty/freertos/freertos-7.3.0/source/tasks.o
 *fill*         0x0040bd9e        0x2 
 .rodata        0x0040bda0        0x8 src/ASF/thirdparty/freertos/freertos-7.3.0/source/timers.o
 .rodata        0x0040bda8        0x7 src/ASF/common/services/usb/class/cdc/host/example/samg55j19_samg_xplained_pro/ui.o
 *fill*         0x0040bdaf        0x1 
 .rodata.crctable
                0x0040bdb0       0x10 src/crc8.o
                0x0040bdb0                crctable
 .rodata.crctable2
                0x0040bdc0       0x10 src/crc8.o
                0x0040bdc0                crctable2
 .rodata        0x0040bdd0      0x367 src/main.o
 *fill*         0x0040c137        0x1 
 .rodata        0x0040c138        0xb src/temperature.o
 *fill*         0x0040c143        0x1 
 .rodata.str1.4
                0x0040c144        0x2 c:/program files (x86)/atmel/studio/7.0/toolchain/arm/arm-gnu-toolchain/bin/../lib/gcc/arm-none-eabi/4.9.3/../../../../arm-none-eabi/lib/armv7e-m\libc.a(lib_a-impure.o)
 *fill*         0x0040c146        0x2 
 .rodata._global_impure_ptr
                0x0040c148        0x4 c:/program files (x86)/atmel/studio/7.0/toolchain/arm/arm-gnu-toolchain/bin/../lib/gcc/arm-none-eabi/4.9.3/../../../../arm-none-eabi/lib/armv7e-m\libc.a(lib_a-impure.o)
                0x0040c148                _global_impure_ptr
 .rodata.str1.4
                0x0040c14c        0x2 c:/program files (x86)/atmel/studio/7.0/toolchain/arm/arm-gnu-toolchain/bin/../lib/gcc/arm-none-eabi/4.9.3/../../../../arm-none-eabi/lib/armv7e-m\libc.a(lib_a-puts.o)
 *fill*         0x0040c14e        0x2 
 .rodata.zeroes.6869
                0x0040c150       0x10 c:/program files (x86)/atmel/studio/7.0/toolchain/arm/arm-gnu-toolchain/bin/../lib/gcc/arm-none-eabi/4.9.3/../../../../arm-none-eabi/lib/armv7e-m\libc.a(lib_a-vfiprintf.o)
 .rodata.str1.4
                0x0040c160       0x30 c:/program files (x86)/atmel/studio/7.0/toolchain/arm/arm-gnu-toolchain/bin/../lib/gcc/arm-none-eabi/4.9.3/../../../../arm-none-eabi/lib/armv7e-m\libc.a(lib_a-vfiprintf.o)
                                 0x2f (size before relaxing)
 .rodata.blanks.6868
                0x0040c190       0x10 c:/program files (x86)/atmel/studio/7.0/toolchain/arm/arm-gnu-toolchain/bin/../lib/gcc/arm-none-eabi/4.9.3/../../../../arm-none-eabi/lib/armv7e-m\libc.a(lib_a-vfiprintf.o)
 *(.ARM.extab* .gnu.linkonce.armextab.*)
                0x0040c1a0                . = ALIGN (0x4)
 *(.init)
 .init          0x0040c1a0        0x4 c:/program files (x86)/atmel/studio/7.0/toolchain/arm/arm-gnu-toolchain/bin/../lib/gcc/arm-none-eabi/4.9.3/armv7e-m/crti.o
                0x0040c1a0                _init
 .init          0x0040c1a4        0x8 c:/program files (x86)/atmel/studio/7.0/toolchain/arm/arm-gnu-toolchain/bin/../lib/gcc/arm-none-eabi/4.9.3/armv7e-m/crtn.o
                0x0040c1ac                . = ALIGN (0x4)
                0x0040c1ac                __preinit_array_start = .
 *(.preinit_array)
                0x0040c1ac                __preinit_array_end = .
                0x0040c1ac                . = ALIGN (0x4)
                0x0040c1ac                __init_array_start = .
 *(SORT(.init_array.*))
 .init_array.00000
                0x0040c1ac        0x4 c:/program files (x86)/atmel/studio/7.0/toolchain/arm/arm-gnu-toolchain/bin/../lib/gcc/arm-none-eabi/4.9.3/../../../../arm-none-eabi/lib/armv7e-m\libc.a(lib_a-__call_atexit.o)
 *(.init_array)
 .init_array    0x0040c1b0        0x4 c:/program files (x86)/atmel/studio/7.0/toolchain/arm/arm-gnu-toolchain/bin/../lib/gcc/arm-none-eabi/4.9.3/armv7e-m/crtbegin.o
                0x0040c1b4                __init_array_end = .
                0x0040c1b4                . = ALIGN (0x4)
 *crtbegin.o(.ctors)
 *(EXCLUDE_FILE(*crtend.o) .ctors)
 *(SORT(.ctors.*))
 *crtend.o(.ctors)
                0x0040c1b4                . = ALIGN (0x4)
 *(.fini)
 .fini          0x0040c1b4        0x4 c:/program files (x86)/atmel/studio/7.0/toolchain/arm/arm-gnu-toolchain/bin/../lib/gcc/arm-none-eabi/4.9.3/armv7e-m/crti.o
                0x0040c1b4                _fini
 .fini          0x0040c1b8        0x8 c:/program files (x86)/atmel/studio/7.0/toolchain/arm/arm-gnu-toolchain/bin/../lib/gcc/arm-none-eabi/4.9.3/armv7e-m/crtn.o
                0x0040c1c0                . = ALIGN (0x4)
                0x0040c1c0                __fini_array_start = .
 *(.fini_array)
 .fini_array    0x0040c1c0        0x4 c:/program files (x86)/atmel/studio/7.0/toolchain/arm/arm-gnu-toolchain/bin/../lib/gcc/arm-none-eabi/4.9.3/armv7e-m/crtbegin.o
 *(SORT(.fini_array.*))
                0x0040c1c4                __fini_array_end = .
 *crtbegin.o(.dtors)
 *(EXCLUDE_FILE(*crtend.o) .dtors)
 *(SORT(.dtors.*))
 *crtend.o(.dtors)
                0x0040c1c4                . = ALIGN (0x4)
                0x0040c1c4                _efixed = .
                0x0040c1c4                PROVIDE (__exidx_start, .)

.vfp11_veneer   0x0040c1c4        0x0
 .vfp11_veneer  0x00000000        0x0 linker stubs

.v4_bx          0x0040c1c4        0x0
 .v4_bx         0x00000000        0x0 linker stubs

.iplt           0x0040c1c4        0x0
 .iplt          0x00000000        0x0 c:/program files (x86)/atmel/studio/7.0/toolchain/arm/arm-gnu-toolchain/bin/../lib/gcc/arm-none-eabi/4.9.3/armv7e-m/crtbegin.o

.ARM.exidx      0x0040c1c4        0x8
 *(.ARM.exidx* .gnu.linkonce.armexidx.*)
 .ARM.exidx     0x0040c1c4        0x8 c:/program files (x86)/atmel/studio/7.0/toolchain/arm/arm-gnu-toolchain/bin/../lib/gcc/arm-none-eabi/4.9.3/armv7e-m\libgcc.a(_divdi3.o)
 .ARM.exidx     0x0040c1cc        0x0 c:/program files (x86)/atmel/studio/7.0/toolchain/arm/arm-gnu-toolchain/bin/../lib/gcc/arm-none-eabi/4.9.3/armv7e-m\libgcc.a(_udivdi3.o)
                                  0x8 (size before relaxing)
                0x0040c1cc                PROVIDE (__exidx_end, .)

.eh_frame       0x0040c1cc        0x0
 .eh_frame      0x0040c1cc        0x0 c:/program files (x86)/atmel/studio/7.0/toolchain/arm/arm-gnu-toolchain/bin/../lib/gcc/arm-none-eabi/4.9.3/armv7e-m/crtbegin.o

.rel.dyn        0x0040c1cc        0x0
 .rel.iplt      0x00000000        0x0 c:/program files (x86)/atmel/studio/7.0/toolchain/arm/arm-gnu-toolchain/bin/../lib/gcc/arm-none-eabi/4.9.3/armv7e-m/crtbegin.o

.jcr            0x0040c1cc        0x0
 .jcr           0x0040c1cc        0x0 c:/program files (x86)/atmel/studio/7.0/toolchain/arm/arm-gnu-toolchain/bin/../lib/gcc/arm-none-eabi/4.9.3/armv7e-m/crtbegin.o

.igot.plt       0x0040c1cc        0x0
 .igot.plt      0x00000000        0x0 c:/program files (x86)/atmel/studio/7.0/toolchain/arm/arm-gnu-toolchain/bin/../lib/gcc/arm-none-eabi/4.9.3/armv7e-m/crtbegin.o
                0x0040c1cc                . = ALIGN (0x4)
                0x0040c1cc                _etext = .

.relocate       0x20000000      0x9b4 load address 0x0040c1cc
                0x20000000                . = ALIGN (0x4)
                0x20000000                _srelocate = .
 *(.ramfunc .ramfunc.*)
 .ramfunc       0x20000000       0x1c src/ASF/common/services/delay/sam/cycle_counter.o
                0x20000000                portable_delay_cycles
 .ramfunc       0x2000001c       0xf4 src/ASF/sam/drivers/efc/efc.o
                0x2000001c                efc_perform_read_sequence
                0x200000c0                efc_write_fmr
                0x200000dc                efc_perform_fcr
 *(.data .data.*)
 .data.uxCriticalNesting
                0x20000110        0x4 src/ASF/thirdparty/freertos/freertos-7.3.0/source/portable/gcc/sam_cm4f/port.o
 .data.xFreeBytesRemaining
                0x20000114        0x4 src/ASF/thirdparty/freertos/freertos-7.3.0/source/portable/memmang/heap_4.o
 .data.xNextTaskUnblockTime
                0x20000118        0x4 src/ASF/thirdparty/freertos/freertos-7.3.0/source/tasks.o
 .data.ui_enum_status
                0x2000011c        0x1 src/ASF/common/services/usb/class/cdc/host/example/samg55j19_samg_xplained_pro/ui.o
 *fill*         0x2000011d        0x3 
 .data.uhc_uhis
                0x20000120       0x10 src/ASF/common/services/usb/uhc/uhc.o
 .data.g_interrupt_enabled
                0x20000130        0x1 src/ASF/common/utils/interrupt/interrupt_sam_nvic.o
                0x20000130                g_interrupt_enabled
 *fill*         0x20000131        0x3 
 .data.SystemCoreClock
                0x20000134        0x4 src/ASF/sam/utils/cmsis/samg/samg55/source/templates/system_samg55.o
                0x20000134                SystemCoreClock
 .data.usart_options
                0x20000138       0x18 src/uart_sam.o
 .data.impure_data
                0x20000150      0x428 c:/program files (x86)/atmel/studio/7.0/toolchain/arm/arm-gnu-toolchain/bin/../lib/gcc/arm-none-eabi/4.9.3/../../../../arm-none-eabi/lib/armv7e-m\libc.a(lib_a-impure.o)
 .data._impure_ptr
                0x20000578        0x4 c:/program files (x86)/atmel/studio/7.0/toolchain/arm/arm-gnu-toolchain/bin/../lib/gcc/arm-none-eabi/4.9.3/../../../../arm-none-eabi/lib/armv7e-m\libc.a(lib_a-impure.o)
                0x20000578                _impure_ptr
 .data.__malloc_av_
                0x2000057c      0x408 c:/program files (x86)/atmel/studio/7.0/toolchain/arm/arm-gnu-toolchain/bin/../lib/gcc/arm-none-eabi/4.9.3/../../../../arm-none-eabi/lib/armv7e-m\libc.a(lib_a-mallocr.o)
                0x2000057c                __malloc_av_
 .data.__malloc_trim_threshold
                0x20000984        0x4 c:/program files (x86)/atmel/studio/7.0/toolchain/arm/arm-gnu-toolchain/bin/../lib/gcc/arm-none-eabi/4.9.3/../../../../arm-none-eabi/lib/armv7e-m\libc.a(lib_a-mallocr.o)
                0x20000984                __malloc_trim_threshold
 .data.__malloc_sbrk_base
                0x20000988        0x4 c:/program files (x86)/atmel/studio/7.0/toolchain/arm/arm-gnu-toolchain/bin/../lib/gcc/arm-none-eabi/4.9.3/../../../../arm-none-eabi/lib/armv7e-m\libc.a(lib_a-mallocr.o)
                0x20000988                __malloc_sbrk_base
 .data.lc_ctype_charset
                0x2000098c       0x20 c:/program files (x86)/atmel/studio/7.0/toolchain/arm/arm-gnu-toolchain/bin/../lib/gcc/arm-none-eabi/4.9.3/../../../../arm-none-eabi/lib/armv7e-m\libc.a(lib_a-locale.o)
 .data.__mb_cur_max
                0x200009ac        0x4 c:/program files (x86)/atmel/studio/7.0/toolchain/arm/arm-gnu-toolchain/bin/../lib/gcc/arm-none-eabi/4.9.3/../../../../arm-none-eabi/lib/armv7e-m\libc.a(lib_a-locale.o)
                0x200009ac                __mb_cur_max
 .data.__wctomb
                0x200009b0        0x4 c:/program files (x86)/atmel/studio/7.0/toolchain/arm/arm-gnu-toolchain/bin/../lib/gcc/arm-none-eabi/4.9.3/../../../../arm-none-eabi/lib/armv7e-m\libc.a(lib_a-wctomb_r.o)
                0x200009b0                __wctomb
                0x200009b4                . = ALIGN (0x4)
                0x200009b4                _erelocate = .

.bss            0x20000a00    0x1ac7c load address 0x0040cc00
                0x20000a00                . = ALIGN (0x4)
                0x20000a00                _sbss = .
                0x20000a00                _szero = .
 *(.bss .bss.*)
 .bss           0x20000a00       0x1c c:/program files (x86)/atmel/studio/7.0/toolchain/arm/arm-gnu-toolchain/bin/../lib/gcc/arm-none-eabi/4.9.3/armv7e-m/crtbegin.o
 *fill*         0x20000a1c        0x4 
 .bss.xHeap     0x20000a20     0xa000 src/ASF/thirdparty/freertos/freertos-7.3.0/source/portable/memmang/heap_4.o
 .bss.xStart    0x2000aa20        0x8 src/ASF/thirdparty/freertos/freertos-7.3.0/source/portable/memmang/heap_4.o
 .bss.pxEnd     0x2000aa28        0x4 src/ASF/thirdparty/freertos/freertos-7.3.0/source/portable/memmang/heap_4.o
 .bss.pxCurrentTCB
                0x2000aa2c        0x4 src/ASF/thirdparty/freertos/freertos-7.3.0/source/tasks.o
                0x2000aa2c                pxCurrentTCB
 .bss.pxReadyTasksLists
                0x2000aa30       0x64 src/ASF/thirdparty/freertos/freertos-7.3.0/source/tasks.o
 .bss.xDelayedTaskList1
                0x2000aa94       0x14 src/ASF/thirdparty/freertos/freertos-7.3.0/source/tasks.o
 .bss.xDelayedTaskList2
                0x2000aaa8       0x14 src/ASF/thirdparty/freertos/freertos-7.3.0/source/tasks.o
 .bss.pxDelayedTaskList
                0x2000aabc        0x4 src/ASF/thirdparty/freertos/freertos-7.3.0/source/tasks.o
 .bss.pxOverflowDelayedTaskList
                0x2000aac0        0x4 src/ASF/thirdparty/freertos/freertos-7.3.0/source/tasks.o
 .bss.xPendingReadyList
                0x2000aac4       0x14 src/ASF/thirdparty/freertos/freertos-7.3.0/source/tasks.o
 .bss.xTasksWaitingTermination
                0x2000aad8       0x14 src/ASF/thirdparty/freertos/freertos-7.3.0/source/tasks.o
 .bss.uxTasksDeleted
                0x2000aaec        0x4 src/ASF/thirdparty/freertos/freertos-7.3.0/source/tasks.o
 .bss.xSuspendedTaskList
                0x2000aaf0       0x14 src/ASF/thirdparty/freertos/freertos-7.3.0/source/tasks.o
 .bss.uxCurrentNumberOfTasks
                0x2000ab04        0x4 src/ASF/thirdparty/freertos/freertos-7.3.0/source/tasks.o
 .bss.xTickCount
                0x2000ab08        0x4 src/ASF/thirdparty/freertos/freertos-7.3.0/source/tasks.o
 .bss.uxTopUsedPriority
                0x2000ab0c        0x4 src/ASF/thirdparty/freertos/freertos-7.3.0/source/tasks.o
 .bss.uxTopReadyPriority
                0x2000ab10        0x4 src/ASF/thirdparty/freertos/freertos-7.3.0/source/tasks.o
 .bss.xSchedulerRunning
                0x2000ab14        0x4 src/ASF/thirdparty/freertos/freertos-7.3.0/source/tasks.o
 .bss.uxSchedulerSuspended
                0x2000ab18        0x4 src/ASF/thirdparty/freertos/freertos-7.3.0/source/tasks.o
 .bss.uxMissedTicks
                0x2000ab1c        0x4 src/ASF/thirdparty/freertos/freertos-7.3.0/source/tasks.o
 .bss.xMissedYield
                0x2000ab20        0x4 src/ASF/thirdparty/freertos/freertos-7.3.0/source/tasks.o
 .bss.xNumOfOverflows
                0x2000ab24        0x4 src/ASF/thirdparty/freertos/freertos-7.3.0/source/tasks.o
 .bss.uxTaskNumber
                0x2000ab28        0x4 src/ASF/thirdparty/freertos/freertos-7.3.0/source/tasks.o
 .bss.xActiveTimerList1
                0x2000ab2c       0x14 src/ASF/thirdparty/freertos/freertos-7.3.0/source/timers.o
 .bss.xActiveTimerList2
                0x2000ab40       0x14 src/ASF/thirdparty/freertos/freertos-7.3.0/source/timers.o
 .bss.pxCurrentTimerList
                0x2000ab54        0x4 src/ASF/thirdparty/freertos/freertos-7.3.0/source/timers.o
 .bss.pxOverflowTimerList
                0x2000ab58        0x4 src/ASF/thirdparty/freertos/freertos-7.3.0/source/timers.o
 .bss.xTimerQueue
                0x2000ab5c        0x4 src/ASF/thirdparty/freertos/freertos-7.3.0/source/timers.o
 .bss.xLastTime.4502
                0x2000ab60        0x4 src/ASF/thirdparty/freertos/freertos-7.3.0/source/timers.o
 .bss.commStateMachine
                0x2000ab64        0x1 src/camera.o
                0x2000ab64                commStateMachine
 .bss.checksum.9406
                0x2000ab65        0x1 src/camera.o
 *fill*         0x2000ab66        0x2 
 .bss.count.9405
                0x2000ab68        0x4 src/camera.o
 .bss.ui_device_speed_blink
                0x2000ab6c        0x2 src/ASF/common/services/usb/class/cdc/host/example/samg55j19_samg_xplained_pro/ui.o
 .bss.ui_data_transfer
                0x2000ab6e        0x1 src/ASF/common/services/usb/class/cdc/host/example/samg55j19_samg_xplained_pro/ui.o
 *fill*         0x2000ab6f        0x1 
 .bss.counter_sof.9212
                0x2000ab70        0x2 src/ASF/common/services/usb/class/cdc/host/example/samg55j19_samg_xplained_pro/ui.o
 *fill*         0x2000ab72        0x2 
 .bss.uhi_cdc_dev
                0x2000ab74       0x10 src/ASF/common/services/usb/class/cdc/host/uhi_cdc.o
 .bss.g_uhc_device_root
                0x2000ab84       0x18 src/ASF/common/services/usb/uhc/uhc.o
 .bss.uhc_enum_try
                0x2000ab9c        0x1 src/ASF/common/services/usb/uhc/uhc.o
 *fill*         0x2000ab9d        0x3 
 .bss.uhc_sof_timeout_callback
                0x2000aba0        0x4 src/ASF/common/services/usb/uhc/uhc.o
 .bss.gs_interrupt_sources
                0x2000aba4       0x70 src/ASF/sam/drivers/pio/pio_handler.o
 *fill*         0x2000ac14       0xec 
 .bss.hcca      0x2000ad00      0x100 src/ASF/sam/drivers/uhp/ohci/ohci_hcd.o
 .bss.control_ed
                0x2000ae00       0x10 src/ASF/sam/drivers/uhp/ohci/ohci_hcd.o
 .bss.control_td_head
                0x2000ae10       0x10 src/ASF/sam/drivers/uhp/ohci/ohci_hcd.o
 .bss.control_td_tail
                0x2000ae20       0x10 src/ASF/sam/drivers/uhp/ohci/ohci_hcd.o
 .bss.bulk_ed   0x2000ae30       0x80 src/ASF/sam/drivers/uhp/ohci/ohci_hcd.o
 .bss.bulk_ed_status
                0x2000aeb0        0x1 src/ASF/sam/drivers/uhp/ohci/ohci_hcd.o
 *fill*         0x2000aeb1        0xf 
 .bss.bulk_td_head
                0x2000aec0       0x80 src/ASF/sam/drivers/uhp/ohci/ohci_hcd.o
 .bss.bulk_td_tail
                0x2000af40       0x80 src/ASF/sam/drivers/uhp/ohci/ohci_hcd.o
 .bss.interrupt_ed
                0x2000afc0       0x80 src/ASF/sam/drivers/uhp/ohci/ohci_hcd.o
 .bss.interrupt_ed_status
                0x2000b040        0x1 src/ASF/sam/drivers/uhp/ohci/ohci_hcd.o
 *fill*         0x2000b041        0xf 
 .bss.interrupt_td_head
                0x2000b050       0x80 src/ASF/sam/drivers/uhp/ohci/ohci_hcd.o
 .bss.interrupt_td_tail
                0x2000b0d0       0x80 src/ASF/sam/drivers/uhp/ohci/ohci_hcd.o
 .bss.isochronous_ed
                0x2000b150       0x80 src/ASF/sam/drivers/uhp/ohci/ohci_hcd.o
 .bss.isochronous_ed_status
                0x2000b1d0        0x1 src/ASF/sam/drivers/uhp/ohci/ohci_hcd.o
 *fill*         0x2000b1d1        0xf 
 .bss.isochronous_td_head
                0x2000b1e0      0x100 src/ASF/sam/drivers/uhp/ohci/ohci_hcd.o
 .bss.isochronous_td_tail
                0x2000b2e0      0x100 src/ASF/sam/drivers/uhp/ohci/ohci_hcd.o
 .bss.ohci_callback_pointer
                0x2000b3e0       0x20 src/ASF/sam/drivers/uhp/ohci/ohci_hcd.o
 .bss.callback_para
                0x2000b400        0x4 src/ASF/sam/drivers/uhp/ohci/ohci_hcd.o
 .bss.bus_reset_flag
                0x2000b404        0x4 src/ASF/sam/drivers/uhp/ohci/ohci_hcd.o
 .bss.p_td_head
                0x2000b408        0x4 src/ASF/sam/drivers/uhp/ohci/ohci_hcd.o
 .bss.p_td_tail
                0x2000b40c        0x4 src/ASF/sam/drivers/uhp/ohci/ohci_hcd.o
 .bss.uhd_reset_callback
                0x2000b410        0x4 src/ASF/sam/drivers/uhp/uhp_host.o
 .bss.callback_setup_end_para
                0x2000b414        0x4 src/ASF/sam/drivers/uhp/uhp_host.o
 .bss.callback_setup_end_func
                0x2000b418        0x4 src/ASF/sam/drivers/uhp/uhp_host.o
 .bss.callback_trans_end_para
                0x2000b41c       0xa0 src/ASF/sam/drivers/uhp/uhp_host.o
 .bss.uhd_suspend_start
                0x2000b4bc        0x1 src/ASF/sam/drivers/uhp/uhp_host.o
 .bss.uhd_resume_start
                0x2000b4bd        0x1 src/ASF/sam/drivers/uhp/uhp_host.o
 .bss.uhd_state.8326
                0x2000b4be        0x1 src/ASF/sam/drivers/uhp/uhp_host.o
 *fill*         0x2000b4bf        0x1 
 .bss.ul_reg_val.7418
                0x2000b4c0        0x4 src/ASF/sam/drivers/usart/usart.o
 .bss.heap.5212
                0x2000b4c4        0x4 src/ASF/sam/utils/syscalls/gcc/syscalls.o
 .bss.xLedIndictorTimer
                0x2000b4c8        0x4 src/main.o
                0x2000b4c8                xLedIndictorTimer
 .bss.xTsensorCommTimeoutTimer
                0x2000b4cc        0x4 src/main.o
                0x2000b4cc                xTsensorCommTimeoutTimer
 .bss.xCameraCommTimeoutTimer
                0x2000b4d0        0x4 src/main.o
                0x2000b4d0                xCameraCommTimeoutTimer
 .bss.xWiFiCommTimeoutTimer
                0x2000b4d4        0x4 src/main.o
                0x2000b4d4                xWiFiCommTimeoutTimer
 .bss.xTsensorDataQueryTimer
                0x2000b4d8        0x4 src/main.o
                0x2000b4d8                xTsensorDataQueryTimer
 .bss.tsensorDataQueryState
                0x2000b4dc        0x1 src/main.o
                0x2000b4dc                tsensorDataQueryState
 .bss.tsensorDataWaitforHandling
                0x2000b4dd        0x1 src/main.o
                0x2000b4dd                tsensorDataWaitforHandling
 *fill*         0x2000b4de        0x2 
 .bss.xTsensorNoRspTimeoutTimer
                0x2000b4e0        0x4 src/main.o
                0x2000b4e0                xTsensorNoRspTimeoutTimer
 .bss.startWiFiProcessing
                0x2000b4e4        0x4 src/main.o
                0x2000b4e4                startWiFiProcessing
 .bss.startCameraProcessing
                0x2000b4e8        0x4 src/main.o
                0x2000b4e8                startCameraProcessing
 .bss.startTsensorProcessing
                0x2000b4ec        0x4 src/main.o
                0x2000b4ec                startTsensorProcessing
 .bss.tempUartRecvBuff
                0x2000b4f0     0x138a src/temperature.o
 *fill*         0x2000c87a        0x2 
 .bss.uartRecvBuff
                0x2000c87c     0x138a src/temperature.o
 *fill*         0x2000dc06        0x2 
 .bss.sendbuff  0x2000dc08       0x20 src/temperature.o
 .bss.uartStateMachine
                0x2000dc28        0x1 src/temperature.o
                0x2000dc28                uartStateMachine
 *fill*         0x2000dc29        0x1 
 .bss.count.9438
                0x2000dc2a        0x2 src/temperature.o
 .bss.__malloc_max_total_mem
                0x2000dc2c        0x4 c:/program files (x86)/atmel/studio/7.0/toolchain/arm/arm-gnu-toolchain/bin/../lib/gcc/arm-none-eabi/4.9.3/../../../../arm-none-eabi/lib/armv7e-m\libc.a(lib_a-mallocr.o)
                0x2000dc2c                __malloc_max_total_mem
 .bss.__malloc_max_sbrked_mem
                0x2000dc30        0x4 c:/program files (x86)/atmel/studio/7.0/toolchain/arm/arm-gnu-toolchain/bin/../lib/gcc/arm-none-eabi/4.9.3/../../../../arm-none-eabi/lib/armv7e-m\libc.a(lib_a-mallocr.o)
                0x2000dc30                __malloc_max_sbrked_mem
 .bss.__malloc_top_pad
                0x2000dc34        0x4 c:/program files (x86)/atmel/studio/7.0/toolchain/arm/arm-gnu-toolchain/bin/../lib/gcc/arm-none-eabi/4.9.3/../../../../arm-none-eabi/lib/armv7e-m\libc.a(lib_a-mallocr.o)
                0x2000dc34                __malloc_top_pad
 .bss.__malloc_current_mallinfo
                0x2000dc38       0x28 c:/program files (x86)/atmel/studio/7.0/toolchain/arm/arm-gnu-toolchain/bin/../lib/gcc/arm-none-eabi/4.9.3/../../../../arm-none-eabi/lib/armv7e-m\libc.a(lib_a-mallocr.o)
                0x2000dc38                __malloc_current_mallinfo
 *(COMMON)
 COMMON         0x2000dc60        0x4 src/ASF/common/utils/stdio/read.o
                0x2000dc60                ptr_get
 COMMON         0x2000dc64        0x8 src/ASF/common/utils/stdio/write.o
                0x2000dc64                ptr_put
                0x2000dc68                stdio_base
 COMMON         0x2000dc6c     0xc86e src/camera.o
                0x2000dc6c                pictureData
                0x2001a474                getblockcommand
                0x2001a4a8                snapshot
 *fill*         0x2001a4da        0x2 
 COMMON         0x2001a4dc        0x6 src/ASF/common/services/sleepmgr/sam/sleepmgr.o
                0x2001a4dc                sleepmgr_locks
 COMMON         0x2001a4e2        0x1 src/ASF/common/services/usb/uhc/uhc.o
                0x2001a4e2                uhc_sof_timeout
 *fill*         0x2001a4e3        0x1 
 COMMON         0x2001a4e4     0x1193 src/temperature.o
                0x2001a4e4                humanInfo
                0x2001a534                commRspInfo
 *fill*         0x2001b677        0x1 
 COMMON         0x2001b678        0x4 c:/program files (x86)/atmel/studio/7.0/toolchain/arm/arm-gnu-toolchain/bin/../lib/gcc/arm-none-eabi/4.9.3/../../../../arm-none-eabi/lib/armv7e-m\libc.a(lib_a-reent.o)
                0x2001b678                errno
                0x2001b67c                . = ALIGN (0x4)
                0x2001b67c                _ebss = .
                0x2001b67c                _ezero = .

.stack          0x2001b67c     0x3004 load address 0x0042787c
                0x2001b680                . = ALIGN (0x8)
 *fill*         0x2001b67c        0x4 
                0x2001b680                _sstack = .
                0x2001e680                . = (. + __stack_size__)
 *fill*         0x2001b680     0x3000 
                0x2001e680                . = ALIGN (0x8)
                0x2001e680                _estack = .
                0x2001e680                . = ALIGN (0x4)
                0x2001e680                _end = .
OUTPUT(HOST_USB.elf elf32-littlearm)

.ARM.attributes
                0x00000000       0x2e
 .ARM.attributes
                0x00000000       0x1e c:/program files (x86)/atmel/studio/7.0/toolchain/arm/arm-gnu-toolchain/bin/../lib/gcc/arm-none-eabi/4.9.3/armv7e-m/crti.o
 .ARM.attributes
                0x0000001e       0x2e c:/program files (x86)/atmel/studio/7.0/toolchain/arm/arm-gnu-toolchain/bin/../lib/gcc/arm-none-eabi/4.9.3/armv7e-m/crtbegin.o
 .ARM.attributes
                0x0000004c       0x37 src/ASF/common/utils/stdio/read.o
 .ARM.attributes
                0x00000083       0x37 src/ASF/common/utils/stdio/write.o
 .ARM.attributes
                0x000000ba       0x37 src/ASF/sam/drivers/pdc/pdc.o
 .ARM.attributes
                0x000000f1       0x37 src/ASF/thirdparty/freertos/freertos-7.3.0/source/list.o
 .ARM.attributes
                0x00000128       0x37 src/ASF/thirdparty/freertos/freertos-7.3.0/source/portable/gcc/sam_cm4f/port.o
 .ARM.attributes
                0x0000015f       0x37 src/ASF/thirdparty/freertos/freertos-7.3.0/source/portable/memmang/heap_4.o
 .ARM.attributes
                0x00000196       0x37 src/ASF/thirdparty/freertos/freertos-7.3.0/source/queue.o
 .ARM.attributes
                0x000001cd       0x37 src/ASF/thirdparty/freertos/freertos-7.3.0/source/tasks.o
 .ARM.attributes
                0x00000204       0x37 src/ASF/thirdparty/freertos/freertos-7.3.0/source/timers.o
 .ARM.attributes
                0x0000023b       0x37 src/camera.o
 .ARM.attributes
                0x00000272       0x37 src/ASF/common/services/usb/class/cdc/host/example/samg55j19_samg_xplained_pro/ui.o
 .ARM.attributes
                0x000002a9       0x37 src/ASF/common/services/clock/samg/sysclk.o
 .ARM.attributes
                0x000002e0       0x37 src/ASF/common/services/delay/sam/cycle_counter.o
 .ARM.attributes
                0x00000317       0x37 src/ASF/common/services/sleepmgr/sam/sleepmgr.o
 .ARM.attributes