Archive member included because of file (symbol)

c:/program files (x86)/atmel/studio/7.0/toolchain/arm/arm-gnu-toolchain/bin/../lib/gcc/arm-none-eabi/4.9.3/../../../../arm-none-eabi/lib/armv7e-m\libc.a(lib_a-exit.o)
                              c:/program files (x86)/atmel/studio/7.0/toolchain/arm/arm-gnu-toolchain/bin/../lib/gcc/arm-none-eabi/4.9.3/../../../../arm-none-eabi/lib/armv7e-m/crt0.o (exit)
c:/program files (x86)/atmel/studio/7.0/toolchain/arm/arm-gnu-toolchain/bin/../lib/gcc/arm-none-eabi/4.9.3/../../../../arm-none-eabi/lib/armv7e-m\libc.a(lib_a-impure.o)
                              c:/program files (x86)/atmel/studio/7.0/toolchain/arm/arm-gnu-toolchain/bin/../lib/gcc/arm-none-eabi/4.9.3/../../../../arm-none-eabi/lib/armv7e-m\libc.a(lib_a-exit.o) (_global_impure_ptr)
c:/program files (x86)/atmel/studio/7.0/toolchain/arm/arm-gnu-toolchain/bin/../lib/gcc/arm-none-eabi/4.9.3/../../../../arm-none-eabi/lib/armv7e-m\libc.a(lib_a-init.o)
                              c:/program files (x86)/atmel/studio/7.0/toolchain/arm/arm-gnu-toolchain/bin/../lib/gcc/arm-none-eabi/4.9.3/../../../../arm-none-eabi/lib/armv7e-m/crt0.o (__libc_init_array)
c:/program files (x86)/atmel/studio/7.0/toolchain/arm/arm-gnu-toolchain/bin/../lib/gcc/arm-none-eabi/4.9.3/../../../../arm-none-eabi/lib/armv7e-m\libc.a(lib_a-iprintf.o)
                              src/ASF/sam/utils/syscalls/gcc/syscalls.o (iprintf)
c:/program files (x86)/atmel/studio/7.0/toolchain/arm/arm-gnu-toolchain/bin/../lib/gcc/arm-none-eabi/4.9.3/../../../../arm-none-eabi/lib/armv7e-m\libc.a(lib_a-memcmp.o)
                              src/ASF/thirdparty/freertos/freertos-7.3.0/source/tasks.o (memcmp)
c:/program files (x86)/atmel/studio/7.0/toolchain/arm/arm-gnu-toolchain/bin/../lib/gcc/arm-none-eabi/4.9.3/../../../../arm-none-eabi/lib/armv7e-m\libc.a(lib_a-memcpy.o)
                              src/ASF/common/services/freertos/sam/freertos_peripheral_control.o (memcpy)
c:/program files (x86)/atmel/studio/7.0/toolchain/arm/arm-gnu-toolchain/bin/../lib/gcc/arm-none-eabi/4.9.3/../../../../arm-none-eabi/lib/armv7e-m\libc.a(lib_a-memset.o)
                              c:/program files (x86)/atmel/studio/7.0/toolchain/arm/arm-gnu-toolchain/bin/../lib/gcc/arm-none-eabi/4.9.3/../../../../arm-none-eabi/lib/armv7e-m/crt0.o (memset)
c:/program files (x86)/atmel/studio/7.0/toolchain/arm/arm-gnu-toolchain/bin/../lib/gcc/arm-none-eabi/4.9.3/../../../../arm-none-eabi/lib/armv7e-m\libc.a(lib_a-puts.o)
                              src/main.o (puts)
c:/program files (x86)/atmel/studio/7.0/toolchain/arm/arm-gnu-toolchain/bin/../lib/gcc/arm-none-eabi/4.9.3/../../../../arm-none-eabi/lib/armv7e-m\libc.a(lib_a-setbuf.o)
                              src/main.o (setbuf)
c:/program files (x86)/atmel/studio/7.0/toolchain/arm/arm-gnu-toolchain/bin/../lib/gcc/arm-none-eabi/4.9.3/../../../../arm-none-eabi/lib/armv7e-m\libc.a(lib_a-setvbuf.o)
                              c:/program files (x86)/atmel/studio/7.0/toolchain/arm/arm-gnu-toolchain/bin/../lib/gcc/arm-none-eabi/4.9.3/../../../../arm-none-eabi/lib/armv7e-m\libc.a(lib_a-setbuf.o) (setvbuf)
c:/program files (x86)/atmel/studio/7.0/toolchain/arm/arm-gnu-toolchain/bin/../lib/gcc/arm-none-eabi/4.9.3/../../../../arm-none-eabi/lib/armv7e-m\libc.a(lib_a-sprintf.o)
                              src/ASF/thirdparty/freertos/freertos-7.3.0/source/tasks.o (sprintf)
c:/program files (x86)/atmel/studio/7.0/toolchain/arm/arm-gnu-toolchain/bin/../lib/gcc/arm-none-eabi/4.9.3/../../../../arm-none-eabi/lib/armv7e-m\libc.a(lib_a-strcat.o)
                              src/ASF/thirdparty/freertos/freertos-7.3.0/source/tasks.o (strcat)
c:/program files (x86)/atmel/studio/7.0/toolchain/arm/arm-gnu-toolchain/bin/../lib/gcc/arm-none-eabi/4.9.3/../../../../arm-none-eabi/lib/armv7e-m\libc.a(lib_a-strcpy.o)
                              c:/program files (x86)/atmel/studio/7.0/toolchain/arm/arm-gnu-toolchain/bin/../lib/gcc/arm-none-eabi/4.9.3/../../../../arm-none-eabi/lib/armv7e-m\libc.a(lib_a-strcat.o) (strcpy)
c:/program files (x86)/atmel/studio/7.0/toolchain/arm/arm-gnu-toolchain/bin/../lib/gcc/arm-none-eabi/4.9.3/../../../../arm-none-eabi/lib/armv7e-m\libc.a(lib_a-strlen.o)
                              src/ASF/thirdparty/freertos/freertos-7.3.0/source/tasks.o (strlen)
c:/program files (x86)/atmel/studio/7.0/toolchain/arm/arm-gnu-toolchain/bin/../lib/gcc/arm-none-eabi/4.9.3/../../../../arm-none-eabi/lib/armv7e-m\libc.a(lib_a-strncpy.o)
                              src/ASF/thirdparty/freertos/freertos-7.3.0/source/tasks.o (strncpy)
c:/program files (x86)/atmel/studio/7.0/toolchain/arm/arm-gnu-toolchain/bin/../lib/gcc/arm-none-eabi/4.9.3/../../../../arm-none-eabi/lib/armv7e-m\libc.a(lib_a-svfprintf.o)
                              c:/program files (x86)/atmel/studio/7.0/toolchain/arm/arm-gnu-toolchain/bin/../lib/gcc/arm-none-eabi/4.9.3/../../../../arm-none-eabi/lib/armv7e-m\libc.a(lib_a-sprintf.o) (_svfprintf_r)
[...]
Memory Configuration

Name             Origin             Length             Attributes
rom              0x00400000         0x00070000         xr
ram              0x20000000         0x00028000         xrw
*default*        0x00000000         0xffffffff

Linker script and memory map

LOAD c:/program files (x86)/atmel/studio/7.0/toolchain/arm/arm-gnu-toolchain/bin/../lib/gcc/arm-none-eabi/4.9.3/armv7e-m/crti.o
LOAD c:/program files (x86)/atmel/studio/7.0/toolchain/arm/arm-gnu-toolchain/bin/../lib/gcc/arm-none-eabi/4.9.3/armv7e-m/crtbegin.o
LOAD c:/program files (x86)/atmel/studio/7.0/toolchain/arm/arm-gnu-toolchain/bin/../lib/gcc/arm-none-eabi/4.9.3/../../../../arm-none-eabi/lib/armv7e-m/crt0.o
LOAD src/ASF/sam/drivers/rtc/rtc.o
LOAD src/ASF/common/services/clock/samg/sysclk.o
LOAD src/ASF/common/services/delay/sam/cycle_counter.o
LOAD src/ASF/common/services/freertos/sam/freertos_peripheral_control.o
LOAD src/ASF/common/services/freertos/sam/freertos_usart_serial.o
LOAD src/ASF/common/services/serial/usart_serial.o
LOAD src/ASF/common/services/sleepmgr/sam/sleepmgr.o
LOAD src/ASF/common/utils/interrupt/interrupt_sam_nvic.o
LOAD src/ASF/common/utils/stdio/read.o
LOAD src/ASF/common/utils/stdio/write.o
LOAD src/ASF/sam/boards/samg55_xplained_pro/board_init.o
LOAD src/ASF/sam/drivers/efc/efc.o
LOAD src/ASF/sam/drivers/flexcom/flexcom.o
LOAD src/ASF/sam/drivers/pdc/pdc.o
LOAD src/ASF/sam/drivers/pio/pio.o
LOAD src/ASF/sam/drivers/pio/pio_handler.o
LOAD src/ASF/sam/drivers/pmc/pmc.o
LOAD src/ASF/sam/drivers/pmc/sleep.o
LOAD src/ASF/sam/drivers/supc/supc.o
LOAD src/ASF/sam/drivers/usart/usart.o
LOAD src/ASF/sam/utils/cmsis/samg/samg55/source/templates/gcc/startup_samg55.o
LOAD src/ASF/sam/utils/cmsis/samg/samg55/source/templates/system_samg55.o
LOAD src/ASF/sam/utils/syscalls/gcc/syscalls.o
LOAD src/ASF/thirdparty/freertos/freertos-7.3.0/source/list.o
LOAD src/ASF/thirdparty/freertos/freertos-7.3.0/source/portable/gcc/sam_cm4f/port.o
LOAD src/ASF/thirdparty/freertos/freertos-7.3.0/source/portable/memmang/heap_4.o
LOAD src/ASF/thirdparty/freertos/freertos-7.3.0/source/queue.o
LOAD src/ASF/thirdparty/freertos/freertos-7.3.0/source/tasks.o
LOAD src/ASF/thirdparty/freertos/freertos-7.3.0/source/timers.o
LOAD src/daikin/wifi/wifi_serial.o
LOAD src/main.o
LOAD src/misc/debug.o
LOAD src/run-time-stats-utils.o
START GROUP
LOAD ../src/ASF/thirdparty/CMSIS/Lib/GCC\libarm_cortexM4lf_math.a
END GROUP
START GROUP
LOAD c:/program files (x86)/atmel/studio/7.0/toolchain/arm/arm-gnu-toolchain/bin/../lib/gcc/arm-none-eabi/4.9.3/armv7e-m\libgcc.a
LOAD c:/program files (x86)/atmel/studio/7.0/toolchain/arm/arm-gnu-toolchain/bin/../lib/gcc/arm-none-eabi/4.9.3/../../../../arm-none-eabi/lib/armv7e-m\libc.a
END GROUP
LOAD c:/program files (x86)/atmel/studio/7.0/toolchain/arm/arm-gnu-toolchain/bin/../lib/gcc/arm-none-eabi/4.9.3/armv7e-m/crtend.o
LOAD c:/program files (x86)/atmel/studio/7.0/toolchain/arm/arm-gnu-toolchain/bin/../lib/gcc/arm-none-eabi/4.9.3/armv7e-m/crtn.o
                0x00003000                __stack_size__ = DEFINED (__stack_size__)?__stack_size__:0x3000
                0x20027ffc                __ram_end__ = ((ORIGIN (ram) + 0x28000) - 0x4)

.text           0x00400000     0x7c48
                0x00400000                . = ALIGN (0x4)
                0x00400000                _sfixed = .
 *(.vectors .vectors.*)
 .vectors       0x00400000      0x148 src/ASF/sam/utils/cmsis/samg/samg55/source/templates/gcc/startup_samg55.o
                0x00400000                exception_table
 *(.text .text.* .gnu.linkonce.t.*)
 .text          0x00400148       0x5c c:/program files (x86)/atmel/studio/7.0/toolchain/arm/arm-gnu-toolchain/bin/../lib/gcc/arm-none-eabi/4.9.3/armv7e-m/crtbegin.o
 .text.sysclk_init
                0x004001a4       0x68 src/ASF/common/services/clock/samg/sysclk.o
                0x004001a4                sysclk_init
 .text._read    0x0040020c       0x3c src/ASF/common/utils/stdio/read.o
                0x0040020c                _read
 .text._write   0x00400248       0x50 src/ASF/common/utils/stdio/write.o
                0x00400248                _write
 .text.Button1_Handler
                0x00400298       0x18 src/ASF/sam/boards/samg55_xplained_pro/board_init.o
 .text.system_board_init
                0x004002b0      0x174 src/ASF/sam/boards/samg55_xplained_pro/board_init.o
                0x004002b0                board_init
                0x004002b0                system_board_init
 .text.flexcom_enable
                0x00400424      0x170 src/ASF/sam/drivers/flexcom/flexcom.o
                0x00400424                flexcom_enable
 .text.flexcom_set_opmode
                0x00400594        0x4 src/ASF/sam/drivers/flexcom/flexcom.o
                0x00400594                flexcom_set_opmode
 .text.pdc_tx_init
                0x00400598       0x18 src/ASF/sam/drivers/pdc/pdc.o
                0x00400598                pdc_tx_init
 .text.pdc_enable_transfer
                0x004005b0        0xc src/ASF/sam/drivers/pdc/pdc.o
                0x004005b0                pdc_enable_transfer
 .text.pdc_disable_transfer
                0x004005bc       0x10 src/ASF/sam/drivers/pdc/pdc.o
                0x004005bc                pdc_disable_transfer
 .text.pio_set_debounce_filter
                0x004005cc       0x1c src/ASF/sam/drivers/pio/pio.o
                0x004005cc                pio_set_debounce_filter
 .text.pio_configure_interrupt
                0x004005e8       0x30 src/ASF/sam/drivers/pio/pio.o
                0x004005e8                pio_configure_interrupt
 .text.pio_enable_interrupt
                0x00400618        0x8 src/ASF/sam/drivers/pio/pio.o
                0x00400618                pio_enable_interrupt
 .text.pio_disable_interrupt
                0x00400620        0x4 src/ASF/sam/drivers/pio/pio.o
                0x00400620                pio_disable_interrupt
 .text.pio_get_interrupt_status
                0x00400624        0x4 src/ASF/sam/drivers/pio/pio.o
                0x00400624                pio_get_interrupt_status
 .text.pio_get_interrupt_mask
                0x00400628        0x4 src/ASF/sam/drivers/pio/pio.o
                0x00400628                pio_get_interrupt_mask
 .text.pio_handler_process
                0x0040062c       0x50 src/ASF/sam/drivers/pio/pio_handler.o
                0x0040062c                pio_handler_process
 .text.pio_handler_set
                0x0040067c       0x40 src/ASF/sam/drivers/pio/pio_handler.o
                0x0040067c                pio_handler_set
 .text.PIOA_Handler
                0x004006bc       0x14 src/ASF/sam/drivers/pio/pio_handler.o
                0x004006bc                PIOA_Handler
 .text.PIOB_Handler
                0x004006d0       0x14 src/ASF/sam/drivers/pio/pio_handler.o
                0x004006d0                PIOB_Handler
 .text.pio_handler_set_priority
                0x004006e4       0x80 src/ASF/sam/drivers/pio/pio_handler.o
                0x004006e4                pio_handler_set_priority
 .text.pmc_switch_mck_to_pllack
                0x00400764       0x68 src/ASF/sam/drivers/pmc/pmc.o
                0x00400764                pmc_switch_mck_to_pllack
 .text.pmc_switch_sclk_to_32kxtal
                0x004007cc       0x24 src/ASF/sam/drivers/pmc/pmc.o
                0x004007cc                pmc_switch_sclk_to_32kxtal
 .text.pmc_osc_is_ready_32kxtal
                0x004007f0       0x20 src/ASF/sam/drivers/pmc/pmc.o
                0x004007f0                pmc_osc_is_ready_32kxtal
 .text.pmc_disable_pllack
                0x00400810        0xc src/ASF/sam/drivers/pmc/pmc.o
                0x00400810                pmc_disable_pllack
 .text.pmc_is_locked_pllack
                0x0040081c       0x10 src/ASF/sam/drivers/pmc/pmc.o
                0x0040081c                pmc_is_locked_pllack
 .text.pmc_enable_periph_clk
                0x0040082c       0x54 src/ASF/sam/drivers/pmc/pmc.o
                0x0040082c                pmc_enable_periph_clk
 .text.pmc_switch_pck_to_mck
                0x00400880       0x44 src/ASF/sam/drivers/pmc/pmc.o
                0x00400880                pmc_switch_pck_to_mck
 .text.pmc_enable_pck
                0x004008c4       0x10 src/ASF/sam/drivers/pmc/pmc.o
                0x004008c4                pmc_enable_pck
 .text.pmc_disable_pck
                0x004008d4       0x10 src/ASF/sam/drivers/pmc/pmc.o
                0x004008d4                pmc_disable_pck
 .text.usart_set_async_baudrate
                0x004008e4       0x64 src/ASF/sam/drivers/usart/usart.o
                0x004008e4                usart_set_async_baudrate
 .text.usart_reset
                0x00400948       0x28 src/ASF/sam/drivers/usart/usart.o
                0x00400948                usart_reset
 .text.usart_init_rs232
                0x00400970       0x54 src/ASF/sam/drivers/usart/usart.o
                0x00400970                usart_init_rs232
 .text.usart_enable_tx
                0x004009c4        0x8 src/ASF/sam/drivers/usart/usart.o
                0x004009c4                usart_enable_tx
 .text.usart_enable_rx
                0x004009cc        0x8 src/ASF/sam/drivers/usart/usart.o
                0x004009cc                usart_enable_rx
 .text.usart_set_rx_timeout
                0x004009d4        0x4 src/ASF/sam/drivers/usart/usart.o
                0x004009d4                usart_set_rx_timeout
 .text.usart_enable_interrupt
                0x004009d8        0x4 src/ASF/sam/drivers/usart/usart.o
                0x004009d8                usart_enable_interrupt
 .text.usart_disable_interrupt
                0x004009dc        0x4 src/ASF/sam/drivers/usart/usart.o
                0x004009dc                usart_disable_interrupt
 .text.usart_get_status
                0x004009e0        0x4 src/ASF/sam/drivers/usart/usart.o
                0x004009e0                usart_get_status
 .text.usart_start_rx_timeout
                0x004009e4        0x8 src/ASF/sam/drivers/usart/usart.o
                0x004009e4                usart_start_rx_timeout
 .text.usart_write
                0x004009ec       0x14 src/ASF/sam/drivers/usart/usart.o
                0x004009ec                usart_write
 .text.usart_read
                0x00400a00       0x18 src/ASF/sam/drivers/usart/usart.o
                0x00400a00                usart_read
 .text.usart_get_pdc_base
                0x00400a18       0x88 src/ASF/sam/drivers/usart/usart.o
                0x00400a18                usart_get_pdc_base
 .text.Dummy_Handler
                0x00400aa0        0x4 src/ASF/sam/utils/cmsis/samg/samg55/source/templates/gcc/startup_samg55.o
                0x00400aa0                FLEXCOM1_Handler
                0x00400aa0                DebugMon_Handler
                0x00400aa0                HardFault_Handler
                0x00400aa0                TC2_Handler
                0x00400aa0                FLEXCOM4_Handler
                0x00400aa0                NMI_Handler
                0x00400aa0                ADC_Handler
                0x00400aa0                CRCCU_Handler
                0x00400aa0                RTT_Handler
                0x00400aa0                FLEXCOM6_Handler
                0x00400aa0                RTC_Handler
                0x00400aa0                UsageFault_Handler
                0x00400aa0                PDMIC1_Handler
                0x00400aa0                WDT_Handler
                0x00400aa0                TC4_Handler
                0x00400aa0                TC1_Handler
                0x00400aa0                TC3_Handler
                0x00400aa0                ARM_Handler
                0x00400aa0                Dummy_Handler
                0x00400aa0                MEM2MEM_Handler
                0x00400aa0                PMC_Handler
                0x00400aa0                PDMIC0_Handler
                0x00400aa0                MemManage_Handler
                0x00400aa0                SUPC_Handler
                0x00400aa0                UHP_Handler
                0x00400aa0                EFC_Handler
                0x00400aa0                FLEXCOM7_Handler
                0x00400aa0                I2SC0_Handler
                0x00400aa0                I2SC1_Handler
                0x00400aa0                FLEXCOM2_Handler
                0x00400aa0                UDP_Handler
                0x00400aa0                FLEXCOM3_Handler
                0x00400aa0                BusFault_Handler
                0x00400aa0                RSTC_Handler
                0x00400aa0                TC0_Handler
                0x00400aa0                FLEXCOM5_Handler
                0x00400aa0                TC5_Handler
 .text.Reset_Handler
                0x00400aa4       0xe4 src/ASF/sam/utils/cmsis/samg/samg55/source/templates/gcc/startup_samg55.o
                0x00400aa4                Reset_Handler
 .text.SystemCoreClockUpdate
                0x00400b88       0xe8 src/ASF/sam/utils/cmsis/samg/samg55/source/templates/system_samg55.o
                0x00400b88                SystemCoreClockUpdate
 .text.system_init_flash
                0x00400c70       0xb8 src/ASF/sam/utils/cmsis/samg/samg55/source/templates/system_samg55.o
                0x00400c70                system_init_flash
 .text._sbrk    0x00400d28       0x34 src/ASF/sam/utils/syscalls/gcc/syscalls.o
                0x00400d28                _sbrk
 .text._close   0x00400d5c        0x8 src/ASF/sam/utils/syscalls/gcc/syscalls.o
                0x00400d5c                _close
 .text._fstat   0x00400d64        0xc src/ASF/sam/utils/syscalls/gcc/syscalls.o
                0x00400d64                _fstat
 .text._isatty  0x00400d70        0x4 src/ASF/sam/utils/syscalls/gcc/syscalls.o
                0x00400d70                _isatty
 .text._lseek   0x00400d74        0x4 src/ASF/sam/utils/syscalls/gcc/syscalls.o
                0x00400d74                _lseek
 .text.vListInitialise
                0x00400d78       0x18 src/ASF/thirdparty/freertos/freertos-7.3.0/source/list.o
                0x00400d78                vListInitialise
 .text.vListInitialiseItem
                0x00400d90        0x8 src/ASF/thirdparty/freertos/freertos-7.3.0/source/list.o
                0x00400d90                vListInitialiseItem
 .text.vListInsertEnd
                0x00400d98       0x1c src/ASF/thirdparty/freertos/freertos-7.3.0/source/list.o
                0x00400d98                vListInsertEnd
 .text.vListInsert
                0x00400db4       0x3c src/ASF/thirdparty/freertos/freertos-7.3.0/source/list.o
                0x00400db4                vListInsert
 .text.uxListRemove
                0x00400df0       0x28 src/ASF/thirdparty/freertos/freertos-7.3.0/source/list.o
                0x00400df0                uxListRemove
 .text.prvPortStartFirstTask
                0x00400e18       0x14 src/ASF/thirdparty/freertos/freertos-7.3.0/source/portable/gcc/sam_cm4f/port.o
 .text.vPortEnableVFP
                0x00400e2c       0x14 src/ASF/thirdparty/freertos/freertos-7.3.0/source/portable/gcc/sam_cm4f/port.o
 .text.pxPortInitialiseStack
                0x00400e40       0x24 src/ASF/thirdparty/freertos/freertos-7.3.0/source/portable/gcc/sam_cm4f/port.o
                0x00400e40                pxPortInitialiseStack
 .text.SVC_Handler
                0x00400e64       0x1c src/ASF/thirdparty/freertos/freertos-7.3.0/source/portable/gcc/sam_cm4f/port.o
                0x00400e64                SVC_Handler
 .text.vPortYieldFromISR
                0x00400e80       0x10 src/ASF/thirdparty/freertos/freertos-7.3.0/source/portable/gcc/sam_cm4f/port.o
                0x00400e80                vPortYieldFromISR
 .text.ulPortSetInterruptMask
                0x00400e90       0x10 src/ASF/thirdparty/freertos/freertos-7.3.0/source/portable/gcc/sam_cm4f/port.o
                0x00400e90                ulPortSetInterruptMask
 .text.vPortEnterCritical
                0x00400ea0       0x18 src/ASF/thirdparty/freertos/freertos-7.3.0/source/portable/gcc/sam_cm4f/port.o
                0x00400ea0                vPortEnterCritical
 .text.vPortClearInterruptMask
                0x00400eb8        0x8 src/ASF/thirdparty/freertos/freertos-7.3.0/source/portable/gcc/sam_cm4f/port.o
                0x00400eb8                vPortClearInterruptMask
 .text.vPortExitCritical
                0x00400ec0       0x1c src/ASF/thirdparty/freertos/freertos-7.3.0/source/portable/gcc/sam_cm4f/port.o
                0x00400ec0                vPortExitCritical
 .text.PendSV_Handler
                0x00400edc       0x50 src/ASF/thirdparty/freertos/freertos-7.3.0/source/portable/gcc/sam_cm4f/port.o
                0x00400edc                PendSV_Handler
 .text.SysTick_Handler
                0x00400f2c       0x2c src/ASF/thirdparty/freertos/freertos-7.3.0/source/portable/gcc/sam_cm4f/port.o
                0x00400f2c                SysTick_Handler
 .text.vPortSetupTimerInterrupt
                0x00400f58       0x18 src/ASF/thirdparty/freertos/freertos-7.3.0/source/portable/gcc/sam_cm4f/port.o
                0x00400f58                vPortSetupTimerInterrupt
 .text.xPortStartScheduler
                0x00400f70       0x4c src/ASF/thirdparty/freertos/freertos-7.3.0/source/portable/gcc/sam_cm4f/port.o
                0x00400f70                xPortStartScheduler
 .text.prvInsertBlockIntoFreeList
                0x00400fbc       0x58 src/ASF/thirdparty/freertos/freertos-7.3.0/source/portable/memmang/heap_4.o
 .text.pvPortMalloc
                0x00401014       0xe0 src/ASF/thirdparty/freertos/freertos-7.3.0/source/portable/memmang/heap_4.o
                0x00401014                pvPortMalloc
 .text.vPortFree
                0x004010f4       0x38 src/ASF/thirdparty/freertos/freertos-7.3.0/source/portable/memmang/heap_4.o
                0x004010f4                vPortFree
 .text.prvCopyDataToQueue
                0x0040112c       0x64 src/ASF/thirdparty/freertos/freertos-7.3.0/source/queue.o
 .text.prvCopyDataFromQueue
                0x00401190       0x28 src/ASF/thirdparty/freertos/freertos-7.3.0/source/queue.o
 .text.prvUnlockQueue
                0x004011b8       0x90 src/ASF/thirdparty/freertos/freertos-7.3.0/source/queue.o
 .text.xQueueGenericReset
                0x00401248       0x84 src/ASF/thirdparty/freertos/freertos-7.3.0/source/queue.o
                0x00401248                xQueueGenericReset
 .text.xQueueGenericCreate
                0x004012cc       0x60 src/ASF/thirdparty/freertos/freertos-7.3.0/source/queue.o
                0x004012cc                xQueueGenericCreate
 .text.xQueueGenericSend
                0x0040132c      0x130 src/ASF/thirdparty/freertos/freertos-7.3.0/source/queue.o
                0x0040132c                xQueueGenericSend
 .text.xQueueGenericSendFromISR
                0x0040145c       0x9c src/ASF/thirdparty/freertos/freertos-7.3.0/source/queue.o
                0x0040145c                xQueueGenericSendFromISR
 .text.xQueueGenericReceive
                0x004014f8      0x164 src/ASF/thirdparty/freertos/freertos-7.3.0/source/queue.o
                0x004014f8                xQueueGenericReceive
 .text.vQueueWaitForMessageRestricted
                0x0040165c       0x4c src/ASF/thirdparty/freertos/freertos-7.3.0/source/queue.o
                0x0040165c                vQueueWaitForMessageRestricted
 .text.prvAddCurrentTaskToDelayedList
                0x004016a8       0x58 src/ASF/thirdparty/freertos/freertos-7.3.0/source/tasks.o
 .text.xTaskGenericCreate
                0x00401700      0x204 src/ASF/thirdparty/freertos/freertos-7.3.0/source/tasks.o
                0x00401700                xTaskGenericCreate
 .text.vTaskStartScheduler
                0x00401904       0x7c src/ASF/thirdparty/freertos/freertos-7.3.0/source/tasks.o
                0x00401904                vTaskStartScheduler
 .text.vTaskSuspendAll
                0x00401980       0x10 src/ASF/thirdparty/freertos/freertos-7.3.0/source/tasks.o
                0x00401980                vTaskSuspendAll
 .text.xTaskGetTickCount
                0x00401990       0x20 src/ASF/thirdparty/freertos/freertos-7.3.0/source/tasks.o
                0x00401990                xTaskGetTickCount
 .text.xTaskGetTickCountFromISR
                0x004019b0       0x20 src/ASF/thirdparty/freertos/freertos-7.3.0/source/tasks.o
                0x004019b0                xTaskGetTickCountFromISR
 .text.pcTaskGetTaskName
                0x004019d0       0x28 src/ASF/thirdparty/freertos/freertos-7.3.0/source/tasks.o
                0x004019d0                pcTaskGetTaskName
 .text.vTaskIncrementTick
                0x004019f8      0x12c src/ASF/thirdparty/freertos/freertos-7.3.0/source/tasks.o
                0x004019f8                vTaskIncrementTick
 .text.xTaskResumeAll
                0x00401b24      0x10c src/ASF/thirdparty/freertos/freertos-7.3.0/source/tasks.o
                0x00401b24                xTaskResumeAll
 .text.prvIdleTask
                0x00401c30       0x84 src/ASF/thirdparty/freertos/freertos-7.3.0/source/tasks.o
 .text.vTaskSwitchContext
                0x00401cb4       0xe8 src/ASF/thirdparty/freertos/freertos-7.3.0/source/tasks.o
                0x00401cb4                vTaskSwitchContext
 .text.vTaskPlaceOnEventList
                0x00401d9c       0x84 src/ASF/thirdparty/freertos/freertos-7.3.0/source/tasks.o
                0x00401d9c                vTaskPlaceOnEventList
 .text.vTaskPlaceOnEventListRestricted
                0x00401e20       0x68 src/ASF/thirdparty/freertos/freertos-7.3.0/source/tasks.o
                0x00401e20                vTaskPlaceOnEventListRestricted
 .text.xTaskRemoveFromEventList
                0x00401e88       0x88 src/ASF/thirdparty/freertos/freertos-7.3.0/source/tasks.o
                0x00401e88                xTaskRemoveFromEventList
 .text.vTaskSetTimeOutState
                0x00401f10       0x30 src/ASF/thirdparty/freertos/freertos-7.3.0/source/tasks.o
                0x00401f10                vTaskSetTimeOutState
 .text.xTaskCheckForTimeOut
                0x00401f40       0x8c src/ASF/thirdparty/freertos/freertos-7.3.0/source/tasks.o
                0x00401f40                xTaskCheckForTimeOut
 .text.vTaskMissedYield
                0x00401fcc        0xc src/ASF/thirdparty/freertos/freertos-7.3.0/source/tasks.o
                0x00401fcc                vTaskMissedYield
 .text.xTaskGetCurrentTaskHandle
                0x00401fd8        0xc src/ASF/thirdparty/freertos/freertos-7.3.0/source/tasks.o
                0x00401fd8                xTaskGetCurrentTaskHandle
 .text.xTaskGetSchedulerState
                0x00401fe4       0x20 src/ASF/thirdparty/freertos/freertos-7.3.0/source/tasks.o
                0x00401fe4                xTaskGetSchedulerState
 .text.vTaskPriorityInherit
                0x00402004       0x9c src/ASF/thirdparty/freertos/freertos-7.3.0/source/tasks.o
                0x00402004                vTaskPriorityInherit
 .text.vTaskPriorityDisinherit
                0x004020a0       0x70 src/ASF/thirdparty/freertos/freertos-7.3.0/source/tasks.o
                0x004020a0                vTaskPriorityDisinherit
 .text.prvInsertTimerInActiveList
                0x00402110       0x4c src/ASF/thirdparty/freertos/freertos-7.3.0/source/timers.o
 .text.prvCheckForValidListAndQueue
                0x0040215c       0x5c src/ASF/thirdparty/freertos/freertos-7.3.0/source/timers.o
 .text.xTimerCreateTimerTask
                0x004021b8       0x58 src/ASF/thirdparty/freertos/freertos-7.3.0/source/timers.o
                0x004021b8                xTimerCreateTimerTask
 .text.xTimerCreate
                0x00402210       0x58 src/ASF/thirdparty/freertos/freertos-7.3.0/source/timers.o
                0x00402210                xTimerCreate
 .text.xTimerGenericCommand
                0x00402268       0x54 src/ASF/thirdparty/freertos/freertos-7.3.0/source/timers.o
                0x00402268                xTimerGenericCommand
 .text.prvSampleTimeNow
                0x004022bc       0xbc src/ASF/thirdparty/freertos/freertos-7.3.0/source/timers.o
 .text.prvTimerTask
                0x00402378      0x180 src/ASF/thirdparty/freertos/freertos-7.3.0/source/timers.o
 .text.vLedModeCallback
                0x004024f8       0x88 src/daikin/wifi/wifi_serial.o
 .text.serial_resp_out
                0x00402580       0x44 src/daikin/wifi/wifi_serial.o
 .text.byte2hexstrstr
                0x004025c4       0x80 src/daikin/wifi/wifi_serial.o
 .text.signal_to_wifi
                0x00402644       0x8c src/daikin/wifi/wifi_serial.o
 .text.form_serial_packet
                0x004026d0       0x54 src/daikin/wifi/wifi_serial.o
 .text.vConfigModeCallback
                0x00402724      0x1f8 src/daikin/wifi/wifi_serial.o
 .text.wifi_module_reset
                0x0040291c       0x2c src/daikin/wifi/wifi_serial.o
                0x0040291c                wifi_module_reset
 .text.serial_init
                0x00402948       0xc8 src/daikin/wifi/wifi_serial.o
                0x00402948                serial_init
 .text.FLEXCOM0_Handler
                0x00402a10       0xcc src/daikin/wifi/wifi_serial.o
                0x00402a10                FLEXCOM0_Handler
 .text.config_wifi_fw_otau_url
                0x00402adc       0x4c src/daikin/wifi/wifi_serial.o
                0x00402adc                config_wifi_fw_otau_url
 .text.parse_serial_packet
                0x00402b28      0xf94 src/daikin/wifi/wifi_serial.o
                0x00402b28                parse_serial_packet
 .text.serial_in
                0x00403abc       0x98 src/daikin/wifi/wifi_serial.o
                0x00403abc                serial_in
 .text.serial_out
                0x00403b54      0x30c src/daikin/wifi/wifi_serial.o
                0x00403b54                serial_out
 .text.vFNBtton_Click_Hook
                0x00403e60       0x40 src/daikin/wifi/wifi_serial.o
                0x00403e60                vFNBtton_Click_Hook
 .text.usart_serial_getchar
                0x00403ea0      0x104 src/main.o
 .text.usart_serial_putchar
                0x00403fa4       0xec src/main.o
 .text.main     0x00404090      0x11c src/main.o
                0x00404090                main
 .text.vApplicationMallocFailedHook
                0x004041ac       0x70 src/main.o
                0x004041ac                vApplicationMallocFailedHook
 .text.vApplicationStackOverflowHook
                0x0040421c       0x70 src/main.o
                0x0040421c                vApplicationStackOverflowHook
 .text.assert_triggered
                0x0040428c       0x28 src/main.o
                0x0040428c                assert_triggered
 .text.create_dbg_sem
                0x004042b4       0x2c src/misc/debug.o
                0x004042b4                create_dbg_sem
 .text.configure_timer_for_run_time_stats
                0x004042e0       0x10 src/run-time-stats-utils.o
                0x004042e0                configure_timer_for_run_time_stats
 .text.get_run_time_counter_value
                0x004042f0       0x54 src/run-time-stats-utils.o
                0x004042f0                get_run_time_counter_value
 .text.__libc_init_array
                0x00404344       0x50 c:/program files (x86)/atmel/studio/7.0/toolchain/arm/arm-gnu-toolchain/bin/../lib/gcc/arm-none-eabi/4.9.3/../../../../arm-none-eabi/lib/armv7e-m\libc.a(lib_a-init.o)
                0x00404344                __libc_init_array
 .text.iprintf  0x00404394       0x28 c:/program files (x86)/atmel/studio/7.0/toolchain/arm/arm-gnu-toolchain/bin/../lib/gcc/arm-none-eabi/4.9.3/../../../../arm-none-eabi/lib/armv7e-m\libc.a(lib_a-iprintf.o)
                0x00404394                iprintf
 .text.memcmp   0x004043bc       0x64 c:/program files (x86)/atmel/studio/7.0/toolchain/arm/arm-gnu-toolchain/bin/../lib/gcc/arm-none-eabi/4.9.3/../../../../arm-none-eabi/lib/armv7e-m\libc.a(lib_a-memcmp.o)
                0x004043bc                memcmp
 .text          0x00404420      0x134 c:/program files (x86)/atmel/studio/7.0/toolchain/arm/arm-gnu-toolchain/bin/../lib/gcc/arm-none-eabi/4.9.3/../../../../arm-none-eabi/lib/armv7e-m\libc.a(lib_a-memcpy.o)
                0x00404420                memcpy
 .text.memset   0x00404554       0x9c c:/program files (x86)/atmel/studio/7.0/toolchain/arm/arm-gnu-toolchain/bin/../lib/gcc/arm-none-eabi/4.9.3/../../../../arm-none-eabi/lib/armv7e-m\libc.a(lib_a-memset.o)
                0x00404554                memset
 .text._puts_r  0x004045f0       0x5c c:/program files (x86)/atmel/studio/7.0/toolchain/arm/arm-gnu-toolchain/bin/../lib/gcc/arm-none-eabi/4.9.3/../../../../arm-none-eabi/lib/armv7e-m\libc.a(lib_a-puts.o)
                0x004045f0                _puts_r
 .text.puts     0x0040464c       0x10 c:/program files (x86)/atmel/studio/7.0/toolchain/arm/arm-gnu-toolchain/bin/../lib/gcc/arm-none-eabi/4.9.3/../../../../arm-none-eabi/lib/armv7e-m\libc.a(lib_a-puts.o)
                0x0040464c                puts
 .text.setbuf   0x0040465c       0x10 c:/program files (x86)/atmel/studio/7.0/toolchain/arm/arm-gnu-toolchain/bin/../lib/gcc/arm-none-eabi/4.9.3/../../../../arm-none-eabi/lib/armv7e-m\libc.a(lib_a-setbuf.o)
                0x0040465c                setbuf
 .text.setvbuf  0x0040466c       0xf8 c:/program files (x86)/atmel/studio/7.0/toolchain/arm/arm-gnu-toolchain/bin/../lib/gcc/arm-none-eabi/4.9.3/../../../../arm-none-eabi/lib/armv7e-m\libc.a(lib_a-setvbuf.o)
                0x0040466c                setvbuf
 .text.strlen   0x00404764       0x5c c:/program files (x86)/atmel/studio/7.0/toolchain/arm/arm-gnu-toolchain/bin/../lib/gcc/arm-none-eabi/4.9.3/../../../../arm-none-eabi/lib/armv7e-m\libc.a(lib_a-strlen.o)
                0x00404764                strlen
 .text.strncpy  0x004047c0       0x68 c:/program files (x86)/atmel/studio/7.0/toolchain/arm/arm-gnu-toolchain/bin/../lib/gcc/arm-none-eabi/4.9.3/../../../../arm-none-eabi/lib/armv7e-m\libc.a(lib_a-strncpy.o)
                0x004047c0                strncpy
 .text.__sprint_r.part.0
                0x00404828       0x78 c:/program files (x86)/atmel/studio/7.0/toolchain/arm/arm-gnu-toolchain/bin/../lib/gcc/arm-none-eabi/4.9.3/../../../../arm-none-eabi/lib/armv7e-m\libc.a(lib_a-vfiprintf.o)
 .text._vfiprintf_r
                0x004048a0      0xc10 c:/program files (x86)/atmel/studio/7.0/toolchain/arm/arm-gnu-toolchain/bin/../lib/gcc/arm-none-eabi/4.9.3/../../../../arm-none-eabi/lib/armv7e-m\libc.a(lib_a-vfiprintf.o)
                0x004048a0                _vfiprintf_r
 .text.__sbprintf
                0x004054b0       0x78 c:/program files (x86)/atmel/studio/7.0/toolchain/arm/arm-gnu-toolchain/bin/../lib/gcc/arm-none-eabi/4.9.3/../../../../arm-none-eabi/lib/armv7e-m\libc.a(lib_a-vfiprintf.o)
 .text.__swsetup_r
                0x00405528       0xc4 c:/program files (x86)/atmel/studio/7.0/toolchain/arm/arm-gnu-toolchain/bin/../lib/gcc/arm-none-eabi/4.9.3/../../../../arm-none-eabi/lib/armv7e-m\libc.a(lib_a-wsetup.o)
                0x00405528                __swsetup_r
 .text.startup.register_fini
                0x004055ec       0x14 c:/program files (x86)/atmel/studio/7.0/toolchain/arm/arm-gnu-toolchain/bin/../lib/gcc/arm-none-eabi/4.9.3/../../../../arm-none-eabi/lib/armv7e-m\libc.a(lib_a-__call_atexit.o)
 .text.atexit   0x00405600        0xc c:/program files (x86)/atmel/studio/7.0/toolchain/arm/arm-gnu-toolchain/bin/../lib/gcc/arm-none-eabi/4.9.3/../../../../arm-none-eabi/lib/armv7e-m\libc.a(lib_a-atexit.o)
                0x00405600                atexit
 .text.__sflush_r
                0x0040560c      0x154 c:/program files (x86)/atmel/studio/7.0/toolchain/arm/arm-gnu-toolchain/bin/../lib/gcc/arm-none-eabi/4.9.3/../../../../arm-none-eabi/lib/armv7e-m\libc.a(lib_a-fflush.o)
                0x0040560c                __sflush_r
 .text._fflush_r
                0x00405760       0x2c c:/program files (x86)/atmel/studio/7.0/toolchain/arm/arm-gnu-toolchain/bin/../lib/gcc/arm-none-eabi/4.9.3/../../../../arm-none-eabi/lib/armv7e-m\libc.a(lib_a-fflush.o)
                0x00405760                _fflush_r
 .text._cleanup_r
                0x0040578c        0xc c:/program files (x86)/atmel/studio/7.0/toolchain/arm/arm-gnu-toolchain/bin/../lib/gcc/arm-none-eabi/4.9.3/../../../../arm-none-eabi/lib/armv7e-m\libc.a(lib_a-findfp.o)
                0x0040578c                _cleanup_r
 .text.__sinit.part.1
                0x00405798       0xf0 c:/program files (x86)/atmel/studio/7.0/toolchain/arm/arm-gnu-toolchain/bin/../lib/gcc/arm-none-eabi/4.9.3/../../../../arm-none-eabi/lib/armv7e-m\libc.a(lib_a-findfp.o)
 .text.__sinit  0x00405888        0xc c:/program files (x86)/atmel/studio/7.0/toolchain/arm/arm-gnu-toolchain/bin/../lib/gcc/arm-none-eabi/4.9.3/../../../../arm-none-eabi/lib/armv7e-m\libc.a(lib_a-findfp.o)
                0x00405888                __sinit
 .text.__sfp_lock_acquire
                0x00405894        0x4 c:/program files (x86)/atmel/studio/7.0/toolchain/arm/arm-gnu-toolchain/bin/../lib/gcc/arm-none-eabi/4.9.3/../../../../arm-none-eabi/lib/armv7e-m\libc.a(lib_a-findfp.o)
                0x00405894                __sfp_lock_acquire
 .text.__sfp_lock_release
                0x00405898        0x4 c:/program files (x86)/atmel/studio/7.0/toolchain/arm/arm-gnu-toolchain/bin/../lib/gcc/arm-none-eabi/4.9.3/../../../../arm-none-eabi/lib/armv7e-m\libc.a(lib_a-findfp.o)
                0x00405898                __sfp_lock_release
 .text.__libc_fini_array
                0x0040589c       0x2c c:/program files (x86)/atmel/studio/7.0/toolchain/arm/arm-gnu-toolchain/bin/../lib/gcc/arm-none-eabi/4.9.3/../../../../arm-none-eabi/lib/armv7e-m\libc.a(lib_a-fini.o)
                0x0040589c                __libc_fini_array
 .text.__fputwc
                0x004058c8       0xb0 c:/program files (x86)/atmel/studio/7.0/toolchain/arm/arm-gnu-toolchain/bin/../lib/gcc/arm-none-eabi/4.9.3/../../../../arm-none-eabi/lib/armv7e-m\libc.a(lib_a-fputwc.o)
                0x004058c8                __fputwc
 .text._fputwc_r
                0x00405978       0x24 c:/program files (x86)/atmel/studio/7.0/toolchain/arm/arm-gnu-toolchain/bin/../lib/gcc/arm-none-eabi/4.9.3/../../../../arm-none-eabi/lib/armv7e-m\libc.a(lib_a-fputwc.o)
                0x00405978                _fputwc_r
 .text._malloc_trim_r
                0x0040599c       0x9c c:/program files (x86)/atmel/studio/7.0/toolchain/arm/arm-gnu-toolchain/bin/../lib/gcc/arm-none-eabi/4.9.3/../../../../arm-none-eabi/lib/armv7e-m\libc.a(lib_a-freer.o)
                0x0040599c                _malloc_trim_r
 .text._free_r  0x00405a38      0x1b0 c:/program files (x86)/atmel/studio/7.0/toolchain/arm/arm-gnu-toolchain/bin/../lib/gcc/arm-none-eabi/4.9.3/../../../../arm-none-eabi/lib/armv7e-m\libc.a(lib_a-freer.o)
                0x00405a38                _free_r
 .text.__sfvwrite_r
                0x00405be8      0x318 c:/program files (x86)/atmel/studio/7.0/toolchain/arm/arm-gnu-toolchain/bin/../lib/gcc/arm-none-eabi/4.9.3/../../../../arm-none-eabi/lib/armv7e-m\libc.a(lib_a-fvwrite.o)
                0x00405be8                __sfvwrite_r
 .text._fwalk_reent
                0x00405f00       0x54 c:/program files (x86)/atmel/studio/7.0/toolchain/arm/arm-gnu-toolchain/bin/../lib/gcc/arm-none-eabi/4.9.3/../../../../arm-none-eabi/lib/armv7e-m\libc.a(lib_a-fwalk.o)
                0x00405f00                _fwalk_reent
 .text.__locale_charset
                0x00405f54        0x8 c:/program files (x86)/atmel/studio/7.0/toolchain/arm/arm-gnu-toolchain/bin/../lib/gcc/arm-none-eabi/4.9.3/../../../../arm-none-eabi/lib/armv7e-m\libc.a(lib_a-locale.o)
                0x00405f54                __locale_charset
 .text.__locale_mb_cur_max
                0x00405f5c        0xc c:/program files (x86)/atmel/studio/7.0/toolchain/arm/arm-gnu-toolchain/bin/../lib/gcc/arm-none-eabi/4.9.3/../../../../arm-none-eabi/lib/armv7e-m\libc.a(lib_a-locale.o)
                0x00405f5c                __locale_mb_cur_max
 .text.__smakebuf_r
                0x00405f68       0xe0 c:/program files (x86)/atmel/studio/7.0/toolchain/arm/arm-gnu-toolchain/bin/../lib/gcc/arm-none-eabi/4.9.3/../../../../arm-none-eabi/lib/armv7e-m\libc.a(lib_a-makebuf.o)
                0x00405f68                __smakebuf_r
 .text.malloc   0x00406048       0x10 c:/program files (x86)/atmel/studio/7.0/toolchain/arm/arm-gnu-toolchain/bin/../lib/gcc/arm-none-eabi/4.9.3/../../../../arm-none-eabi/lib/armv7e-m\libc.a(lib_a-malloc.o)
                0x00406048                malloc
 .text._malloc_r
                0x00406058      0x524 c:/program files (x86)/atmel/studio/7.0/toolchain/arm/arm-gnu-toolchain/bin/../lib/gcc/arm-none-eabi/4.9.3/../../../../arm-none-eabi/lib/armv7e-m\libc.a(lib_a-mallocr.o)
                0x00406058                _malloc_r
 .text.memchr   0x0040657c       0x94 c:/program files (x86)/atmel/studio/7.0/toolchain/arm/arm-gnu-toolchain/bin/../lib/gcc/arm-none-eabi/4.9.3/../../../../arm-none-eabi/lib/armv7e-m\libc.a(lib_a-memchr.o)
                0x0040657c                memchr
 .text.memmove  0x00406610       0xc8 c:/program files (x86)/atmel/studio/7.0/toolchain/arm/arm-gnu-toolchain/bin/../lib/gcc/arm-none-eabi/4.9.3/../../../../arm-none-eabi/lib/armv7e-m\libc.a(lib_a-memmove.o)
                0x00406610                memmove
 .text.__malloc_lock
                0x004066d8        0x4 c:/program files (x86)/atmel/studio/7.0/toolchain/arm/arm-gnu-toolchain/bin/../lib/gcc/arm-none-eabi/4.9.3/../../../../arm-none-eabi/lib/armv7e-m\libc.a(lib_a-mlock.o)
                0x004066d8                __malloc_lock
 .text.__malloc_unlock
                0x004066dc        0x4 c:/program files (x86)/atmel/studio/7.0/toolchain/arm/arm-gnu-toolchain/bin/../lib/gcc/arm-none-eabi/4.9.3/../../../../arm-none-eabi/lib/armv7e-m\libc.a(lib_a-mlock.o)
                0x004066dc                __malloc_unlock
 .text._realloc_r
                0x004066e0      0x3ec c:/program files (x86)/atmel/studio/7.0/toolchain/arm/arm-gnu-toolchain/bin/../lib/gcc/arm-none-eabi/4.9.3/../../../../arm-none-eabi/lib/armv7e-m\libc.a(lib_a-reallocr.o)
                0x004066e0                _realloc_r
 .text._sbrk_r  0x00406acc       0x24 c:/program files (x86)/atmel/studio/7.0/toolchain/arm/arm-gnu-toolchain/bin/../lib/gcc/arm-none-eabi/4.9.3/../../../../arm-none-eabi/lib/armv7e-m\libc.a(lib_a-sbrkr.o)
                0x00406acc                _sbrk_r
 .text.__sread  0x00406af0       0x24 c:/program files (x86)/atmel/studio/7.0/toolchain/arm/arm-gnu-toolchain/bin/../lib/gcc/arm-none-eabi/4.9.3/../../../../arm-none-eabi/lib/armv7e-m\libc.a(lib_a-stdio.o)
                0x00406af0                __sread
 .text.__swrite
                0x00406b14       0x38 c:/program files (x86)/atmel/studio/7.0/toolchain/arm/arm-gnu-toolchain/bin/../lib/gcc/arm-none-eabi/4.9.3/../../../../arm-none-eabi/lib/armv7e-m\libc.a(lib_a-stdio.o)
                0x00406b14                __swrite
 .text.__sseek  0x00406b4c       0x20 c:/program files (x86)/atmel/studio/7.0/toolchain/arm/arm-gnu-toolchain/bin/../lib/gcc/arm-none-eabi/4.9.3/../../../../arm-none-eabi/lib/armv7e-m\libc.a(lib_a-stdio.o)
                0x00406b4c                __sseek
 .text.__sclose
                0x00406b6c        0x8 c:/program files (x86)/atmel/studio/7.0/toolchain/arm/arm-gnu-toolchain/bin/../lib/gcc/arm-none-eabi/4.9.3/../../../../arm-none-eabi/lib/armv7e-m\libc.a(lib_a-stdio.o)
                0x00406b6c                __sclose
 .text.__swbuf_r
                0x00406b74       0xa8 c:/program files (x86)/atmel/studio/7.0/toolchain/arm/arm-gnu-toolchain/bin/../lib/gcc/arm-none-eabi/4.9.3/../../../../arm-none-eabi/lib/armv7e-m\libc.a(lib_a-wbuf.o)
                0x00406b74                __swbuf_r
 .text._wcrtomb_r
                0x00406c1c       0x54 c:/program files (x86)/atmel/studio/7.0/toolchain/arm/arm-gnu-toolchain/bin/../lib/gcc/arm-none-eabi/4.9.3/../../../../arm-none-eabi/lib/armv7e-m\libc.a(lib_a-wcrtomb.o)
                0x00406c1c                _wcrtomb_r
 .text.__ascii_wctomb
                0x00406c70       0x1c c:/program files (x86)/atmel/studio/7.0/toolchain/arm/arm-gnu-toolchain/bin/../lib/gcc/arm-none-eabi/4.9.3/../../../../arm-none-eabi/lib/armv7e-m\libc.a(lib_a-wctomb_r.o)
                0x00406c70                __ascii_wctomb
 .text._write_r
                0x00406c8c       0x28 c:/program files (x86)/atmel/studio/7.0/toolchain/arm/arm-gnu-toolchain/bin/../lib/gcc/arm-none-eabi/4.9.3/../../../../arm-none-eabi/lib/armv7e-m\libc.a(lib_a-writer.o)
                0x00406c8c                _write_r
 .text.__register_exitproc
                0x00406cb4       0xa4 c:/program files (x86)/atmel/studio/7.0/toolchain/arm/arm-gnu-toolchain/bin/../lib/gcc/arm-none-eabi/4.9.3/../../../../arm-none-eabi/lib/armv7e-m\libc.a(lib_a-__atexit.o)
                0x00406cb4                __register_exitproc
 .text._close_r
                0x00406d58       0x24 c:/program files (x86)/atmel/studio/7.0/toolchain/arm/arm-gnu-toolchain/bin/../lib/gcc/arm-none-eabi/4.9.3/../../../../arm-none-eabi/lib/armv7e-m\libc.a(lib_a-closer.o)
                0x00406d58                _close_r
 .text._fclose_r
                0x00406d7c       0x84 c:/program files (x86)/atmel/studio/7.0/toolchain/arm/arm-gnu-toolchain/bin/../lib/gcc/arm-none-eabi/4.9.3/../../../../arm-none-eabi/lib/armv7e-m\libc.a(lib_a-fclose.o)
                0x00406d7c                _fclose_r
 .text._fstat_r
                0x00406e00       0x28 c:/program files (x86)/atmel/studio/7.0/toolchain/arm/arm-gnu-toolchain/bin/../lib/gcc/arm-none-eabi/4.9.3/../../../../arm-none-eabi/lib/armv7e-m\libc.a(lib_a-fstatr.o)
                0x00406e00                _fstat_r
 .text._isatty_r
                0x00406e28       0x24 c:/program files (x86)/atmel/studio/7.0/toolchain/arm/arm-gnu-toolchain/bin/../lib/gcc/arm-none-eabi/4.9.3/../../../../arm-none-eabi/lib/armv7e-m\libc.a(lib_a-isattyr.o)
                0x00406e28                _isatty_r
 .text._lseek_r
                0x00406e4c       0x28 c:/program files (x86)/atmel/studio/7.0/toolchain/arm/arm-gnu-toolchain/bin/../lib/gcc/arm-none-eabi/4.9.3/../../../../arm-none-eabi/lib/armv7e-m\libc.a(lib_a-lseekr.o)
                0x00406e4c                _lseek_r
 .text._read_r  0x00406e74       0x28 c:/program files (x86)/atmel/studio/7.0/toolchain/arm/arm-gnu-toolchain/bin/../lib/gcc/arm-none-eabi/4.9.3/../../../../arm-none-eabi/lib/armv7e-m\libc.a(lib_a-readr.o)
                0x00406e74                _read_r
 .text          0x00406e9c       0x30 c:/program files (x86)/atmel/studio/7.0/toolchain/arm/arm-gnu-toolchain/bin/../lib/gcc/arm-none-eabi/4.9.3/armv7e-m\libgcc.a(_aeabi_uldivmod.o)
                0x00406e9c                __aeabi_uldivmod
 .text          0x00406ecc       0x60 c:/program files (x86)/atmel/studio/7.0/toolchain/arm/arm-gnu-toolchain/bin/../lib/gcc/arm-none-eabi/4.9.3/armv7e-m\libgcc.a(bpabi.o)
                0x00406ecc                __gnu_ldivmod_helper
                0x00406efc                __gnu_uldivmod_helper
 .text          0x00406f2c        0x4 c:/program files (x86)/atmel/studio/7.0/toolchain/arm/arm-gnu-toolchain/bin/../lib/gcc/arm-none-eabi/4.9.3/armv7e-m\libgcc.a(_dvmd_tls.o)
                0x00406f2c                __aeabi_idiv0
                0x00406f2c                __aeabi_ldiv0
 .text          0x00406f30      0x29c c:/program files (x86)/atmel/studio/7.0/toolchain/arm/arm-gnu-toolchain/bin/../lib/gcc/arm-none-eabi/4.9.3/armv7e-m\libgcc.a(_divdi3.o)
                0x00406f30                __divdi3
 .text          0x004071cc      0x26c c:/program files (x86)/atmel/studio/7.0/toolchain/arm/arm-gnu-toolchain/bin/../lib/gcc/arm-none-eabi/4.9.3/armv7e-m\libgcc.a(_udivdi3.o)
                0x004071cc                __udivdi3
 *(.glue_7t)
 .glue_7t       0x00000000        0x0 linker stubs
 *(.glue_7)
 .glue_7        0x00000000        0x0 linker stubs
 *(.rodata .rodata* .gnu.linkonce.r.*)
 .rodata.str1.4
                0x00407438       0x3d src/ASF/thirdparty/freertos/freertos-7.3.0/source/queue.o
 *fill*         0x00407475        0x3 
 .rodata.ucExpectedStackBytes.6044
                0x00407478       0x14 src/ASF/thirdparty/freertos/freertos-7.3.0/source/tasks.o
 .rodata.str1.4
                0x0040748c       0x89 src/ASF/thirdparty/freertos/freertos-7.3.0/source/tasks.o
                                 0x8f (size before relaxing)
 *fill*         0x00407515        0x3 
 .rodata.str1.4
                0x00407518       0x46 src/ASF/thirdparty/freertos/freertos-7.3.0/source/timers.o
 *fill*         0x0040755e        0x2 
 .rodata.str1.4
                0x00407560      0x5d9 src/daikin/wifi/wifi_serial.o
 *fill*         0x00407b39        0x3 
 .rodata.str1.4
                0x00407b3c       0xa4 src/main.o
                                 0xb0 (size before relaxing)
 .rodata.str1.4
                0x00407be0        0x2 c:/program files (x86)/atmel/studio/7.0/toolchain/arm/arm-gnu-toolchain/bin/../lib/gcc/arm-none-eabi/4.9.3/../../../../arm-none-eabi/lib/armv7e-m\libc.a(lib_a-impure.o)
 *fill*         0x00407be2        0x2 
 .rodata._global_impure_ptr
                0x00407be4        0x4 c:/program files (x86)/atmel/studio/7.0/toolchain/arm/arm-gnu-toolchain/bin/../lib/gcc/arm-none-eabi/4.9.3/../../../../arm-none-eabi/lib/armv7e-m\libc.a(lib_a-impure.o)
                0x00407be4                _global_impure_ptr
 .rodata.str1.4
                0x00000000        0x2 c:/program files (x86)/atmel/studio/7.0/toolchain/arm/arm-gnu-toolchain/bin/../lib/gcc/arm-none-eabi/4.9.3/../../../../arm-none-eabi/lib/armv7e-m\libc.a(lib_a-puts.o)
 .rodata.zeroes.6869
                0x00407be8       0x10 c:/program files (x86)/atmel/studio/7.0/toolchain/arm/arm-gnu-toolchain/bin/../lib/gcc/arm-none-eabi/4.9.3/../../../../arm-none-eabi/lib/armv7e-m\libc.a(lib_a-vfiprintf.o)
 .rodata.str1.4
                0x00407bf8       0x1c c:/program files (x86)/atmel/studio/7.0/toolchain/arm/arm-gnu-toolchain/bin/../lib/gcc/arm-none-eabi/4.9.3/../../../../arm-none-eabi/lib/armv7e-m\libc.a(lib_a-vfiprintf.o)
                                 0x2f (size before relaxing)
 .rodata.blanks.6868
                0x00407c14       0x10 c:/program files (x86)/atmel/studio/7.0/toolchain/arm/arm-gnu-toolchain/bin/../lib/gcc/arm-none-eabi/4.9.3/../../../../arm-none-eabi/lib/armv7e-m\libc.a(lib_a-vfiprintf.o)
 *(.ARM.extab* .gnu.linkonce.armextab.*)
                0x00407c24                . = ALIGN (0x4)
 *(.init)
 .init          0x00407c24        0x4 c:/program files (x86)/atmel/studio/7.0/toolchain/arm/arm-gnu-toolchain/bin/../lib/gcc/arm-none-eabi/4.9.3/armv7e-m/crti.o
                0x00407c24                _init
 .init          0x00407c28        0x8 c:/program files (x86)/atmel/studio/7.0/toolchain/arm/arm-gnu-toolchain/bin/../lib/gcc/arm-none-eabi/4.9.3/armv7e-m/crtn.o
                0x00407c30                . = ALIGN (0x4)
                0x00407c30                __preinit_array_start = .
 *(.preinit_array)
                0x00407c30                __preinit_array_end = .
                0x00407c30                . = ALIGN (0x4)
                0x00407c30                __init_array_start = .
 *(SORT(.init_array.*))
 .init_array.00000
                0x00407c30        0x4 c:/program files (x86)/atmel/studio/7.0/toolchain/arm/arm-gnu-toolchain/bin/../lib/gcc/arm-none-eabi/4.9.3/../../../../arm-none-eabi/lib/armv7e-m\libc.a(lib_a-__call_atexit.o)
 *(.init_array)
 .init_array    0x00407c34        0x4 c:/program files (x86)/atmel/studio/7.0/toolchain/arm/arm-gnu-toolchain/bin/../lib/gcc/arm-none-eabi/4.9.3/armv7e-m/crtbegin.o
                0x00407c38                __init_array_end = .
                0x00407c38                . = ALIGN (0x4)
 *crtbegin.o(.ctors)
 *(EXCLUDE_FILE(*crtend.o) .ctors)
 *(SORT(.ctors.*))
 *crtend.o(.ctors)
                0x00407c38                . = ALIGN (0x4)
 *(.fini)
 .fini          0x00407c38        0x4 c:/program files (x86)/atmel/studio/7.0/toolchain/arm/arm-gnu-toolchain/bin/../lib/gcc/arm-none-eabi/4.9.3/armv7e-m/crti.o
                0x00407c38                _fini
 .fini          0x00407c3c        0x8 c:/program files (x86)/atmel/studio/7.0/toolchain/arm/arm-gnu-toolchain/bin/../lib/gcc/arm-none-eabi/4.9.3/armv7e-m/crtn.o
                0x00407c44                . = ALIGN (0x4)
                0x00407c44                __fini_array_start = .
 *(.fini_array)
 .fini_array    0x00407c44        0x4 c:/program files (x86)/atmel/studio/7.0/toolchain/arm/arm-gnu-toolchain/bin/../lib/gcc/arm-none-eabi/4.9.3/armv7e-m/crtbegin.o
 *(SORT(.fini_array.*))
                0x00407c48                __fini_array_end = .
 *crtbegin.o(.dtors)
 *(EXCLUDE_FILE(*crtend.o) .dtors)
 *(SORT(.dtors.*))
 *crtend.o(.dtors)
                0x00407c48                . = ALIGN (0x4)
                0x00407c48                _efixed = .
                0x00407c48                PROVIDE (__exidx_start, .)

.vfp11_veneer   0x00407c48        0x0
 .vfp11_veneer  0x00000000        0x0 linker stubs

.v4_bx          0x00407c48        0x0
 .v4_bx         0x00000000        0x0 linker stubs

.iplt           0x00407c48        0x0
 .iplt          0x00000000        0x0 c:/program files (x86)/atmel/studio/7.0/toolchain/arm/arm-gnu-toolchain/bin/../lib/gcc/arm-none-eabi/4.9.3/armv7e-m/crtbegin.o

.ARM.exidx      0x00407c48        0x8
 *(.ARM.exidx* .gnu.linkonce.armexidx.*)
 .ARM.exidx     0x00407c48        0x8 c:/program files (x86)/atmel/studio/7.0/toolchain/arm/arm-gnu-toolchain/bin/../lib/gcc/arm-none-eabi/4.9.3/armv7e-m\libgcc.a(_divdi3.o)
 .ARM.exidx     0x00407c50        0x0 c:/program files (x86)/atmel/studio/7.0/toolchain/arm/arm-gnu-toolchain/bin/../lib/gcc/arm-none-eabi/4.9.3/armv7e-m\libgcc.a(_udivdi3.o)
                                  0x8 (size before relaxing)
                0x00407c50                PROVIDE (__exidx_end, .)

.eh_frame       0x00407c50        0x0
 .eh_frame      0x00407c50        0x0 c:/program files (x86)/atmel/studio/7.0/toolchain/arm/arm-gnu-toolchain/bin/../lib/gcc/arm-none-eabi/4.9.3/armv7e-m/crtbegin.o

.rel.dyn        0x00407c50        0x0
 .rel.iplt      0x00000000        0x0 c:/program files (x86)/atmel/studio/7.0/toolchain/arm/arm-gnu-toolchain/bin/../lib/gcc/arm-none-eabi/4.9.3/armv7e-m/crtbegin.o

.jcr            0x00407c50        0x0
 .jcr           0x00407c50        0x0 c:/program files (x86)/atmel/studio/7.0/toolchain/arm/arm-gnu-toolchain/bin/../lib/gcc/arm-none-eabi/4.9.3/armv7e-m/crtbegin.o

.igot.plt       0x00407c50        0x0
 .igot.plt      0x00000000        0x0 c:/program files (x86)/atmel/studio/7.0/toolchain/arm/arm-gnu-toolchain/bin/../lib/gcc/arm-none-eabi/4.9.3/armv7e-m/crtbegin.o
                0x00407c50                . = ALIGN (0x4)
                0x00407c50                _etext = .

.relocate       0x20000000      0x894 load address 0x00407c50
                0x20000000                . = ALIGN (0x4)
                0x20000000                _srelocate = .
 *(.ramfunc .ramfunc.*)
 .ramfunc       0x20000000        0xc src/ASF/common/services/delay/sam/cycle_counter.o
                0x20000000                portable_delay_cycles
 *(.data .data.*)
 .data.g_interrupt_enabled
                0x2000000c        0x1 src/ASF/common/utils/interrupt/interrupt_sam_nvic.o
                0x2000000c                g_interrupt_enabled
 *fill*         0x2000000d        0x3 
 .data.SystemCoreClock
                0x20000010        0x4 src/ASF/sam/utils/cmsis/samg/samg55/source/templates/system_samg55.o
                0x20000010                SystemCoreClock
 .data.uxCriticalNesting
                0x20000014        0x4 src/ASF/thirdparty/freertos/freertos-7.3.0/source/portable/gcc/sam_cm4f/port.o
 .data.xFreeBytesRemaining
                0x20000018        0x4 src/ASF/thirdparty/freertos/freertos-7.3.0/source/portable/memmang/heap_4.o
 .data.xNextTaskUnblockTime
                0x2000001c        0x4 src/ASF/thirdparty/freertos/freertos-7.3.0/source/tasks.o
 .data.resp_out_data.9079
                0x20000020        0x4 src/daikin/wifi/wifi_serial.o
 .data.button_mode.9180
                0x20000024        0x1 src/daikin/wifi/wifi_serial.o
 *fill*         0x20000025        0x3 
 .data.resp_out_data.9070
                0x20000028        0x4 src/daikin/wifi/wifi_serial.o
 *fill*         0x2000002c        0x4 
 .data.impure_data
                0x20000030      0x428 c:/program files (x86)/atmel/studio/7.0/toolchain/arm/arm-gnu-toolchain/bin/../lib/gcc/arm-none-eabi/4.9.3/../../../../arm-none-eabi/lib/armv7e-m\libc.a(lib_a-impure.o)
 .data._impure_ptr
                0x20000458        0x4 c:/program files (x86)/atmel/studio/7.0/toolchain/arm/arm-gnu-toolchain/bin/../lib/gcc/arm-none-eabi/4.9.3/../../../../arm-none-eabi/lib/armv7e-m\libc.a(lib_a-impure.o)
                0x20000458                _impure_ptr
 .data.lc_ctype_charset
                0x2000045c       0x20 c:/program files (x86)/atmel/studio/7.0/toolchain/arm/arm-gnu-toolchain/bin/../lib/gcc/arm-none-eabi/4.9.3/../../../../arm-none-eabi/lib/armv7e-m\libc.a(lib_a-locale.o)
 .data.__mb_cur_max
                0x2000047c        0x4 c:/program files (x86)/atmel/studio/7.0/toolchain/arm/arm-gnu-toolchain/bin/../lib/gcc/arm-none-eabi/4.9.3/../../../../arm-none-eabi/lib/armv7e-m\libc.a(lib_a-locale.o)
                0x2000047c                __mb_cur_max
 .data.__malloc_av_
                0x20000480      0x408 c:/program files (x86)/atmel/studio/7.0/toolchain/arm/arm-gnu-toolchain/bin/../lib/gcc/arm-none-eabi/4.9.3/../../../../arm-none-eabi/lib/armv7e-m\libc.a(lib_a-mallocr.o)
                0x20000480                __malloc_av_
 .data.__malloc_trim_threshold
                0x20000888        0x4 c:/program files (x86)/atmel/studio/7.0/toolchain/arm/arm-gnu-toolchain/bin/../lib/gcc/arm-none-eabi/4.9.3/../../../../arm-none-eabi/lib/armv7e-m\libc.a(lib_a-mallocr.o)
                0x20000888                __malloc_trim_threshold
 .data.__malloc_sbrk_base
                0x2000088c        0x4 c:/program files (x86)/atmel/studio/7.0/toolchain/arm/arm-gnu-toolchain/bin/../lib/gcc/arm-none-eabi/4.9.3/../../../../arm-none-eabi/lib/armv7e-m\libc.a(lib_a-mallocr.o)
                0x2000088c                __malloc_sbrk_base
 .data.__wctomb
                0x20000890        0x4 c:/program files (x86)/atmel/studio/7.0/toolchain/arm/arm-gnu-toolchain/bin/../lib/gcc/arm-none-eabi/4.9.3/../../../../arm-none-eabi/lib/armv7e-m\libc.a(lib_a-wctomb_r.o)
                0x20000890                __wctomb
                0x20000894                . = ALIGN (0x4)
                0x20000894                _erelocate = .

.bss            0x20000898    0x18e44 load address 0x004084e8
                0x20000898                . = ALIGN (0x4)
                0x20000898                _sbss = .
                0x20000898                _szero = .
 *(.bss .bss.*)
 .bss           0x20000898       0x1c c:/program files (x86)/atmel/studio/7.0/toolchain/arm/arm-gnu-toolchain/bin/../lib/gcc/arm-none-eabi/4.9.3/armv7e-m/crtbegin.o
 .bss.gs_ul_nb_sources
                0x200008b4        0x4 src/ASF/sam/drivers/pio/pio_handler.o
 .bss.gs_interrupt_sources
                0x200008b8       0x70 src/ASF/sam/drivers/pio/pio_handler.o
 .bss.ul_reg_val.7334
                0x20000928        0x4 src/ASF/sam/drivers/usart/usart.o
 .bss.heap.5212
                0x2000092c        0x4 src/ASF/sam/utils/syscalls/gcc/syscalls.o
 .bss.xHeap     0x20000930    0x18000 src/ASF/thirdparty/freertos/freertos-7.3.0/source/portable/memmang/heap_4.o
 .bss.pxEnd     0x20018930        0x4 src/ASF/thirdparty/freertos/freertos-7.3.0/source/portable/memmang/heap_4.o
 .bss.xStart    0x20018934        0x8 src/ASF/thirdparty/freertos/freertos-7.3.0/source/portable/memmang/heap_4.o
 .bss.uxTopReadyPriority
                0x2001893c        0x4 src/ASF/thirdparty/freertos/freertos-7.3.0/source/tasks.o
 .bss.uxTasksDeleted
                0x20018940        0x4 src/ASF/thirdparty/freertos/freertos-7.3.0/source/tasks.o
 .bss.xTickCount
                0x20018944        0x4 src/ASF/thirdparty/freertos/freertos-7.3.0/source/tasks.o
 .bss.pxReadyTasksLists
                0x20018948      0x12c src/ASF/thirdparty/freertos/freertos-7.3.0/source/tasks.o
 .bss.pxOverflowDelayedTaskList
                0x20018a74        0x4 src/ASF/thirdparty/freertos/freertos-7.3.0/source/tasks.o
 .bss.xTasksWaitingTermination
                0x20018a78       0x14 src/ASF/thirdparty/freertos/freertos-7.3.0/source/tasks.o
 .bss.pxDelayedTaskList
                0x20018a8c        0x4 src/ASF/thirdparty/freertos/freertos-7.3.0/source/tasks.o
 .bss.uxCurrentNumberOfTasks
                0x20018a90        0x4 src/ASF/thirdparty/freertos/freertos-7.3.0/source/tasks.o
 .bss.xPendingReadyList
                0x20018a94       0x14 src/ASF/thirdparty/freertos/freertos-7.3.0/source/tasks.o
 .bss.xSchedulerRunning
                0x20018aa8        0x4 src/ASF/thirdparty/freertos/freertos-7.3.0/source/tasks.o
 .bss.ulTaskSwitchedInTime
                0x20018aac        0x4 src/ASF/thirdparty/freertos/freertos-7.3.0/source/tasks.o
 .bss.xMissedYield
                0x20018ab0        0x4 src/ASF/thirdparty/freertos/freertos-7.3.0/source/tasks.o
 .bss.uxTaskNumber
                0x20018ab4        0x4 src/ASF/thirdparty/freertos/freertos-7.3.0/source/tasks.o
 .bss.pxCurrentTCB
                0x20018ab8        0x4 src/ASF/thirdparty/freertos/freertos-7.3.0/source/tasks.o
                0x20018ab8                pxCurrentTCB
 .bss.xSuspendedTaskList
                0x20018abc       0x14 src/ASF/thirdparty/freertos/freertos-7.3.0/source/tasks.o
 .bss.xDelayedTaskList1
                0x20018ad0       0x14 src/ASF/thirdparty/freertos/freertos-7.3.0/source/tasks.o
 .bss.xDelayedTaskList2
                0x20018ae4       0x14 src/ASF/thirdparty/freertos/freertos-7.3.0/source/tasks.o
 .bss.uxSchedulerSuspended
                0x20018af8        0x4 src/ASF/thirdparty/freertos/freertos-7.3.0/source/tasks.o
 .bss.uxMissedTicks
                0x20018afc        0x4 src/ASF/thirdparty/freertos/freertos-7.3.0/source/tasks.o
 .bss.xNumOfOverflows
                0x20018b00        0x4 src/ASF/thirdparty/freertos/freertos-7.3.0/source/tasks.o
 .bss.uxTopUsedPriority
                0x20018b04        0x4 src/ASF/thirdparty/freertos/freertos-7.3.0/source/tasks.o
 .bss.pxCurrentTimerList
                0x20018b08        0x4 src/ASF/thirdparty/freertos/freertos-7.3.0/source/timers.o
 .bss.xActiveTimerList1
                0x20018b0c       0x14 src/ASF/thirdparty/freertos/freertos-7.3.0/source/timers.o
 .bss.xActiveTimerList2
                0x20018b20       0x14 src/ASF/thirdparty/freertos/freertos-7.3.0/source/timers.o
 .bss.xLastTime.4510
                0x20018b34        0x4 src/ASF/thirdparty/freertos/freertos-7.3.0/source/timers.o
 .bss.xTimerQueue
                0x20018b38        0x4 src/ASF/thirdparty/freertos/freertos-7.3.0/source/timers.o
 .bss.pxOverflowTimerList
                0x20018b3c        0x4 src/ASF/thirdparty/freertos/freertos-7.3.0/source/timers.o
 .bss.serial_out_queue
                0x20018b40        0x4 src/daikin/wifi/wifi_serial.o
                0x20018b40                serial_out_queue
 .bss.pkt_buf.9102
                0x20018b44       0x10 src/daikin/wifi/wifi_serial.o
 .bss.led_blinking_mode
                0x20018b54        0x1 src/daikin/wifi/wifi_serial.o
                0x20018b54                led_blinking_mode
 *fill*         0x20018b55        0x3 
 .bss.send_packet.9183
                0x20018b58        0xc src/daikin/wifi/wifi_serial.o
 .bss.resp_buf.9076
                0x20018b64      0x100 src/daikin/wifi/wifi_serial.o
 .bss.recv_idx  0x20018c64        0x4 src/daikin/wifi/wifi_serial.o
 .bss.resp_send_packet.9078
                0x20018c68        0xc src/daikin/wifi/wifi_serial.o
 .bss.resp_buf.9067
                0x20018c74        0x8 src/daikin/wifi/wifi_serial.o
 .bss.pkt_buf.9111
                0x20018c7c       0x10 src/daikin/wifi/wifi_serial.o
 .bss.pkt_len.9182
                0x20018c8c        0x2 src/daikin/wifi/wifi_serial.o
 *fill*         0x20018c8e        0x2 
 .bss.send_packet.9103
                0x20018c90        0xc src/daikin/wifi/wifi_serial.o
 .bss.serial_in_queue
                0x20018c9c        0x4 src/daikin/wifi/wifi_serial.o
                0x20018c9c                serial_in_queue
 .bss.send_packet.9109
                0x20018ca0        0xc src/daikin/wifi/wifi_serial.o
 .bss.count.9179
                0x20018cac        0x1 src/daikin/wifi/wifi_serial.o
 *fill*         0x20018cad        0x3 
 .bss.xConfigTimer
                0x20018cb0        0x4 src/daikin/wifi/wifi_serial.o
 .bss.resp_send_packet.9069
                0x20018cb4        0xc src/daikin/wifi/wifi_serial.o
 .bss.send_packet.9089
                0x20018cc0        0xc src/daikin/wifi/wifi_serial.o
 .bss.pkt_buf.9181
                0x20018ccc       0x10 src/daikin/wifi/wifi_serial.o
 .bss.led_state
                0x20018cdc        0x1 src/daikin/wifi/wifi_serial.o
 *fill*         0x20018cdd        0x3 
 .bss.data_upload.9120
                0x20018ce0        0x2 src/daikin/wifi/wifi_serial.o
 *fill*         0x20018ce2        0x2 
 .bss.xLedModeTimer
                0x20018ce4        0x4 src/daikin/wifi/wifi_serial.o
 .bss.serial_pk0
                0x20018ce8      0x404 src/daikin/wifi/wifi_serial.o
 .bss.serial_pk1
                0x200190ec      0x404 src/daikin/wifi/wifi_serial.o
 .bss.uart_beatheart
                0x200194f0        0x4 src/daikin/wifi/wifi_serial.o
                0x200194f0                uart_beatheart
 .bss.serial_recved
                0x200194f4        0x4 src/daikin/wifi/wifi_serial.o
 .bss.uart_ready
                0x200194f8        0x1 src/daikin/wifi/wifi_serial.o
                0x200194f8                uart_ready
 *fill*         0x200194f9        0x3 
 .bss.serial_recving
                0x200194fc        0x4 src/daikin/wifi/wifi_serial.o
 .bss.xsem_dbg  0x20019500        0x4 src/misc/debug.o
                0x20019500                xsem_dbg
 .bss.clocks_per_10th_ms
                0x20019504        0x4 src/run-time-stats-utils.o
 .bss.__malloc_max_total_mem
                0x20019508        0x4 c:/program files (x86)/atmel/studio/7.0/toolchain/arm/arm-gnu-toolchain/bin/../lib/gcc/arm-none-eabi/4.9.3/../../../../arm-none-eabi/lib/armv7e-m\libc.a(lib_a-mallocr.o)
                0x20019508                __malloc_max_total_mem
 .bss.__malloc_max_sbrked_mem
                0x2001950c        0x4 c:/program files (x86)/atmel/studio/7.0/toolchain/arm/arm-gnu-toolchain/bin/../lib/gcc/arm-none-eabi/4.9.3/../../../../arm-none-eabi/lib/armv7e-m\libc.a(lib_a-mallocr.o)
                0x2001950c                __malloc_max_sbrked_mem
 .bss.__malloc_top_pad
                0x20019510        0x4 c:/program files (x86)/atmel/studio/7.0/toolchain/arm/arm-gnu-toolchain/bin/../lib/gcc/arm-none-eabi/4.9.3/../../../../arm-none-eabi/lib/armv7e-m\libc.a(lib_a-mallocr.o)
                0x20019510                __malloc_top_pad
 .bss.__malloc_current_mallinfo
                0x20019514       0x28 c:/program files (x86)/atmel/studio/7.0/toolchain/arm/arm-gnu-toolchain/bin/../lib/gcc/arm-none-eabi/4.9.3/../../../../arm-none-eabi/lib/armv7e-m\libc.a(lib_a-mallocr.o)
                0x20019514                __malloc_current_mallinfo
 *(COMMON)
 COMMON         0x2001953c        0x6 src/ASF/common/services/sleepmgr/sam/sleepmgr.o
                0x2001953c                sleepmgr_locks
 *fill*         0x20019542        0x2 
 COMMON         0x20019544        0x4 src/ASF/common/utils/stdio/read.o
                0x20019544                ptr_get
 COMMON         0x20019548        0x8 src/ASF/common/utils/stdio/write.o
                0x20019548                ptr_put
                0x2001954c                stdio_base
 COMMON         0x20019550      0x185 src/daikin/wifi/wifi_serial.o
                0x20019550                url_buf
                0x200195d0                serial_buf_test
                0x200196d0                g_virtual_dev
 *fill*         0x200196d5        0x3 
 COMMON         0x200196d8        0x4 c:/program files (x86)/atmel/studio/7.0/toolchain/arm/arm-gnu-toolchain/bin/../lib/gcc/arm-none-eabi/4.9.3/../../../../arm-none-eabi/lib/armv7e-m\libc.a(lib_a-reent.o)
                0x200196d8                errno
                0x200196dc                . = ALIGN (0x4)
                0x200196dc                _ebss = .
                0x200196dc                _ezero = .

.stack          0x200196dc     0x3004 load address 0x0042132c
                0x200196e0                . = ALIGN (0x8)
 *fill*         0x200196dc        0x4 
                0x200196e0                _sstack = .
                0x2001c6e0                . = (. + __stack_size__)
 *fill*         0x200196e0     0x3000 
                0x2001c6e0                . = ALIGN (0x8)
                0x2001c6e0                _estack = .
                0x2001c6e0                . = ALIGN (0x4)
                0x2001c6e0                _end = .
OUTPUT(atmel_iot_gateway.elf elf32-littlearm)

.ARM.attributes
                0x00000000       0x2e
 .ARM.attributes
                0x00000000       0x1e c:/program files (x86)/atmel/studio/7.0/toolchain/arm/arm-gnu-toolchain/bin/../lib/gcc/arm-none-eabi/4.9.3/armv7e-m/crti.o
 .ARM.attributes
                0x0000001e       0x2e c:/program files (x86)/atmel/studio/7.0/toolchain/arm/arm-gnu-toolchain/bin/../lib/gcc/arm-none-eabi/4.9.3/armv7e-m/crtbegin.o
 .ARM.attributes
                0x0000004c       0x37 src/ASF/common/services/clock/samg/sysclk.o
 .ARM.attributes
                0x00000083       0x37 src/ASF/common/services/delay/sam/cycle_counter.o
 .ARM.attributes
                0x000000ba       0x37 src/ASF/common/services/sleepmgr/sam/sleepmgr.o
 .ARM.attributes
                0x000000f1       0x37 src/ASF/common/utils/interrupt/interrupt_sam_nvic.o
 .ARM.attributes
                0x00000128       0x37 src/ASF/common/utils/stdio/read.o
 .ARM.attributes
                0x0000015f       0x37 src/ASF/common/utils/stdio/write.o
 .ARM.attributes
                0x00000196       0x37 src/ASF/sam/boards/samg55_xplained_pro/board_init.o
 .ARM.attributes
                0x000001cd       0x37 src/ASF/sam/drivers/flexcom/flexcom.o
 .ARM.attributes
                0x00000204       0x37 src/ASF/sam/drivers/pdc/pdc.o
 .ARM.attributes
                0x0000023b       0x37 src/ASF/sam/drivers/pio/pio.o
 .ARM.attributes
                0x00000272       0x37 src/ASF/sam/drivers/pio/pio_handler.o
 .ARM.attributes
                0x000002a9       0x37 src/ASF/sam/drivers/pmc/pmc.o
 .ARM.attributes
                0x000002e0       0x37 src/ASF/sam/drivers/usart/usart.o
 .ARM.attributes
                0x00000317       0x37 src/ASF/sam/utils/cmsis/samg/samg55/source/templates/gcc/startup_samg55.o
 .ARM.attributes
                0x0000034e       0x37 src/ASF/sam/utils/cmsis/samg/samg55/source/templates/system_samg55.o
 .ARM.attributes
                0x00000385       0x37 src/ASF/sam/utils/syscalls/gcc/syscalls.o
 .ARM.attributes
                0x000003bc       0x37 src/ASF/thirdparty/freertos/freertos-7.3.0/source/list.o
 .ARM.attributes
                0x000003f3       0x37 src/ASF/thirdparty/freertos/freertos-7.3.0/source/portable/gcc/sam_cm4f/port.o
 .ARM.attributes
                0x0000042a       0x37 src/ASF/thirdparty/freertos/freertos-7.3.0/source/portable/memmang/heap_4.o
 .ARM.attributes
                0x00000461       0x37 src/ASF/thirdparty/freertos/freertos-7.3.0/source/queue.o
 .ARM.attributes
                0x00000498       0x37 src/ASF/thirdparty/freertos/freertos-7.3.0/source/tasks.o
 .ARM.attributes
                0x000004cf       0x37 src/ASF/thirdparty/freertos/freertos-7.3.0/source/timers.o
 .ARM.attributes
                0x00000506       0x37 src/daikin/wifi/wifi_serial.o
 .ARM.attributes
                0x0000053d       0x37 src/main.o
 .ARM.attributes
                0x00000574       0x37 src/misc/debug.o
 .ARM.attributes
                0x000005ab       0x37 src/run-time-stats-utils.o
 .ARM.attributes
                0x000005e2       0x2e c:/program files (x86)/atmel/studio/7.0/toolchain/arm/arm-gnu-toolchain/bin/../lib/gcc/arm-none-eabi/4.9.3/../../../../arm-none-eabi/lib/armv7e-m\libc.a(lib_a-impure.o)
 .ARM.attributes
                0x00000610       0x2e c:/program files (x86)/atmel/studio/7.0/toolchain/arm/arm-gnu-toolchain/bin/../lib/gcc/arm-none-eabi/4.9.3/../../../../arm-none-eabi/lib/armv7e-m\libc.a(lib_a-init.o)
 .ARM.attributes
                0x0000063e       0x2e c:/program files (x86)/atmel/studio/7.0/toolchain/arm/arm-gnu-toolchain/bin/../lib/gcc/arm-none-eabi/4.9.3/../../../../arm-none-eabi/lib/armv7e-m\libc.a(lib_a-iprintf.o)
 .ARM.attributes
                0x0000066c       0x2e c:/program files (x86)/atmel/studio/7.0/toolchain/arm/arm-gnu-toolchain/bin/../lib/gcc/arm-none-eabi/4.9.3/../../../../arm-none-eabi/lib/armv7e-m\libc.a(lib_a-memcmp.o)
 .ARM.attributes
                0x0000069a       0x1c c:/program files (x86)/atmel/studio/7.0/toolchain/arm/arm-gnu-toolchain/bin/../lib/gcc/arm-none-eabi/4.9.3/../../../../arm-none-eabi/lib/armv7e-m\libc.a(lib_a-memcpy.o)
 .ARM.attributes
                0x000006b6       0x2e c:/program files (x86)/atmel/studio/7.0/toolchain/arm/arm-gnu-toolchain/bin/../lib/gcc/arm-none-eabi/4.9.3/../../../../arm-none-eabi/lib/armv7e-m\libc.a(lib_a-memset.o)
 .ARM.attributes
                0x000006e4       0x2e c:/program files (x86)/atmel/studio/7.0/toolchain/arm/arm-gnu-toolchain/bin/../lib/gcc/arm-none-eabi/4.9.3/../../../../arm-none-eabi/lib/armv7e-m\libc.a(lib_a-puts.o)
 .ARM.attributes
                0x00000712       0x2e c:/program files (x86)/atmel/studio/7.0/toolchain/arm/arm-gnu-toolchain/bin/../lib/gcc/arm-none-eabi/4.9.3/../../../../arm-none-eabi/lib/armv7e-m\libc.a(lib_a-setbuf.o)
 .ARM.attributes
                0x00000740       0x2e c:/program files (x86)/atmel/studio/7.0/toolchain/arm/arm-gnu-toolchain/bin/../lib/gcc/arm-none-eabi/4.9.3/../../../../arm-none-eabi/lib/armv7e-m\libc.a(lib_a-setvbuf.o)
 .ARM.attributes
                0x0000076e       0x2e c:/program files (x86)/atmel/studio/7.0/toolchain/arm/arm-gnu-toolchain/bin/../lib/gcc/arm-none-eabi/4.9.3/../../../../arm-none-eabi/lib/armv7e-m\libc.a(lib_a-strlen.o)
 .ARM.attributes
                0x0000079c       0x2e c:/program files (x86)/atmel/studio/7.0/toolchain/arm/arm-gnu-toolchain/bin/../lib/gcc/arm-none-eabi/4.9.3/../../../../arm-none-eabi/lib/armv7e-m\libc.a(lib_a-strncpy.o)
 .ARM.attributes
                0x000007ca       0x2e c:/program files (x86)/atmel/studio/7.0/toolchain/arm/arm-gnu-toolchain/bin/../lib/gcc/arm-none-eabi/4.9.3/../../../../arm-none-eabi/lib/armv7e-m\libc.a(lib_a-vfiprintf.o)
 .ARM.attributes
                0x000007f8       0x2e c:/program files (x86)/atmel/studio/7.0/toolchain/arm/arm-gnu-toolchain/bin/../lib/gcc/arm-none-eabi/4.9.3/../../../../arm-none-eabi/lib/armv7e-m\libc.a(lib_a-wsetup.o)
 .ARM.attributes
                0x00000826       0x2e c:/program files (x86)/atmel/studio/7.0/toolchain/arm/arm-gnu-toolchain/bin/../lib/gcc/arm-none-eabi/4.9.3/../../../../arm-none-eabi/lib/armv7e-m\libc.a(lib_a-__call_atexit.o)
 .ARM.attributes
                0x00000854       0x2e c:/program files (x86)/atmel/studio/7.0/toolchain/arm/arm-gnu-toolchain/bin/../lib/gcc/arm-none-eabi/4.9.3/../../../../arm-none-eabi/lib/armv7e-m\libc.a(lib_a-atexit.o)
 .ARM.attributes
                0x00000882       0x2e c:/program files (x86)/atmel/studio/7.0/toolchain/arm/arm-gnu-toolchain/bin/../lib/gcc/arm-none-eabi/4.9.3/../../../../arm-none-eabi/lib/armv7e-m\libc.a(lib_a-fflush.o)
 .ARM.attributes
                0x000008b0       0x2e c:/program files (x86)/atmel/studio/7.0/toolchain/arm/arm-gnu-toolchain/bin/../lib/gcc/arm-none-eabi/4.9.3/../../../../arm-none-eabi/lib/armv7e-m\libc.a(lib_a-findfp.o)
 .ARM.attributes
                0x000008de       0x2e c:/program files (x86)/atmel/studio/7.0/toolchain/arm/arm-gnu-toolchain/bin/../lib/gcc/arm-none-eabi/4.9.3/../../../../arm-none-eabi/lib/armv7e-m\libc.a(lib_a-fini.o)
 .ARM.attributes
                0x0000090c       0x2e c:/program files (x86)/atmel/studio/7.0/toolchain/arm/arm-gnu-toolchain/bin/../lib/gcc/arm-none-eabi/4.9.3/../../../../arm-none-eabi/lib/armv7e-m\libc.a(lib_a-fputwc.o)
 .ARM.attributes
                0x0000093a       0x2e c:/program files (x86)/atmel/studio/7.0/toolchain/arm/arm-gnu-toolchain/bin/../lib/gcc/arm-none-eabi/4.9.3/../../../../arm-none-eabi/lib/armv7e-m\libc.a(lib_a-freer.o)
 .ARM.attributes
                0x00000968       0x2e c:/program files (x86)/atmel/studio/7.0/toolchain/arm/arm-gnu-toolchain/bin/../lib/gcc/arm-none-eabi/4.9.3/../../../../arm-none-eabi/lib/armv7e-m\libc.a(lib_a-fvwrite.o)
 .ARM.attributes
                0x00000996       0x2e c:/program files (x86)/atmel/studio/7.0/toolchain/arm/arm-gnu-toolchain/bin/../lib/gcc/arm-none-eabi/4.9.3/../../../../arm-none-eabi/lib/armv7e-m\libc.a(lib_a-fwalk.o)
 .ARM.attributes
                0x000009c4       0x2e c:/program files (x86)/atmel/studio/7.0/toolchain/arm/arm-gnu-toolchain/bin/../lib/gcc/arm-none-eabi/4.9.3/../../../../arm-none-eabi/lib/armv7e-m\libc.a(lib_a-locale.o)
 .ARM.attributes
                0x000009f2       0x2e c:/program files (x86)/atmel/studio/7.0/toolchain/arm/arm-gnu-toolchain/bin/../lib/gcc/arm-none-eabi/4.9.3/../../../../arm-none-eabi/lib/armv7e-m\libc.a(lib_a-makebuf.o)
 .ARM.attributes
                0x00000a20       0x2e c:/program files (x86)/atmel/studio/7.0/toolchain/arm/arm-gnu-toolchain/bin/../lib/gcc/arm-none-eabi/4.9.3/../../../../arm-none-eabi/lib/armv7e-m\libc.a(lib_a-malloc.o)
 .ARM.attributes
                0x00000a4e       0x2e c:/program files (x86)/atmel/studio/7.0/toolchain/arm/arm-gnu-toolchain/bin/../lib/gcc/arm-none-eabi/4.9.3/../../../../arm-none-eabi/lib/armv7e-m\libc.a(lib_a-mallocr.o)
 .ARM.attributes
                0x00000a7c       0x2e c:/program files (x86)/atmel/studio/7.0/toolchain/arm/arm-gnu-toolchain/bin/../lib/gcc/arm-none-eabi/4.9.3/../../../../arm-none-eabi/lib/armv7e-m\libc.a(lib_a-memchr.o)
 .ARM.attributes
                0x00000aaa       0x2e c:/program files (x86)/atmel/studio/7.0/toolchain/arm/arm-gnu-toolchain/bin/../lib/gcc/arm-none-eabi/4.9.3/../../../../arm-none-eabi/lib/armv7e-m\libc.a(lib_a-memmove.o)
 .ARM.attributes
                0x00000ad8       0x2e c:/program files (x86)/atmel/studio/7.0/toolchain/arm/arm-gnu-toolchain/bin/../lib/gcc/arm-none-eabi/4.9.3/../../../../arm-none-eabi/lib/armv7e-m\libc.a(lib_a-mlock.o)
 .ARM.attributes
                0x00000b06       0x2e c:/program files (x86)/atmel/studio/7.0/toolchain/arm/arm-gnu-toolchain/bin/../lib/gcc/arm-none-eabi/4.9.3/../../../../arm-none-eabi/lib/armv7e-m\libc.a(lib_a-reallocr.o)
 .ARM.attributes
                0x00000b34       0x2e c:/program files (x86)/atmel/studio/7.0/toolchain/arm/arm-gnu-toolchain/bin/../lib/gcc/arm-none-eabi/4.9.3/../../../../arm-none-eabi/lib/armv7e-m\libc.a(lib_a-sbrkr.o)
 .ARM.attributes
                0x00000b62       0x2e c:/program files (x86)/atmel/studio/7.0/toolchain/arm/arm-gnu-toolchain/bin/../lib/gcc/arm-none-eabi/4.9.3/../../../../arm-none-eabi/lib/armv7e-m\libc.a(lib_a-stdio.o)
 .ARM.attributes
                0x00000b90       0x2e c:/program files (x86)/atmel/studio/7.0/toolchain/arm/arm-gnu-toolchain/bin/../lib/gcc/arm-none-eabi/4.9.3/../../../../arm-none-eabi/lib/armv7e-m\libc.a(lib_a-wbuf.o)
 .ARM.attributes
                0x00000bbe       0x2e c:/program files (x86)/atmel/studio/7.0/toolchain/arm/arm-gnu-toolchain/bin/../lib/gcc/arm-none-eabi/4.9.3/../../../../arm-none-eabi/lib/armv7e-m\libc.a(lib_a-wcrtomb.o)
 .ARM.attributes
                0x00000bec       0x2e c:/program files (x86)/atmel/studio/7.0/toolchain/arm/arm-gnu-toolchain/bin/../lib/gcc/arm-none-eabi/4.9.3/../../../../arm-none-eabi/lib/armv7e-m\libc.a(lib_a-wctomb_r.o)
 .ARM.attributes
                0x00000c1a       0x2e c:/program files (x86)/atmel/studio/7.0/toolchain/arm/arm-gnu-toolchain/bin/../lib/gcc/arm-none-eabi/4.9.3/../../../../arm-none-eabi/lib/armv7e-m\libc.a(lib_a-writer.o)
 .ARM.attributes
                0x00000c48       0x2e c:/program files (x86)/atmel/studio/7.0/toolchain/arm/arm-gnu-toolchain/bin/../lib/gcc/arm-none-eabi/4.9.3/../../../../arm-none-eabi/lib/armv7e-m\libc.a(lib_a-__atexit.o)
 .ARM.attributes
                0x00000c76       0x2e c:/program files (x86)/atmel/studio/7.0/toolchain/arm/arm-gnu-toolchain/bin/../lib/gcc/arm-none-eabi/4.9.3/../../../../arm-none-eabi/lib/armv7e-m\libc.a(lib_a-closer.o)
 .ARM.attributes
                0x00000ca4       0x2e c:/program files (x86)/atmel/studio/7.0/toolchain/arm/arm-gnu-toolchain/bin/../lib/gcc/arm-none-eabi/4.9.3/../../../../arm-none-eabi/lib/armv7e-m\libc.a(lib_a-fclose.o)
 .ARM.attributes
                0x00000cd2       0x2e c:/program files (x86)/atmel/studio/7.0/toolchain/arm/arm-gnu-toolchain/bin/../lib/gcc/arm-none-eabi/4.9.3/../../../../arm-none-eabi/lib/armv7e-m\libc.a(lib_a-fstatr.o)
 .ARM.attributes
                0x00000d00       0x2e c:/program files (x86)/atmel/studio/7.0/toolchain/arm/arm-gnu-toolchain/bin/../lib/gcc/arm-none-eabi/4.9.3/../../../../arm-none-eabi/lib/armv7e-m\libc.a(lib_a-isattyr.o)
 .ARM.attributes
                0x00000d2e       0x2e c:/program files (x86)/atmel/studio/7.0/toolchain/arm/arm-gnu-toolchain/bin/../lib/gcc/arm-none-eabi/4.9.3/../../../../arm-none-eabi/lib/armv7e-m\libc.a(lib_a-lseekr.o)
 .ARM.attributes
                0x00000d5c       0x2e c:/program files (x86)/atmel/studio/7.0/toolchain/arm/arm-gnu-toolchain/bin/../lib/gcc/arm-none-eabi/4.9.3/../../../../arm-none-eabi/lib/armv7e-m\libc.a(lib_a-readr.o)
 .ARM.attributes
                0x00000d8a       0x2e c:/program files (x86)/atmel/studio/7.0/toolchain/arm/arm-gnu-toolchain/bin/../lib/gcc/arm-none-eabi/4.9.3/../../../../arm-none-eabi/lib/armv7e-m\libc.a(lib_a-reent.o)
 .ARM.attributes
                0x00000db8       0x1e c:/program files (x86)/atmel/studio/7.0/toolchain/arm/arm-gnu-toolchain/bin/../lib/gcc/arm-none-eabi/4.9.3/armv7e-m\libgcc.a(_aeabi_uldivmod.o)
 .ARM.attributes
                0x00000dd6       0x2e c:/program files (x86)/atmel/studio/7.0/toolchain/arm/arm-gnu-toolchain/bin/../lib/gcc/arm-none-eabi/4.9.3/armv7e-m\libgcc.a(bpabi.o)
 .ARM.attributes
                0x00000e04       0x1e c:/program files (x86)/atmel/studio/7.0/toolchain/arm/arm-gnu-toolchain/bin/../lib/gcc/arm-none-eabi/4.9.3/armv7e-m\libgcc.a(_dvmd_tls.o)
 .ARM.attributes
                0x00000e22       0x2e c:/program files (x86)/atmel/studio/7.0/toolchain/arm/arm-gnu-toolchain/bin/../lib/gcc/arm-none-eabi/4.9.3/armv7e-m\libgcc.a(_divdi3.o)
 .ARM.attributes
                0x00000e50       0x2e c:/program files (x86)/atmel/studio/7.0/toolchain/arm/arm-gnu-toolchain/bin/../lib/gcc/arm-none-eabi/4.9.3/armv7e-m\libgcc.a(_udivdi3.o)
 .ARM.attributes
                0x00000e7e       0x1e c:/program files (x86)/atmel/studio/7.0/toolchain/arm/arm-gnu-toolchain/bin/../lib/gcc/arm-none-eabi/4.9.3/armv7e-m/crtn.o

.comment        0x00000000       0x5b
 .comment       0x00000000       0x5b src/ASF/common/services/clock/samg/sysclk.o
                                 0x5c (size before relaxing)
 .comment       0x00000000       0x5c src/ASF/common/services/delay/sam/cycle_counter.o
 .comment       0x00000000       0x5c src/ASF/common/services/sleepmgr/sam/sleepmgr.o
 .comment       0x00000000       0x5c src/ASF/common/utils/interrupt/interrupt_sam_nvic.o
 .comment       0x00000000       0x5c src/ASF/common/utils/stdio/read.o
 .comment       0x00000000       0x5c src/ASF/common/utils/stdio/write.o
 .comment       0x00000000       0x5c src/ASF/sam/boards/samg55_xplained_pro/board_init.o
 .comment       0x00000000       0x5c src/ASF/sam/drivers/flexcom/flexcom.o
 .comment       0x00000000       0x5c src/ASF/sam/drivers/pdc/pdc.o
 .comment       0x00000000       0x5c src/ASF/sam/drivers/pio/pio.o
 .comment       0x00000000       0x5c src/ASF/sam/drivers/pio/pio_handler.o
 .comment       0x00000000       0x5c src/ASF/sam/drivers/pmc/pmc.o
 .comment       0x00000000       0x5c src/ASF/sam/drivers/usart/usart.o
 .comment       0x00000000       0x5c src/ASF/sam/utils/cmsis/samg/samg55/source/templates/gcc/startup_samg55.o
 .comment       0x00000000       0x5c src/ASF/sam/utils/cmsis/samg/samg55/source/templates/system_samg55.o
 .comment       0x00000000       0x5c src/ASF/sam/utils/syscalls/gcc/syscalls.o
 .comment       0x00000000       0x5c src/ASF/thirdparty/freertos/freertos-7.3.0/source/list.o
 .comment       0x00000000       0x5c src/ASF/thirdparty/freertos/freertos-7.3.0/source/portable/gcc/sam_cm4f/port.o
 .comment       0x00000000       0x5c src/ASF/thirdparty/freertos/freertos-7.3.0/source/portable/memmang/heap_4.o
 .comment       0x00000000       0x5c src/ASF/thirdparty/freertos/freertos-7.3.0/source/queue.o
 .comment       0x00000000       0x5c src/ASF/thirdparty/freertos/freertos-7.3.0/source/tasks.o
 .comment       0x00000000       0x5c src/ASF/thirdparty/freertos/freertos-7.3.0/source/timers.o
 .comment       0x00000000       0x5c src/daikin/wifi/wifi_serial.o
 .comment       0x00000000       0x5c src/main.o
 .comment       0x00000000       0x5c src/misc/debug.o
 .comment       0x00000000       0x5c src/run-time-stats-utils.o

.debug_info     0x00000000    0x13dc8
 .debug_info    0x00000000      0x7a6 src/ASF/common/services/clock/samg/sysclk.o
 .debug_info    0x000007a6      0x134 src/ASF/common/services/delay/sam/cycle_counter.o
 .debug_info    0x000008da      0x172 src/ASF/common/services/sleepmgr/sam/sleepmgr.o
 .debug_info    0x00000a4c      0x1e8 src/ASF/common/utils/interrupt/interrupt_sam_nvic.o
 .debug_info    0x00000c34      0x1be src/ASF/common/utils/stdio/read.o
 .debug_info    0x00000df2      0x1c0 src/ASF/common/utils/stdio/write.o
 .debug_info    0x00000fb2     0x129f src/ASF/sam/boards/samg55_xplained_pro/board_init.o
 .debug_info    0x00002251      0xa6e src/ASF/sam/drivers/flexcom/flexcom.o
 .debug_info    0x00002cbf      0x4ab src/ASF/sam/drivers/pdc/pdc.o
 .debug_info    0x0000316a     0x145d src/ASF/sam/drivers/pio/pio.o
 .debug_info    0x000045c7      0xe23 src/ASF/sam/drivers/pio/pio_handler.o
 .debug_info    0x000053ea     0x12d2 src/ASF/sam/drivers/pmc/pmc.o
 .debug_info    0x000066bc     0x1a01 src/ASF/sam/drivers/usart/usart.o
 .debug_info    0x000080bd      0xa18 src/ASF/sam/utils/cmsis/samg/samg55/source/templates/gcc/startup_samg55.o
 .debug_info    0x00008ad5      0x54f src/ASF/sam/utils/cmsis/samg/samg55/source/templates/system_samg55.o
 .debug_info    0x00009024      0x43f src/ASF/sam/utils/syscalls/gcc/syscalls.o
 .debug_info    0x00009463      0x2b7 src/ASF/thirdparty/freertos/freertos-7.3.0/source/list.o
 .debug_info    0x0000971a      0x3b2 src/ASF/thirdparty/freertos/freertos-7.3.0/source/portable/gcc/sam_cm4f/port.o
 .debug_info    0x00009acc      0x3ba src/ASF/thirdparty/freertos/freertos-7.3.0/source/portable/memmang/heap_4.o
 .debug_info    0x00009e86     0x1128 src/ASF/thirdparty/freertos/freertos-7.3.0/source/queue.o
 .debug_info    0x0000afae     0x1cb1 src/ASF/thirdparty/freertos/freertos-7.3.0/source/tasks.o
 .debug_info    0x0000cc5f      0xbba src/ASF/thirdparty/freertos/freertos-7.3.0/source/timers.o
 .debug_info    0x0000d819     0x4b1b src/daikin/wifi/wifi_serial.o
 .debug_info    0x00012334     0x175d src/main.o
 .debug_info    0x00013a91       0xfc src/misc/debug.o
 .debug_info    0x00013b8d      0x23b src/run-time-stats-utils.o

.debug_abbrev   0x00000000     0x33ed
 .debug_abbrev  0x00000000      0x232 src/ASF/common/services/clock/samg/sysclk.o
 .debug_abbrev  0x00000232       0x9d src/ASF/common/services/delay/sam/cycle_counter.o
 .debug_abbrev  0x000002cf       0xa9 src/ASF/common/services/sleepmgr/sam/sleepmgr.o
 .debug_abbrev  0x00000378       0xef src/ASF/common/utils/interrupt/interrupt_sam_nvic.o
 .debug_abbrev  0x00000467      0x101 src/ASF/common/utils/stdio/read.o
 .debug_abbrev  0x00000568       0xf5 src/ASF/common/utils/stdio/write.o
 .debug_abbrev  0x0000065d      0x2ac src/ASF/sam/boards/samg55_xplained_pro/board_init.o
 .debug_abbrev  0x00000909      0x24d src/ASF/sam/drivers/flexcom/flexcom.o
 .debug_abbrev  0x00000b56      0x13b src/ASF/sam/drivers/pdc/pdc.o
 .debug_abbrev  0x00000c91      0x2ed src/ASF/sam/drivers/pio/pio.o
 .debug_abbrev  0x00000f7e      0x257 src/ASF/sam/drivers/pio/pio_handler.o
 .debug_abbrev  0x000011d5      0x2af src/ASF/sam/drivers/pmc/pmc.o
 .debug_abbrev  0x00001484      0x2eb src/ASF/sam/drivers/usart/usart.o
 .debug_abbrev  0x0000176f      0x201 src/ASF/sam/utils/cmsis/samg/samg55/source/templates/gcc/startup_samg55.o
 .debug_abbrev  0x00001970       0xf5 src/ASF/sam/utils/cmsis/samg/samg55/source/templates/system_samg55.o
 .debug_abbrev  0x00001a65      0x14e src/ASF/sam/utils/syscalls/gcc/syscalls.o
 .debug_abbrev  0x00001bb3       0xfb src/ASF/thirdparty/freertos/freertos-7.3.0/source/list.o
 .debug_abbrev  0x00001cae      0x242 src/ASF/thirdparty/freertos/freertos-7.3.0/source/portable/gcc/sam_cm4f/port.o
 .debug_abbrev  0x00001ef0      0x23c src/ASF/thirdparty/freertos/freertos-7.3.0/source/portable/memmang/heap_4.o
 .debug_abbrev  0x0000212c      0x269 src/ASF/thirdparty/freertos/freertos-7.3.0/source/queue.o
 .debug_abbrev  0x00002395      0x305 src/ASF/thirdparty/freertos/freertos-7.3.0/source/tasks.o
 .debug_abbrev  0x0000269a      0x279 src/ASF/thirdparty/freertos/freertos-7.3.0/source/timers.o
 .debug_abbrev  0x00002913      0x52c src/daikin/wifi/wifi_serial.o
 .debug_abbrev  0x00002e3f      0x3d5 src/main.o
 .debug_abbrev  0x00003214       0x91 src/misc/debug.o
 .debug_abbrev  0x000032a5      0x148 src/run-time-stats-utils.o

.debug_loc      0x00000000     0x8eda
 .debug_loc     0x00000000       0xed src/ASF/common/services/clock/samg/sysclk.o
 .debug_loc     0x000000ed       0x1e src/ASF/common/utils/interrupt/interrupt_sam_nvic.o
 .debug_loc     0x0000010b      0x107 src/ASF/common/utils/stdio/read.o
 .debug_loc     0x00000212      0x15d src/ASF/common/utils/stdio/write.o
 .debug_loc     0x0000036f       0xbc src/ASF/sam/boards/samg55_xplained_pro/board_init.o
 .debug_loc     0x0000042b      0x320 src/ASF/sam/drivers/flexcom/flexcom.o
 .debug_loc     0x0000074b      0x1c3 src/ASF/sam/drivers/pdc/pdc.o
 .debug_loc     0x0000090e      0xb2d src/ASF/sam/drivers/pio/pio.o
 .debug_loc     0x0000143b      0x533 src/ASF/sam/drivers/pio/pio_handler.o
 .debug_loc     0x0000196e      0xe42 src/ASF/sam/drivers/pmc/pmc.o
 .debug_loc     0x000027b0     0x117f src/ASF/sam/drivers/usart/usart.o
 .debug_loc     0x0000392f       0x5e src/ASF/sam/utils/cmsis/samg/samg55/source/templates/gcc/startup_samg55.o
 .debug_loc     0x0000398d      0x12b src/ASF/sam/utils/syscalls/gcc/syscalls.o
 .debug_loc     0x00003ab8       0x91 src/ASF/thirdparty/freertos/freertos-7.3.0/source/list.o
 .debug_loc     0x00003b49      0x10e src/ASF/thirdparty/freertos/freertos-7.3.0/source/portable/gcc/sam_cm4f/port.o
 .debug_loc     0x00003c57      0x3a6 src/ASF/thirdparty/freertos/freertos-7.3.0/source/portable/memmang/heap_4.o
 .debug_loc     0x00003ffd      0xec8 src/ASF/thirdparty/freertos/freertos-7.3.0/source/queue.o
 .debug_loc     0x00004ec5     0x1510 src/ASF/thirdparty/freertos/freertos-7.3.0/source/tasks.o
 .debug_loc     0x000063d5      0x9c0 src/ASF/thirdparty/freertos/freertos-7.3.0/source/timers.o
 .debug_loc     0x00006d95     0x1bef src/daikin/wifi/wifi_serial.o
 .debug_loc     0x00008984      0x4ab src/main.o
 .debug_loc     0x00008e2f       0x20 src/misc/debug.o
 .debug_loc     0x00008e4f       0x8b src/run-time-stats-utils.o

.debug_aranges  0x00000000      0xd70
 .debug_aranges
                0x00000000       0x30 src/ASF/common/services/clock/samg/sysclk.o
 .debug_aranges
                0x00000030       0x20 src/ASF/common/services/delay/sam/cycle_counter.o
 .debug_aranges
                0x00000050       0x18 src/ASF/common/services/sleepmgr/sam/sleepmgr.o
 .debug_aranges
                0x00000068       0x28 src/ASF/common/utils/interrupt/interrupt_sam_nvic.o
 .debug_aranges
                0x00000090       0x20 src/ASF/common/utils/stdio/read.o
 .debug_aranges
                0x000000b0       0x20 src/ASF/common/utils/stdio/write.o
 .debug_aranges
                0x000000d0       0x28 src/ASF/sam/boards/samg55_xplained_pro/board_init.o
 .debug_aranges
                0x000000f8       0x48 src/ASF/sam/drivers/flexcom/flexcom.o
 .debug_aranges
                0x00000140       0x88 src/ASF/sam/drivers/pdc/pdc.o
 .debug_aranges
                0x000001c8      0x160 src/ASF/sam/drivers/pio/pio.o
 .debug_aranges
                0x00000328       0x48 src/ASF/sam/drivers/pio/pio_handler.o
 .debug_aranges
                0x00000370      0x240 src/ASF/sam/drivers/pmc/pmc.o
 .debug_aranges
                0x000005b0      0x258 src/ASF/sam/drivers/usart/usart.o
 .debug_aranges
                0x00000808       0x28 src/ASF/sam/utils/cmsis/samg/samg55/source/templates/gcc/startup_samg55.o
 .debug_aranges
                0x00000830       0x30 src/ASF/sam/utils/cmsis/samg/samg55/source/templates/system_samg55.o
 .debug_aranges
                0x00000860       0x60 src/ASF/sam/utils/syscalls/gcc/syscalls.o
 .debug_aranges
                0x000008c0       0x40 src/ASF/thirdparty/freertos/freertos-7.3.0/source/list.o
 .debug_aranges
                0x00000900       0x88 src/ASF/thirdparty/freertos/freertos-7.3.0/source/portable/gcc/sam_cm4f/port.o
 .debug_aranges
                0x00000988       0x40 src/ASF/thirdparty/freertos/freertos-7.3.0/source/portable/memmang/heap_4.o
 .debug_aranges
                0x000009c8       0xd0 src/ASF/thirdparty/freertos/freertos-7.3.0/source/queue.o
 .debug_aranges
                0x00000a98      0x148 src/ASF/thirdparty/freertos/freertos-7.3.0/source/tasks.o
 .debug_aranges
                0x00000be0       0x60 src/ASF/thirdparty/freertos/freertos-7.3.0/source/timers.o
 .debug_aranges
                0x00000c40       0x90 src/daikin/wifi/wifi_serial.o
 .debug_aranges
                0x00000cd0       0x58 src/main.o
 .debug_aranges
                0x00000d28       0x20 src/misc/debug.o
 .debug_aranges
                0x00000d48       0x28 src/run-time-stats-utils.o

.debug_ranges   0x00000000      0xc90
 .debug_ranges  0x00000000       0x20 src/ASF/common/services/clock/samg/sysclk.o
 .debug_ranges  0x00000020       0x10 src/ASF/common/services/delay/sam/cycle_counter.o
 .debug_ranges  0x00000030       0x18 src/ASF/common/utils/interrupt/interrupt_sam_nvic.o
 .debug_ranges  0x00000048       0x10 src/ASF/common/utils/stdio/read.o
 .debug_ranges  0x00000058       0x10 src/ASF/common/utils/stdio/write.o
 .debug_ranges  0x00000068       0x18 src/ASF/sam/boards/samg55_xplained_pro/board_init.o
 .debug_ranges  0x00000080       0x38 src/ASF/sam/drivers/flexcom/flexcom.o
 .debug_ranges  0x000000b8       0x78 src/ASF/sam/drivers/pdc/pdc.o
 .debug_ranges  0x00000130      0x150 src/ASF/sam/drivers/pio/pio.o
 .debug_ranges  0x00000280       0x38 src/ASF/sam/drivers/pio/pio_handler.o
 .debug_ranges  0x000002b8      0x230 src/ASF/sam/drivers/pmc/pmc.o
 .debug_ranges  0x000004e8      0x248 src/ASF/sam/drivers/usart/usart.o
 .debug_ranges  0x00000730       0x18 src/ASF/sam/utils/cmsis/samg/samg55/source/templates/gcc/startup_samg55.o
 .debug_ranges  0x00000748       0x20 src/ASF/sam/utils/cmsis/samg/samg55/source/templates/system_samg55.o
 .debug_ranges  0x00000768       0x50 src/ASF/sam/utils/syscalls/gcc/syscalls.o
 .debug_ranges  0x000007b8       0x30 src/ASF/thirdparty/freertos/freertos-7.3.0/source/list.o
 .debug_ranges  0x000007e8       0x78 src/ASF/thirdparty/freertos/freertos-7.3.0/source/portable/gcc/sam_cm4f/port.o
 .debug_ranges  0x00000860       0x30 src/ASF/thirdparty/freertos/freertos-7.3.0/source/portable/memmang/heap_4.o
 .debug_ranges  0x00000890       0xc0 src/ASF/thirdparty/freertos/freertos-7.3.0/source/queue.o
 .debug_ranges  0x00000950      0x168 src/ASF/thirdparty/freertos/freertos-7.3.0/source/tasks.o
 .debug_ranges  0x00000ab8       0xb0 src/ASF/thirdparty/freertos/freertos-7.3.0/source/timers.o
 .debug_ranges  0x00000b68       0xb8 src/daikin/wifi/wifi_serial.o
 .debug_ranges  0x00000c20       0x48 src/main.o
 .debug_ranges  0x00000c68       0x10 src/misc/debug.o
 .debug_ranges  0x00000c78       0x18 src/run-time-stats-utils.o

.debug_macro    0x00000000     0x9b7f
 .debug_macro   0x00000000      0x617 src/ASF/common/services/clock/samg/sysclk.o
 .debug_macro   0x00000617       0x28 src/ASF/common/services/clock/samg/sysclk.o
 .debug_macro   0x0000063f      0x242 src/ASF/common/services/clock/samg/sysclk.o
 .debug_macro   0x00000881       0x28 src/ASF/common/services/clock/samg/sysclk.o
 .debug_macro   0x000008a9      0xa22 src/ASF/common/services/clock/samg/sysclk.o
 .debug_macro   0x000012cb       0x76 src/ASF/common/services/clock/samg/sysclk.o
 .debug_macro   0x00001341       0x64 src/ASF/common/services/clock/samg/sysclk.o
 .debug_macro   0x000013a5       0x40 src/ASF/common/services/clock/samg/sysclk.o
 .debug_macro   0x000013e5       0x90 src/ASF/common/services/clock/samg/sysclk.o
 .debug_macro   0x00001475       0x9a src/ASF/common/services/clock/samg/sysclk.o
 .debug_macro   0x0000150f      0x58a src/ASF/common/services/delay/sam/cycle_counter.o
 .debug_macro   0x00001a99       0x22 src/ASF/common/services/delay/sam/cycle_counter.o
 .debug_macro   0x00001abb      0x5a2 src/ASF/common/services/sleepmgr/sam/sleepmgr.o